Component: ARM Compiler 5.06 update 6 (build 750) Tool: armlink [4d35ed]

==============================================================================

Section Cross References

    main.o(i.ADC_DisplayStaticText) refers to glcd_mcb1700.o(i.GLCD_ClearScreen) for GLCD_ClearScreen
    main.o(i.ADC_DisplayStaticText) refers to glcd_mcb1700.o(i.GLCD_SetForegroundColor) for GLCD_SetForegroundColor
    main.o(i.ADC_DisplayStaticText) refers to glcd_mcb1700.o(i.GLCD_DrawString) for GLCD_DrawString
    main.o(i.ADC_DisplayStaticText) refers to main.o(i.SelectColor) for SelectColor
    main.o(i.ADC_Threshold_JoystickControl) refers to main.o(.data) for .data
    main.o(i.ADC_Threshold_JoystickControl) refers to main.o(.bss) for .bss
    main.o(i.ADC_Threshold_Set) refers to main.o(i.ADC_DisplayStaticText) for ADC_DisplayStaticText
    main.o(i.ADC_Threshold_Set) refers to main.o(i.DisplayADC_Threshold) for DisplayADC_Threshold
    main.o(i.ADC_Threshold_Set) refers to main.o(i.Joy_stick_scan) for Joy_stick_scan
    main.o(i.ADC_Threshold_Set) refers to main.o(i.ADC_Threshold_JoystickControl) for ADC_Threshold_JoystickControl
    main.o(i.ADC_Threshold_Set) refers to main.o(i.GLCD_intro_text) for GLCD_intro_text
    main.o(i.ADC_Threshold_Set) refers to main.o(.data) for .data
    main.o(i.DisplayADCValue) refers to _printf_pad.o(.text) for _printf_pre_padding
    main.o(i.DisplayADCValue) refers to _printf_percent.o(.ARM.Collect$$_printf_percent$$00000000) for _printf_percent
    main.o(i.DisplayADCValue) refers to _printf_d.o(.ARM.Collect$$_printf_percent$$00000009) for _printf_d
    main.o(i.DisplayADCValue) refers to _printf_dec.o(.text) for _printf_int_dec
    main.o(i.DisplayADCValue) refers to noretval__2sprintf.o(.text) for __2sprintf
    main.o(i.DisplayADCValue) refers to glcd_mcb1700.o(i.GLCD_DrawString) for GLCD_DrawString
    main.o(i.DisplayADCValue) refers to main.o(.bss) for .bss
    main.o(i.DisplayADCValue) refers to main.o(.data) for .data
    main.o(i.DisplayADC_Threshold) refers to _printf_pad.o(.text) for _printf_pre_padding
    main.o(i.DisplayADC_Threshold) refers to _printf_percent.o(.ARM.Collect$$_printf_percent$$00000000) for _printf_percent
    main.o(i.DisplayADC_Threshold) refers to _printf_d.o(.ARM.Collect$$_printf_percent$$00000009) for _printf_d
    main.o(i.DisplayADC_Threshold) refers to _printf_dec.o(.text) for _printf_int_dec
    main.o(i.DisplayADC_Threshold) refers to noretval__2sprintf.o(.text) for __2sprintf
    main.o(i.DisplayADC_Threshold) refers to glcd_mcb1700.o(i.GLCD_DrawString) for GLCD_DrawString
    main.o(i.DisplayADC_Threshold) refers to main.o(.bss) for .bss
    main.o(i.DisplayADC_Threshold) refers to main.o(i.Display_Pump_Duration) for i.Display_Pump_Duration
    main.o(i.DisplayLightStatus) refers to _printf_pad.o(.text) for _printf_pre_padding
    main.o(i.DisplayLightStatus) refers to _printf_percent.o(.ARM.Collect$$_printf_percent$$00000000) for _printf_percent
    main.o(i.DisplayLightStatus) refers to _printf_d.o(.ARM.Collect$$_printf_percent$$00000009) for _printf_d
    main.o(i.DisplayLightStatus) refers to _printf_dec.o(.text) for _printf_int_dec
    main.o(i.DisplayLightStatus) refers to noretval__2sprintf.o(.text) for __2sprintf
    main.o(i.DisplayLightStatus) refers to glcd_mcb1700.o(i.GLCD_DrawString) for GLCD_DrawString
    main.o(i.DisplayLightStatus) refers to light_on_off.o(i.light_off) for light_off
    main.o(i.DisplayLightStatus) refers to light_on_off.o(i.light_on) for light_on
    main.o(i.DisplayLightStatus) refers to main.o(.data) for .data
    main.o(i.DisplayMoistStatus) refers to _printf_pad.o(.text) for _printf_pre_padding
    main.o(i.DisplayMoistStatus) refers to _printf_percent.o(.ARM.Collect$$_printf_percent$$00000000) for _printf_percent
    main.o(i.DisplayMoistStatus) refers to _printf_d.o(.ARM.Collect$$_printf_percent$$00000009) for _printf_d
    main.o(i.DisplayMoistStatus) refers to _printf_dec.o(.text) for _printf_int_dec
    main.o(i.DisplayMoistStatus) refers to noretval__2sprintf.o(.text) for __2sprintf
    main.o(i.DisplayMoistStatus) refers to glcd_mcb1700.o(i.GLCD_DrawString) for GLCD_DrawString
    main.o(i.DisplayMoistStatus) refers to light_on_off.o(i.light_off) for light_off
    main.o(i.DisplayMoistStatus) refers to light_on_off.o(i.light_on) for light_on
    main.o(i.DisplayMoistStatus) refers to main.o(.data) for .data
    main.o(i.DisplayPumpStatus) refers to main.o(i.SelectColor) for SelectColor
    main.o(i.DisplayPumpStatus) refers to glcd_mcb1700.o(i.GLCD_DrawString) for GLCD_DrawString
    main.o(i.DisplayPumpStatus) refers to main.o(i.checkRemainTime) for checkRemainTime
    main.o(i.DisplayPumpStatus) refers to main.o(.data) for .data
    main.o(i.DisplayPumpStatus) refers to main.o(.bss) for .bss
    main.o(i.DisplayStaticText) refers to glcd_mcb1700.o(i.GLCD_ClearScreen) for GLCD_ClearScreen
[...]
    pend_flags                               0x1000017e   Data           1  rt_system.o(.data)
    .data                                    0x10000184   Section        4  rt_time.o(.data)
    .data                                    0x10000188   Section        8  rt_robin.o(.data)
    .data                                    0x10000190   Section        1  hal_cm.o(.data)
    .bss                                     0x10000194   Section       16  main.o(.bss)
    .bss                                     0x100001a4   Section       24  main.o(.bss)
    .bss                                     0x100001bc   Section       32  rtx_conf_cm.o(.bss)
    .bss                                     0x100001dc   Section      376  rtx_conf_cm.o(.bss)
    .bss                                     0x10000358   Section     2416  rtx_conf_cm.o(.bss)
    .bss                                     0x10000cc8   Section      632  rtx_conf_cm.o(.bss)
    .bss                                     0x10000f40   Section      132  rtx_conf_cm.o(.bss)
    .bss                                     0x10000fc4   Section       28  rtx_conf_cm.o(.bss)
    .bss                                     0x10000fe0   Section       12  ssp_lpc17xx.o(.bss)
    SSP1_Info                                0x10000fe0   Data          12  ssp_lpc17xx.o(.bss)
    .bss                                     0x10000fec   Section       28  ssp_lpc17xx.o(.bss)
    SSP1_Xfer                                0x10000fec   Data          28  ssp_lpc17xx.o(.bss)
    .bss                                     0x10001008   Section      160  gpdma_lpc17xx.o(.bss)
    Channel_info                             0x10001008   Data         160  gpdma_lpc17xx.o(.bss)
    .bss                                     0x100010a8   Section       52  rt_task.o(.bss)
    .bss                                     0x100010dc   Section       48  rt_list.o(.bss)
    .bss                                     0x1000110c   Section       96  libspace.o(.bss)
    HEAP                                     0x10001170   Section        0  startup_lpc17xx.o(HEAP)
    STACK                                    0x10001170   Section      512  startup_lpc17xx.o(STACK)
    Heap_Mem                                 0x10001170   Data           0  startup_lpc17xx.o(HEAP)
    Stack_Mem                                0x10001170   Data         512  startup_lpc17xx.o(STACK)
    __initial_sp                             0x10001370   Data           0  startup_lpc17xx.o(STACK)

    Global Symbols

    Symbol Name                              Value     Ov Type        Size  Object(Section)

    BuildAttributes$$THM_ISAv4$P$D$K$B$S$PE$A:L22UL41UL21$X:L11$S22US41US21$IEEE1$IW$USESV6$~STKCKD$USESV7$~SHL$OSPACE$ROPI$EBA8$UX$STANDARDLIB$REQ8$PRES8$EABIv2 0x00000000   Number         0  anon$$obj.o ABSOLUTE
    __ARM_use_no_argv                        0x00000000   Number         0  main.o ABSOLUTE
    __Vectors                                0x00000000   Data           4  startup_lpc17xx.o(RESET)
    _printf_flags                            0x00000000   Number         0  printf_stubs.o ABSOLUTE
    _printf_return_value                     0x00000000   Number         0  printf_stubs.o ABSOLUTE
    _printf_sizespec                         0x00000000   Number         0  printf_stubs.o ABSOLUTE
    _printf_widthprec                        0x00000000   Number         0  printf_stubs.o ABSOLUTE
    __ARM_exceptions_init                     - Undefined Weak Reference
    __alloca_initialize                       - Undefined Weak Reference
    __arm_preinit_                            - Undefined Weak Reference
    __cpp_initialize__aeabi_                  - Undefined Weak Reference
    __cxa_finalize                            - Undefined Weak Reference
    __rt_locale                               - Undefined Weak Reference
    __sigvec_lookup                           - Undefined Weak Reference
    _atexit_init                              - Undefined Weak Reference
    _call_atexit_fns                          - Undefined Weak Reference
    _clock_init                               - Undefined Weak Reference
    _fp_trap_init                             - Undefined Weak Reference
    _fp_trap_shutdown                         - Undefined Weak Reference
    _get_lc_collate                           - Undefined Weak Reference
    _get_lc_ctype                             - Undefined Weak Reference
    _get_lc_monetary                          - Undefined Weak Reference
    _get_lc_numeric                           - Undefined Weak Reference
    _get_lc_time                              - Undefined Weak Reference
    _getenv_init                              - Undefined Weak Reference
    _handle_redirection                       - Undefined Weak Reference
    _init_alloc                               - Undefined Weak Reference
    _init_user_alloc                          - Undefined Weak Reference
    _initio                                   - Undefined Weak Reference
    _printf_truncate_signed                   - Undefined Weak Reference
    _printf_truncate_unsigned                 - Undefined Weak Reference
    _rand_init                                - Undefined Weak Reference
    _signal_finish                            - Undefined Weak Reference
    _signal_init                              - Undefined Weak Reference
    _terminate_alloc                          - Undefined Weak Reference
    _terminate_user_alloc                     - Undefined Weak Reference
    _terminateio                              - Undefined Weak Reference
    __main                                   0x000000cd   Thumb Code     8  __main.o(!!!main)
    __scatterload                            0x000000d5   Thumb Code     0  __scatter.o(!!!scatter)
    __scatterload_rt2                        0x000000d5   Thumb Code    44  __scatter.o(!!!scatter)
    __scatterload_rt2_thumb_only             0x000000d5   Thumb Code     0  __scatter.o(!!!scatter)
    __scatterload_null                       0x000000e3   Thumb Code     0  __scatter.o(!!!scatter)
    __decompress                             0x00000109   Thumb Code    90  __dczerorl2.o(!!dczerorl2)
    __decompress1                            0x00000109   Thumb Code     0  __dczerorl2.o(!!dczerorl2)
    __scatterload_zeroinit                   0x00000165   Thumb Code    28  __scatter_zi.o(!!handler_zi)
    _printf_d                                0x00000181   Thumb Code     0  _printf_d.o(.ARM.Collect$$_printf_percent$$00000009)
    _printf_percent                          0x00000181   Thumb Code     0  _printf_percent.o(.ARM.Collect$$_printf_percent$$00000000)
    _printf_percent_end                      0x00000187   Thumb Code     0  _printf_percent_end.o(.ARM.Collect$$_printf_percent$$00000017)
    __rt_lib_init                            0x0000018b   Thumb Code     0  libinit.o(.ARM.Collect$$libinit$$00000000)
    __rt_lib_init_alloca_1                   0x0000018d   Thumb Code     0  libinit2.o(.ARM.Collect$$libinit$$0000002E)
    __rt_lib_init_argv_1                     0x0000018d   Thumb Code     0  libinit2.o(.ARM.Collect$$libinit$$0000002C)
    __rt_lib_init_atexit_1                   0x0000018d   Thumb Code     0  libinit2.o(.ARM.Collect$$libinit$$0000001B)
    __rt_lib_init_clock_1                    0x0000018d   Thumb Code     0  libinit2.o(.ARM.Collect$$libinit$$00000021)
    __rt_lib_init_cpp_1                      0x0000018d   Thumb Code     0  libinit2.o(.ARM.Collect$$libinit$$00000032)
    __rt_lib_init_exceptions_1               0x0000018d   Thumb Code     0  libinit2.o(.ARM.Collect$$libinit$$00000030)
    __rt_lib_init_fp_1                       0x0000018d   Thumb Code     0  libinit2.o(.ARM.Collect$$libinit$$00000002)
    __rt_lib_init_fp_trap_1                  0x0000018d   Thumb Code     0  libinit2.o(.ARM.Collect$$libinit$$0000001F)
    __rt_lib_init_getenv_1                   0x0000018d   Thumb Code     0  libinit2.o(.ARM.Collect$$libinit$$00000023)
    __rt_lib_init_heap_1                     0x0000018d   Thumb Code     0  libinit2.o(.ARM.Collect$$libinit$$0000000A)
    __rt_lib_init_lc_collate_1               0x0000018d   Thumb Code     0  libinit2.o(.ARM.Collect$$libinit$$00000011)
    __rt_lib_init_lc_ctype_1                 0x0000018d   Thumb Code     0  libinit2.o(.ARM.Collect$$libinit$$00000013)
    __rt_lib_init_lc_monetary_1              0x0000018d   Thumb Code     0  libinit2.o(.ARM.Collect$$libinit$$00000015)
    __rt_lib_init_lc_numeric_1               0x0000018d   Thumb Code     0  libinit2.o(.ARM.Collect$$libinit$$00000017)
    __rt_lib_init_lc_time_1                  0x0000018d   Thumb Code     0  libinit2.o(.ARM.Collect$$libinit$$00000019)
    __rt_lib_init_preinit_1                  0x0000018d   Thumb Code     0  libinit2.o(.ARM.Collect$$libinit$$00000004)
    __rt_lib_init_rand_1                     0x0000018d   Thumb Code     0  libinit2.o(.ARM.Collect$$libinit$$0000000E)
    __rt_lib_init_return                     0x0000018d   Thumb Code     0  libinit2.o(.ARM.Collect$$libinit$$00000033)
    __rt_lib_init_signal_1                   0x0000018d   Thumb Code     0  libinit2.o(.ARM.Collect$$libinit$$0000001D)
    __rt_lib_init_stdio_1                    0x0000018d   Thumb Code     0  libinit2.o(.ARM.Collect$$libinit$$00000025)
    __rt_lib_init_user_alloc_1               0x0000018d   Thumb Code     0  libinit2.o(.ARM.Collect$$libinit$$0000000C)
    __rt_lib_shutdown                        0x0000018f   Thumb Code     0  libshutdown.o(.ARM.Collect$$libshutdown$$00000000)
    __rt_lib_shutdown_cpp_1                  0x00000191   Thumb Code     0  libshutdown2.o(.ARM.Collect$$libshutdown$$00000002)
    __rt_lib_shutdown_fp_trap_1              0x00000191   Thumb Code     0  libshutdown2.o(.ARM.Collect$$libshutdown$$00000007)
    __rt_lib_shutdown_heap_1                 0x00000191   Thumb Code     0  libshutdown2.o(.ARM.Collect$$libshutdown$$0000000F)
    __rt_lib_shutdown_return                 0x00000191   Thumb Code     0  libshutdown2.o(.ARM.Collect$$libshutdown$$00000010)
    __rt_lib_shutdown_signal_1               0x00000191   Thumb Code     0  libshutdown2.o(.ARM.Collect$$libshutdown$$0000000A)
    __rt_lib_shutdown_stdio_1                0x00000191   Thumb Code     0  libshutdown2.o(.ARM.Collect$$libshutdown$$00000004)
    __rt_lib_shutdown_user_alloc_1           0x00000191   Thumb Code     0  libshutdown2.o(.ARM.Collect$$libshutdown$$0000000C)
    __rt_entry                               0x00000193   Thumb Code     0  __rtentry.o(.ARM.Collect$$rtentry$$00000000)
    __rt_entry_presh_1                       0x00000193   Thumb Code     0  __rtentry2.o(.ARM.Collect$$rtentry$$00000002)
    __rt_entry_sh                            0x00000193   Thumb Code     0  __rtentry4.o(.ARM.Collect$$rtentry$$00000004)
    __rt_entry_li                            0x00000199   Thumb Code     0  __rtentry2.o(.ARM.Collect$$rtentry$$0000000A)
    __rt_entry_postsh_1                      0x00000199   Thumb Code     0  __rtentry2.o(.ARM.Collect$$rtentry$$00000009)
    __rt_entry_postli_1                      0x0000019d   Thumb Code     0  __rtentry2.o(.ARM.Collect$$rtentry$$0000000B)
    __rt_entry_main                          0x000001a5   Thumb Code     0  __rtentry2.o(.ARM.Collect$$rtentry$$0000000D)
    __rt_exit                                0x000001ad   Thumb Code     0  rtexit.o(.ARM.Collect$$rtexit$$00000000)
    __rt_exit_ls                             0x000001af   Thumb Code     0  rtexit2.o(.ARM.Collect$$rtexit$$00000003)
    __rt_exit_prels_1                        0x000001af   Thumb Code     0  rtexit2.o(.ARM.Collect$$rtexit$$00000002)
    __rt_exit_exit                           0x000001b3   Thumb Code     0  rtexit2.o(.ARM.Collect$$rtexit$$00000004)
    _platform_post_lib_init                  0x000001b9   Thumb Code    24  rtx_conf_cm.o(.emb_text)
    Reset_Handler                            0x000001d5   Thumb Code     8  startup_lpc17xx.o(.text)
    NMI_Handler                              0x000001dd   Thumb Code     2  startup_lpc17xx.o(.text)
    HardFault_Handler                        0x000001df   Thumb Code     2  startup_lpc17xx.o(.text)
    MemManage_Handler                        0x000001e1   Thumb Code     2  startup_lpc17xx.o(.text)
    BusFault_Handler                         0x000001e3   Thumb Code     2  startup_lpc17xx.o(.text)
    UsageFault_Handler                       0x000001e5   Thumb Code     2  startup_lpc17xx.o(.text)
    DebugMon_Handler                         0x000001e9   Thumb Code     2  startup_lpc17xx.o(.text)
    BOD_IRQHandler                           0x000001ef   Thumb Code     0  startup_lpc17xx.o(.text)
    CANActivity_IRQHandler                   0x000001ef   Thumb Code     0  startup_lpc17xx.o(.text)
    CAN_IRQHandler                           0x000001ef   Thumb Code     0  startup_lpc17xx.o(.text)
    EINT0_IRQHandler                         0x000001ef   Thumb Code     0  startup_lpc17xx.o(.text)
    EINT1_IRQHandler                         0x000001ef   Thumb Code     0  startup_lpc17xx.o(.text)
    EINT2_IRQHandler                         0x000001ef   Thumb Code     0  startup_lpc17xx.o(.text)
    EINT3_IRQHandler                         0x000001ef   Thumb Code     0  startup_lpc17xx.o(.text)
    ENET_IRQHandler                          0x000001ef   Thumb Code     0  startup_lpc17xx.o(.text)
    I2C0_IRQHandler                          0x000001ef   Thumb Code     0  startup_lpc17xx.o(.text)
    I2C1_IRQHandler                          0x000001ef   Thumb Code     0  startup_lpc17xx.o(.text)
    I2C2_IRQHandler                          0x000001ef   Thumb Code     0  startup_lpc17xx.o(.text)
    I2S_IRQHandler                           0x000001ef   Thumb Code     0  startup_lpc17xx.o(.text)
    MCPWM_IRQHandler                         0x000001ef   Thumb Code     0  startup_lpc17xx.o(.text)
    PLL0_IRQHandler                          0x000001ef   Thumb Code     0  startup_lpc17xx.o(.text)
    PLL1_IRQHandler                          0x000001ef   Thumb Code     0  startup_lpc17xx.o(.text)
    PWM1_IRQHandler                          0x000001ef   Thumb Code     0  startup_lpc17xx.o(.text)
    QEI_IRQHandler                           0x000001ef   Thumb Code     0  startup_lpc17xx.o(.text)
    RIT_IRQHandler                           0x000001ef   Thumb Code     0  startup_lpc17xx.o(.text)
    RTC_IRQHandler                           0x000001ef   Thumb Code     0  startup_lpc17xx.o(.text)
    SPI_IRQHandler                           0x000001ef   Thumb Code     0  startup_lpc17xx.o(.text)
    SSP0_IRQHandler                          0x000001ef   Thumb Code     0  startup_lpc17xx.o(.text)
    TIMER0_IRQHandler                        0x000001ef   Thumb Code     0  startup_lpc17xx.o(.text)
    TIMER1_IRQHandler                        0x000001ef   Thumb Code     0  startup_lpc17xx.o(.text)
    TIMER2_IRQHandler                        0x000001ef   Thumb Code     0  startup_lpc17xx.o(.text)
    TIMER3_IRQHandler                        0x000001ef   Thumb Code     0  startup_lpc17xx.o(.text)
    UART0_IRQHandler                         0x000001ef   Thumb Code     0  startup_lpc17xx.o(.text)
    UART1_IRQHandler                         0x000001ef   Thumb Code     0  startup_lpc17xx.o(.text)
    UART2_IRQHandler                         0x000001ef   Thumb Code     0  startup_lpc17xx.o(.text)
    UART3_IRQHandler                         0x000001ef   Thumb Code     0  startup_lpc17xx.o(.text)
    USBActivity_IRQHandler                   0x000001ef   Thumb Code     0  startup_lpc17xx.o(.text)
    USB_IRQHandler                           0x000001ef   Thumb Code     0  startup_lpc17xx.o(.text)
    WDT_IRQHandler                           0x000001ef   Thumb Code     0  startup_lpc17xx.o(.text)
    __user_initial_stackheap                 0x000001f1   Thumb Code     0  startup_lpc17xx.o(.text)
    __user_libspace                          0x00000211   Thumb Code     8  libspace.o(.text)
    __user_perproc_libspace                  0x00000211   Thumb Code     0  libspace.o(.text)
    __2sprintf                               0x00000219   Thumb Code    34  noretval__2sprintf.o(.text)
    _printf_pre_padding                      0x00000241   Thumb Code    44  _printf_pad.o(.text)
    _printf_post_padding                     0x0000026d   Thumb Code    34  _printf_pad.o(.text)
    exit                                     0x0000028f   Thumb Code    18  exit.o(.text)
    __aeabi_memclr4                          0x000002a1   Thumb Code     0  rt_memclr_w.o(.text)
    __aeabi_memclr8                          0x000002a1   Thumb Code     0  rt_memclr_w.o(.text)
    __rt_memclr_w                            0x000002a1   Thumb Code    78  rt_memclr_w.o(.text)
    _memset_w                                0x000002a5   Thumb Code     0  rt_memclr_w.o(.text)
    __use_two_region_memory                  0x000002ef   Thumb Code     2  heapauxi.o(.text)
    __rt_heap_escrow$2region                 0x000002f1   Thumb Code     2  heapauxi.o(.text)
    __rt_heap_expand$2region                 0x000002f3   Thumb Code     2  heapauxi.o(.text)
    __I$use$semihosting                      0x000002f5   Thumb Code     0  use_no_semi.o(.text)
    __use_no_semihosting_swi                 0x000002f5   Thumb Code     2  use_no_semi.o(.text)
    __semihosting_library_function           0x000002f7   Thumb Code     0  indicate_semi.o(.text)
    SVC_Count                                0x000002f8   Data           4  svc_table.o(SVC_TABLE)
    SVC_Table                                0x000002fc   Data           0  svc_table.o(SVC_TABLE)
    rt_set_PSP                               0x00000301   Thumb Code     6  hal_cm3.o(.emb_text)
    rt_get_PSP                               0x00000307   Thumb Code     6  hal_cm3.o(.emb_text)
    os_set_env                               0x0000030d   Thumb Code    24  hal_cm3.o(.emb_text)
    _alloc_box                               0x00000329   Thumb Code    28  hal_cm3.o(.emb_text)
    _free_box                                0x00000349   Thumb Code    28  hal_cm3.o(.emb_text)
    SVC_Handler                              0x00000369   Thumb Code   108  hal_cm3.o(.emb_text)
    PendSV_Handler                           0x000003e1   Thumb Code    56  hal_cm3.o(.emb_text)
    SysTick_Handler                          0x0000041d   Thumb Code     8  hal_cm3.o(.emb_text)
    OS_Tick_Handler                          0x00000425   Thumb Code    12  hal_cm3.o(.emb_text)
    __aeabi_uldivmod                         0x00000431   Thumb Code     0  lludivv7m.o(.text)
    _ll_udiv                                 0x00000431   Thumb Code   238  lludivv7m.o(.text)
    __RL_RTX_VER                             0x00000480   Number         0  rt_system.o ABSOLUTE
    _printf_int_dec                          0x00000521   Thumb Code   104  _printf_dec.o(.text)
    __printf                                 0x00000599   Thumb Code   308  __printf_flags_wp.o(.text)
    _printf_int_common                       0x000006d1   Thumb Code   178  _printf_intcommon.o(.text)
    _printf_char_common                      0x0000078f   Thumb Code    32  _printf_char_common.o(.text)
    _sputc                                   0x000007b5   Thumb Code    10  _sputc.o(.text)
    _sys_exit                                0x000007c1   Thumb Code     8  sys_exit.o(.text)
    __user_setup_stackheap                   0x000007cd   Thumb Code    74  sys_stackheap_outer.o(.text)
    ADC_DisplayStaticText                    0x00000819   Thumb Code    80  main.o(i.ADC_DisplayStaticText)
    ADC_IRQHandler                           0x000008c9   Thumb Code    24  adc_mcb1700.o(i.ADC_IRQHandler)
    ADC_Initialize                           0x000008e9   Thumb Code    52  adc_mcb1700.o(i.ADC_Initialize)
    ADC_Threshold_JoystickControl            0x00000929   Thumb Code    46  main.o(i.ADC_Threshold_JoystickControl)
    ADC_Threshold_Set                        0x00000961   Thumb Code    46  main.o(i.ADC_Threshold_Set)
    DMA_IRQHandler                           0x000009b1   Thumb Code   220  gpdma_lpc17xx.o(i.DMA_IRQHandler)
    Decrease                                 0x00000a99   Thumb Code    14  increase_decrease.o(i.Decrease)
    DisplayADCValue                          0x00000aa9   Thumb Code   110  main.o(i.DisplayADCValue)
    DisplayADC_Threshold                     0x00000b2d   Thumb Code    26  main.o(i.DisplayADC_Threshold)
    DisplayLightStatus                       0x00000b51   Thumb Code   250  main.o(i.DisplayLightStatus)
    DisplayMoistStatus                       0x00000cad   Thumb Code   108  main.o(i.DisplayMoistStatus)
    DisplayPumpStatus                        0x00000d59   Thumb Code   102  main.o(i.DisplayPumpStatus)
    DisplayStaticText                        0x00000dfd   Thumb Code   122  main.o(i.DisplayStaticText)
    DisplayTempStatus                        0x00000efd   Thumb Code   200  main.o(i.DisplayTempStatus)
    DisplayTime                              0x00001009   Thumb Code   116  main.o(i.DisplayTime)
    DisplayWaterEastStatus                   0x00001089   Thumb Code   100  main.o(i.DisplayWaterEastStatus)
    DisplayWaterNorthStatus                  0x00001135   Thumb Code   100  main.o(i.DisplayWaterNorthStatus)
    DisplayWaterSouthStatus                  0x000011e1   Thumb Code   100  main.o(i.DisplayWaterSouthStatus)
    DisplayWaterWestStatus                   0x0000128d   Thumb Code   100  main.o(i.DisplayWaterWestStatus)
    Display_Light_Text_data                  0x00001339   Thumb Code    82  main.o(i.Display_Light_Text_data)
    Display_Moist_Text_data                  0x000013c9   Thumb Code    74  main.o(i.Display_Moist_Text_data)
    Display_Pump_Duration                    0x0000144d   Thumb Code    26  main.o(i.Display_Pump_Duration)
    Display_Pump_time                        0x00001475   Thumb Code    22  main.o(i.Display_Pump_time)
    Display_Static_Text_data                 0x00001491   Thumb Code    90  main.o(i.Display_Static_Text_data)
    Display_Temp_Text_data                   0x00001551   Thumb Code    92  main.o(i.Display_Temp_Text_data)
    Display_WaterEastStatus_Text_data        0x000015ed   Thumb Code    74  main.o(i.Display_WaterEastStatus_Text_data)
    Display_WaterNorthStatus_Text_data       0x00001675   Thumb Code    74  main.o(i.Display_WaterNorthStatus_Text_data)
    Display_WaterSouthStatus_Text_data       0x000016fd   Thumb Code    74  main.o(i.Display_WaterSouthStatus_Text_data)
    Display_WaterSpinklerStatus_Text_data    0x00001785   Thumb Code   108  main.o(i.Display_WaterSpinklerStatus_Text_data)
    Display_WaterWestStatus_Text_data        0x000017f5   Thumb Code    74  main.o(i.Display_WaterWestStatus_Text_data)
    Display_current_Time                     0x0000187d   Thumb Code    22  main.o(i.Display_current_Time)
    Duration_DisplayStaticText               0x00001899   Thumb Code    80  main.o(i.Duration_DisplayStaticText)
    GLCD_ClearScreen                         0x00001941   Thumb Code    54  glcd_mcb1700.o(i.GLCD_ClearScreen)
    GLCD_DrawChar                            0x0000197d   Thumb Code   130  glcd_mcb1700.o(i.GLCD_DrawChar)
    GLCD_DrawHLine                           0x00001a05   Thumb Code    42  glcd_mcb1700.o(i.GLCD_DrawHLine)
    GLCD_DrawRectangle                       0x00001a35   Thumb Code    52  glcd_mcb1700.o(i.GLCD_DrawRectangle)
    GLCD_DrawString                          0x00001a69   Thumb Code    42  glcd_mcb1700.o(i.GLCD_DrawString)
    GLCD_DrawVLine                           0x00001a99   Thumb Code    44  glcd_mcb1700.o(i.GLCD_DrawVLine)
    GLCD_Initialize                          0x00001ac9   Thumb Code  1454  glcd_mcb1700.o(i.GLCD_Initialize)
    GLCD_SetBackgroundColor                  0x00002079   Thumb Code     8  glcd_mcb1700.o(i.GLCD_SetBackgroundColor)
    GLCD_SetFont                             0x00002085   Thumb Code     8  glcd_mcb1700.o(i.GLCD_SetFont)
    GLCD_SetForegroundColor                  0x00002091   Thumb Code     8  glcd_mcb1700.o(i.GLCD_SetForegroundColor)
    GLCD_UpdateMenu                          0x00002131   Thumb Code   312  main.o(i.GLCD_UpdateMenu)
    GLCD_intro_text                          0x0000226d   Thumb Code    36  main.o(i.GLCD_intro_text)
    GLCD_outro_text                          0x000022a1   Thumb Code    36  main.o(i.GLCD_outro_text)
    GPDMA_ChannelConfigure                   0x000022d1   Thumb Code   186  gpdma_lpc17xx.o(i.GPDMA_ChannelConfigure)
    GPDMA_ChannelDisable                     0x00002399   Thumb Code    40  gpdma_lpc17xx.o(i.GPDMA_ChannelDisable)
    GPDMA_ChannelGetCount                    0x000023c5   Thumb Code    38  gpdma_lpc17xx.o(i.GPDMA_ChannelGetCount)
    GPDMA_Initialize                         0x000023f5   Thumb Code    98  gpdma_lpc17xx.o(i.GPDMA_Initialize)
    GPDMA_PeripheralSelect                   0x00002469   Thumb Code    48  gpdma_lpc17xx.o(i.GPDMA_PeripheralSelect)
    GPDMA_Uninitialize                       0x0000249d   Thumb Code    56  gpdma_lpc17xx.o(i.GPDMA_Uninitialize)
    GPIO_PinRead                             0x000024dd   Thumb Code    20  gpio_lpc17xx.o(i.GPIO_PinRead)
    GPIO_PinWrite                            0x000024f5   Thumb Code    20  gpio_lpc17xx.o(i.GPIO_PinWrite)
    GPIO_PortClock                           0x0000250d   Thumb Code    24  gpio_lpc17xx.o(i.GPIO_PortClock)
    GPIO_SetDir                              0x00002529   Thumb Code    26  gpio_lpc17xx.o(i.GPIO_SetDir)
    Increase                                 0x00002585   Thumb Code    18  increase_decrease.o(i.Increase)
    Init_LED                                 0x00002599   Thumb Code    20  main.o(i.Init_LED)
    Joy_stick_scan                           0x000025b1   Thumb Code    86  main.o(i.Joy_stick_scan)
    Joystick_Initialize                      0x00002611   Thumb Code    58  joystick_mcb1700.o(i.Joystick_Initialize)
    LED_Initialize                           0x00002651   Thumb Code    70  led_mcb1700.o(i.LED_Initialize)
    Light_Sensor_Screen                      0x0000269d   Thumb Code    76  main.o(i.Light_Sensor_Screen)
    Main_menu_Joy_stick_scan                 0x000026ed   Thumb Code   160  main.o(i.Main_menu_Joy_stick_scan)
    Moist_Sensor_Screen                      0x00002791   Thumb Code    76  main.o(i.Moist_Sensor_Screen)
    PIN_Configure                            0x0000280d   Thumb Code   100  pin_lpc17xx.o(i.PIN_Configure)
    P_DisplayTime                            0x00002875   Thumb Code   116  main.o(i.P_DisplayTime)
    P_Setting_JoystickControl                0x000028f5   Thumb Code   126  main.o(i.P_Setting_JoystickControl)
    PumpSettingScreen                        0x00002979   Thumb Code    50  main.o(i.PumpSettingScreen)
    Pump_DisplayStaticText                   0x000029b1   Thumb Code   122  main.o(i.Pump_DisplayStaticText)
    Pump_Duration_JoystickControl            0x00002aa9   Thumb Code    44  main.o(i.Pump_Duration_JoystickControl)
    Pump_Duration_Set                        0x00002add   Thumb Code    46  main.o(i.Pump_Duration_Set)
    SSP1_GPDMA_Rx_SignalEvent                0x00002b1d   Thumb Code     6  ssp_lpc17xx.o(i.SSP1_GPDMA_Rx_SignalEvent)
    SSP1_GPDMA_Tx_SignalEvent                0x00002b29   Thumb Code     6  ssp_lpc17xx.o(i.SSP1_GPDMA_Tx_SignalEvent)
    SSP1_IRQHandler                          0x00002b7d   Thumb Code     6  ssp_lpc17xx.o(i.SSP1_IRQHandler)
    SSPx_GPDMA_Rx_SignalEvent                0x00002fcd   Thumb Code    30  ssp_lpc17xx.o(i.SSPx_GPDMA_Rx_SignalEvent)
    SSPx_GPDMA_Tx_SignalEvent                0x00002feb   Thumb Code    12  ssp_lpc17xx.o(i.SSPx_GPDMA_Tx_SignalEvent)
    SelectColor                              0x00003695   Thumb Code    72  main.o(i.SelectColor)
    SystemInit                               0x00003709   Thumb Code   196  system_lpc17xx.o(i.SystemInit)
    Temp_Sensor_Screen                       0x000037d9   Thumb Code    76  main.o(i.Temp_Sensor_Screen)
    TimeSettingScreen                        0x00003829   Thumb Code    50  main.o(i.TimeSettingScreen)
    TimeSettingScreenJoystickControl         0x00003861   Thumb Code   126  main.o(i.TimeSettingScreenJoystickControl)
    TimeToString                             0x000038e5   Thumb Code    18  main.o(i.TimeToString)
    Time_and_data_init                       0x00003909   Thumb Code    50  main.o(i.Time_and_data_init)
    Time_update                              0x00003945   Thumb Code    48  main.o(i.Time_update)
    Timer_Callback                           0x00003979   Thumb Code     4  main.o(i.Timer_Callback)
    Water_East_Screen                        0x0000397d   Thumb Code    76  main.o(i.Water_East_Screen)
    Water_North_Screen                       0x000039cd   Thumb Code    76  main.o(i.Water_North_Screen)
    Water_South_Screen                       0x00003a1d   Thumb Code    76  main.o(i.Water_South_Screen)
    Water_Sprinkler_Screen                   0x00003a6d   Thumb Code    56  main.o(i.Water_Sprinkler_Screen)
    Water_West_Screen                        0x00003ab9   Thumb Code    76  main.o(i.Water_West_Screen)
    Water_menu_Joy_stick_scan                0x00003b09   Thumb Code    78  main.o(i.Water_menu_Joy_stick_scan)
    Working_Screen                           0x00003b5d   Thumb Code    78  main.o(i.Working_Screen)
    _init_box                                0x00003bb1   Thumb Code    70  rt_membox.o(i._init_box)
    _is_digit                                0x00003bf7   Thumb Code    14  __printf_wp.o(i._is_digit)
    _mutex_acquire                           0x00003c05   Thumb Code    22  rtx_conf_cm.o(i._mutex_acquire)
    _mutex_release                           0x00003c25   Thumb Code    18  rtx_conf_cm.o(i._mutex_release)
    checkRemainTime                          0x00003c41   Thumb Code    24  main.o(i.checkRemainTime)
    dbg_init                                 0x00003c5d   Thumb Code    34  hal_cm.o(i.dbg_init)
    dbg_task_notify                          0x00003c8d   Thumb Code    32  hal_cm.o(i.dbg_task_notify)
    dbg_task_switch                          0x00003cad   Thumb Code    16  hal_cm.o(i.dbg_task_switch)
    isrMessageGet                            0x00003ce9   Thumb Code    42  rt_cmsis.o(i.isrMessageGet)
    isrMessagePut                            0x00003d13   Thumb Code    44  rt_cmsis.o(i.isrMessagePut)
    isr_mbx_receive                          0x00003d41   Thumb Code    82  rt_mailbox.o(i.isr_mbx_receive)
    isr_mbx_send                             0x00003d93   Thumb Code    14  rt_mailbox.o(i.isr_mbx_send)
    light_off                                0x00003da1   Thumb Code    12  light_on_off.o(i.light_off)
    light_on                                 0x00003db1   Thumb Code    18  light_on_off.o(i.light_on)
    main                                     0x00003dc9   Thumb Code   132  main.o(i.main)
    menu_action_1                            0x00003e69   Thumb Code    26  action.o(i.menu_action_1)
    menu_action_10                           0x00003e89   Thumb Code    26  action.o(i.menu_action_10)
    menu_action_11                           0x00003ea9   Thumb Code    26  action.o(i.menu_action_11)
    menu_action_12                           0x00003ec9   Thumb Code    26  action.o(i.menu_action_12)
    menu_action_13                           0x00003ee9   Thumb Code    26  action.o(i.menu_action_13)
    menu_action_2                            0x00003f09   Thumb Code    26  action.o(i.menu_action_2)
    menu_action_3                            0x00003f29   Thumb Code    26  action.o(i.menu_action_3)
    menu_action_4                            0x00003f49   Thumb Code    26  action.o(i.menu_action_4)
    menu_action_5                            0x00003f69   Thumb Code    26  action.o(i.menu_action_5)
    menu_action_6                            0x00003f89   Thumb Code    26  action.o(i.menu_action_6)
    menu_action_7                            0x00003fa9   Thumb Code    26  action.o(i.menu_action_7)
    menu_action_8                            0x00003fc9   Thumb Code    26  action.o(i.menu_action_8)
    menu_action_9                            0x00003fe9   Thumb Code    26  action.o(i.menu_action_9)
    osKernelInitialize                       0x00004009   Thumb Code    30  rt_cmsis.o(i.osKernelInitialize)
    osKernelStart                            0x0000402d   Thumb Code    98  rt_cmsis.o(i.osKernelStart)
    osMessageGet                             0x00004099   Thumb Code    18  rt_cmsis.o(i.osMessageGet)
    osThreadCreate                           0x000040b1   Thumb Code    38  rt_cmsis.o(i.osThreadCreate)
    osThreadExit                             0x000040e1   Thumb Code    14  rt_cmsis.o(i.osThreadExit)
    osTimerCall                              0x000040f9   Thumb Code     8  rt_cmsis.o(i.osTimerCall)
    osTimerCreate                            0x00004105   Thumb Code    44  rt_cmsis.o(i.osTimerCreate)
    osTimerStart                             0x00004139   Thumb Code    18  rt_cmsis.o(i.osTimerStart)
    osTimerThread                            0x00004151   Thumb Code    38  rt_cmsis.o(i.osTimerThread)
    os_error                                 0x0000417d   Thumb Code     2  rtx_conf_cm.o(i.os_error)
    os_idle_demon                            0x0000417f   Thumb Code     2  rtx_conf_cm.o(i.os_idle_demon)
    os_tick_init                             0x00004181   Thumb Code    32  rt_system.o(i.os_tick_init)
    os_tick_irqack                           0x000041a9   Thumb Code     2  rt_system.o(i.os_tick_irqack)
    rt_alloc_box                             0x0000425d   Thumb Code    26  rt_membox.o(i.rt_alloc_box)
    rt_alloc_mem                             0x00004277   Thumb Code    62  rt_memory.o(i.rt_alloc_mem)
    rt_block                                 0x000042b5   Thumb Code    48  rt_task.o(i.rt_block)
    rt_chk_robin                             0x000042ed   Thumb Code    60  rt_robin.o(i.rt_chk_robin)
    rt_dec_dly                               0x00004335   Thumb Code   102  rt_list.o(i.rt_dec_dly)
    rt_dispatch                              0x000043a5   Thumb Code    60  rt_task.o(i.rt_dispatch)
    rt_evt_psh                               0x000043e9   Thumb Code    76  rt_event.o(i.rt_evt_psh)
    rt_free_box                              0x00004439   Thumb Code    44  rt_membox.o(i.rt_free_box)
    rt_free_mem                              0x00004465   Thumb Code    40  rt_memory.o(i.rt_free_mem)
    rt_get_first                             0x0000448d   Thumb Code    40  rt_list.o(i.rt_get_first)
    rt_init_mem                              0x00004505   Thumb Code    26  rt_memory.o(i.rt_init_mem)
    rt_init_robin                            0x00004521   Thumb Code    14  rt_robin.o(i.rt_init_robin)
    rt_init_stack                            0x00004539   Thumb Code   118  hal_cm.o(i.rt_init_stack)
    rt_mbx_check                             0x000045b9   Thumb Code     8  rt_mailbox.o(i.rt_mbx_check)
    rt_mbx_init                              0x000045c1   Thumb Code    26  rt_mailbox.o(i.rt_mbx_init)
    rt_mbx_psh                               0x000045dd   Thumb Code   236  rt_mailbox.o(i.rt_mbx_psh)
    rt_mbx_wait                              0x000046cd   Thumb Code   174  rt_mailbox.o(i.rt_mbx_wait)
    rt_mut_release                           0x000047c5   Thumb Code   208  rt_mutex.o(i.rt_mut_release)
    rt_mut_wait                              0x0000489d   Thumb Code   100  rt_mutex.o(i.rt_mut_wait)
    rt_pop_req                               0x00004905   Thumb Code   112  rt_system.o(i.rt_pop_req)
    rt_psh_req                               0x00004981   Thumb Code    22  rt_system.o(i.rt_psh_req)
    rt_psq_enq                               0x000049a1   Thumb Code    88  rt_list.o(i.rt_psq_enq)
    rt_put_dly                               0x000049fd   Thumb Code    68  rt_list.o(i.rt_put_dly)
    rt_put_prio                              0x00004a45   Thumb Code    54  rt_list.o(i.rt_put_prio)
    rt_put_rdy_first                         0x00004a7d   Thumb Code    14  rt_list.o(i.rt_put_rdy_first)
    rt_resort_prio                           0x00004a91   Thumb Code    46  rt_list.o(i.rt_resort_prio)
    rt_ret_val                               0x00004ac5   Thumb Code     6  hal_cm.o(i.rt_ret_val)
    rt_ret_val2                              0x00004acb   Thumb Code     8  hal_cm.o(i.rt_ret_val2)
    rt_rmv_dly                               0x00004ad3   Thumb Code    40  rt_list.o(i.rt_rmv_dly)
    rt_rmv_list                              0x00004afd   Thumb Code    44  rt_list.o(i.rt_rmv_list)
    rt_sem_psh                               0x00004b2d   Thumb Code    48  rt_semaphore.o(i.rt_sem_psh)
    rt_stk_check                             0x00004b61   Thumb Code    28  rt_system.o(i.rt_stk_check)
    rt_switch_req                            0x00004b85   Thumb Code    30  rt_task.o(i.rt_switch_req)
    rt_sys_init                              0x00004bad   Thumb Code   138  rt_task.o(i.rt_sys_init)
    rt_sys_start                             0x00004c79   Thumb Code   110  rt_task.o(i.rt_sys_start)
    rt_systick                               0x00004cf1   Thumb Code    50  rt_system.o(i.rt_systick)
    rt_tsk_create                            0x00004db5   Thumb Code   118  rt_task.o(i.rt_tsk_create)
    rt_tsk_delete                            0x00004e3d   Thumb Code   352  rt_task.o(i.rt_tsk_delete)
    rt_tsk_prio                              0x00004fb9   Thumb Code   108  rt_task.o(i.rt_tsk_prio)
    rt_tsk_self                              0x00005035   Thumb Code    12  rt_task.o(i.rt_tsk_self)
    svcKernelInitialize                      0x000050e5   Thumb Code    80  rt_cmsis.o(i.svcKernelInitialize)
    svcKernelStart                           0x00005155   Thumb Code    62  rt_cmsis.o(i.svcKernelStart)
    svcMessageCreate                         0x0000519d   Thumb Code    36  rt_cmsis.o(i.svcMessageCreate)
    svcMessageGet                            0x000051c1   Thumb Code    58  rt_cmsis.o(i.svcMessageGet)
    svcThreadCreate                          0x000051fd   Thumb Code   100  rt_cmsis.o(i.svcThreadCreate)
    svcThreadGetId                           0x0000526d   Thumb Code    22  rt_cmsis.o(i.svcThreadGetId)
    svcThreadTerminate                       0x00005289   Thumb Code    50  rt_cmsis.o(i.svcThreadTerminate)
    svcTimerCall                             0x000052c1   Thumb Code    24  rt_cmsis.o(i.svcTimerCall)
    svcTimerCreate                           0x000052d9   Thumb Code    52  rt_cmsis.o(i.svcTimerCreate)
    svcTimerStart                            0x00005311   Thumb Code    96  rt_cmsis.o(i.svcTimerStart)
    sysTimerTick                             0x00005375   Thumb Code    84  rt_cmsis.o(i.sysTimerTick)
    os_timer_def_PeriodicTimer               0x000054c8   Data           8  main.o(.constdata)
    GLCD_Font_16x24                          0x000069d0   Data          16  glcd_fonts.o(.constdata)
    JOYSTICK_PIN                             0x000069e0   Data          10  joystick_mcb1700.o(.constdata)
    LED_PIN                                  0x000069ea   Data          16  led_mcb1700.o(.constdata)
    os_maxtaskrun                            0x000069fa   Data           2  rtx_conf_cm.o(.constdata)
    os_stackinfo                             0x000069fc   Data           4  rtx_conf_cm.o(.constdata)
    os_rrobin                                0x00006a00   Data           4  rtx_conf_cm.o(.constdata)
    os_trv                                   0x00006a04   Data           4  rtx_conf_cm.o(.constdata)
    os_flags                                 0x00006a08   Data           1  rtx_conf_cm.o(.constdata)
    CMSIS_RTOS_API_Version                   0x00006a0c   Data           4  rtx_conf_cm.o(.constdata)
    CMSIS_RTOS_RTX_Version                   0x00006a10   Data           4  rtx_conf_cm.o(.constdata)
    os_clockrate                             0x00006a14   Data           4  rtx_conf_cm.o(.constdata)
    os_timernum                              0x00006a18   Data           4  rtx_conf_cm.o(.constdata)
    mp_tcb_size                              0x00006a1c   Data           2  rtx_conf_cm.o(.constdata)
    mp_stk_size                              0x00006a20   Data           4  rtx_conf_cm.o(.constdata)
    os_stack_sz                              0x00006a24   Data           4  rtx_conf_cm.o(.constdata)
    os_fifo_size                             0x00006a28   Data           1  rtx_conf_cm.o(.constdata)
    os_thread_def_osTimerThread              0x00006a2c   Data          16  rtx_conf_cm.o(.constdata)
    os_messageQ_def_osTimerMessageQ          0x00006a3c   Data           8  rtx_conf_cm.o(.constdata)
    mp_tmr_size                              0x00006a44   Data           2  rtx_conf_cm.o(.constdata)
    Driver_SPI1                              0x00006a98   Data          44  ssp_lpc17xx.o(.constdata)
    Region$$Table$$Base                      0x00006ba0   Number         0  anon$$obj.o(Region$$Table)
    Region$$Table$$Limit                     0x00006bc0   Number         0  anon$$obj.o(Region$$Table)
    menu_updated                             0x10000000   Data           1  main.o(.data)
    menu_status                              0x10000001   Data           1  main.o(.data)
    water_menu                               0x10000002   Data           1  main.o(.data)
    Now                                      0x10000003   Data           3  main.o(.data)
    Pump_time                                0x10000006   Data           3  main.o(.data)
    current_item                             0x1000000c   Data           4  main.o(.data)
    water_current_item                       0x10000010   Data           4  main.o(.data)
    programIndex                             0x10000014   Data           4  main.o(.data)
    Time_Index                               0x10000018   Data           4  main.o(.data)
    result                                   0x1000001c   Data           4  main.o(.data)
    Current_joystickStatus                   0x10000020   Data           4  main.o(.data)
    Current_waterjoystickStatus              0x10000024   Data           4  main.o(.data)
    P_setting_Index                          0x10000028   Data           4  main.o(.data)
    i                                        0x1000002c   Data           4  main.o(.data)
    j                                        0x10000030   Data           4  main.o(.data)
    k                                        0x10000034   Data           4  main.o(.data)
    decimal                                  0x10000038   Data           4  main.o(.data)
    Working_Index                            0x1000003c   Data           4  main.o(.data)
    Light_prog_Index                         0x10000040   Data           4  main.o(.data)
    Temp_prog_Index                          0x10000044   Data           4  main.o(.data)
    Moist_prog_Index                         0x10000048   Data           4  main.o(.data)
    Water1_prog_Index                        0x1000004c   Data           4  main.o(.data)
    Water2_prog_Index                        0x10000050   Data           4  main.o(.data)
    Water3_prog_Index                        0x10000054   Data           4  main.o(.data)
    Water4_prog_Index                        0x10000058   Data           4  main.o(.data)
    P_Time_Index                             0x1000005c   Data           4  main.o(.data)
    Pump_duration_prog_Index                 0x10000060   Data           4  main.o(.data)
    ADC_prog_Index                           0x10000064   Data           4  main.o(.data)
    TimerId                                  0x10000068   Data           4  main.o(.data)
    adcString                                0x1000006c   Data           5  main.o(.data)
    lightString                              0x10000071   Data           5  main.o(.data)
    moistString                              0x10000076   Data           5  main.o(.data)
    waterString                              0x1000007b   Data           5  main.o(.data)
    light                                    0x10000080   Data           8  main.o(.data)
    temperature                              0x10000088   Data           8  main.o(.data)
    moist                                    0x10000090   Data           8  main.o(.data)
    Water                                    0x10000098   Data           8  main.o(.data)
    ADC_String                               0x100000a0   Data          20  main.o(.data)
    menuPump                                 0x100000b4   Data          40  main.o(.data)
    menuSensor                               0x100000dc   Data          32  main.o(.data)
    menuWater                                0x100000fc   Data          32  main.o(.data)
    m_tmr                                    0x10000134   Data           4  rtx_conf_cm.o(.data)
    os_thread_def_main                       0x10000138   Data          16  rtx_conf_cm.o(.data)
    osThreadId_osTimerThread                 0x10000148   Data           4  rtx_conf_cm.o(.data)
    osMessageQId_osTimerMessageQ             0x1000014c   Data           4  rtx_conf_cm.o(.data)
    SystemCoreClock                          0x10000168   Data           4  system_lpc17xx.o(.data)
    os_initialized                           0x1000016c   Data           1  rt_cmsis.o(.data)
    os_running                               0x1000016d   Data           1  rt_cmsis.o(.data)
    os_timer_head                            0x10000170   Data           4  rt_cmsis.o(.data)
    os_tsk                                   0x10000174   Data           8  rt_task.o(.data)
    os_tick_irqn                             0x10000180   Data           4  rt_system.o(.data)
    os_time                                  0x10000184   Data           4  rt_time.o(.data)
    os_robin                                 0x10000188   Data           8  rt_robin.o(.data)
    dbg_msg                                  0x10000190   Data           1  hal_cm.o(.data)
    Data_pump                                0x10000194   Data          16  main.o(.bss)
    os_timer_cb_PeriodicTimer                0x100001a4   Data          24  main.o(.bss)
    os_messageQ_q_osTimerMessageQ            0x100001bc   Data          32  rtx_conf_cm.o(.bss)
    mp_tcb                                   0x100001dc   Data         376  rtx_conf_cm.o(.bss)
    mp_stk                                   0x10000358   Data        2416  rtx_conf_cm.o(.bss)
    os_stack_mem                             0x10000cc8   Data         632  rtx_conf_cm.o(.bss)
    os_fifo                                  0x10000f40   Data         132  rtx_conf_cm.o(.bss)
    os_active_TCB                            0x10000fc4   Data          28  rtx_conf_cm.o(.bss)
    os_idle_TCB                              0x100010a8   Data          52  rt_task.o(.bss)
    os_rdy                                   0x100010dc   Data          24  rt_list.o(.bss)
    os_dly                                   0x100010f4   Data          24  rt_list.o(.bss)
    __libspace_start                         0x1000110c   Data          96  libspace.o(.bss)
    __temporary_stack_top$libspace           0x1000116c   Data           0  libspace.o(.bss)



==============================================================================

Memory Map of the image

  Image Entry point : 0x000000cd

  Load Region LR_IROM1 (Base: 0x00000000, Size: 0x00006d54, Max: 0x00080000, ABSOLUTE, COMPRESSED[0x00006c34])

    Execution Region ER_IROM1 (Exec base: 0x00000000, Load base: 0x00000000, Size: 0x00006bc0, Max: 0x00080000, ABSOLUTE)

    Exec Addr    Load Addr    Size         Type   Attr      Idx    E Section Name        Object

    0x00000000   0x00000000   0x000000cc   Data   RO         1423    RESET               startup_lpc17xx.o
    0x000000cc   0x000000cc   0x00000008   Code   RO         2723  * !!!main             c_w.l(__main.o)
    0x000000d4   0x000000d4   0x00000034   Code   RO         2895    !!!scatter          c_w.l(__scatter.o)
    0x00000108   0x00000108   0x0000005a   Code   RO         2893    !!dczerorl2         c_w.l(__dczerorl2.o)
    0x00000162   0x00000162   0x00000002   PAD
    0x00000164   0x00000164   0x0000001c   Code   RO         2897    !!handler_zi        c_w.l(__scatter_zi.o)
    0x00000180   0x00000180   0x00000000   Code   RO         2716    .ARM.Collect$$_printf_percent$$00000000  c_w.l(_printf_percent.o)
    0x00000180   0x00000180   0x00000006   Code   RO         2715    .ARM.Collect$$_printf_percent$$00000009  c_w.l(_printf_d.o)
    0x00000186   0x00000186   0x00000004   Code   RO         2738    .ARM.Collect$$_printf_percent$$00000017  c_w.l(_printf_percent_end.o)
    0x0000018a   0x0000018a   0x00000002   Code   RO         2779    .ARM.Collect$$libinit$$00000000  c_w.l(libinit.o)
    0x0000018c   0x0000018c   0x00000000   Code   RO         2791    .ARM.Collect$$libinit$$00000002  c_w.l(libinit2.o)
    0x0000018c   0x0000018c   0x00000000   Code   RO         2793    .ARM.Collect$$libinit$$00000004  c_w.l(libinit2.o)
    0x0000018c   0x0000018c   0x00000000   Code   RO         2796    .ARM.Collect$$libinit$$0000000A  c_w.l(libinit2.o)
    0x0000018c   0x0000018c   0x00000000   Code   RO         2798    .ARM.Collect$$libinit$$0000000C  c_w.l(libinit2.o)
    0x0000018c   0x0000018c   0x00000000   Code   RO         2800    .ARM.Collect$$libinit$$0000000E  c_w.l(libinit2.o)
    0x0000018c   0x0000018c   0x00000000   Code   RO         2803    .ARM.Collect$$libinit$$00000011  c_w.l(libinit2.o)
    0x0000018c   0x0000018c   0x00000000   Code   RO         2805    .ARM.Collect$$libinit$$00000013  c_w.l(libinit2.o)
    0x0000018c   0x0000018c   0x00000000   Code   RO         2807    .ARM.Collect$$libinit$$00000015  c_w.l(libinit2.o)
    0x0000018c   0x0000018c   0x00000000   Code   RO         2809    .ARM.Collect$$libinit$$00000017  c_w.l(libinit2.o)
    0x0000018c   0x0000018c   0x00000000   Code   RO         2811    .ARM.Collect$$libinit$$00000019  c_w.l(libinit2.o)
    0x0000018c   0x0000018c   0x00000000   Code   RO         2813    .ARM.Collect$$libinit$$0000001B  c_w.l(libinit2.o)
    0x0000018c   0x0000018c   0x00000000   Code   RO         2815    .ARM.Collect$$libinit$$0000001D  c_w.l(libinit2.o)
    0x0000018c   0x0000018c   0x00000000   Code   RO         2817    .ARM.Collect$$libinit$$0000001F  c_w.l(libinit2.o)
    0x0000018c   0x0000018c   0x00000000   Code   RO         2819    .ARM.Collect$$libinit$$00000021  c_w.l(libinit2.o)
    0x0000018c   0x0000018c   0x00000000   Code   RO         2821    .ARM.Collect$$libinit$$00000023  c_w.l(libinit2.o)
    0x0000018c   0x0000018c   0x00000000   Code   RO         2823    .ARM.Collect$$libinit$$00000025  c_w.l(libinit2.o)
    0x0000018c   0x0000018c   0x00000000   Code   RO         2827    .ARM.Collect$$libinit$$0000002C  c_w.l(libinit2.o)
    0x0000018c   0x0000018c   0x00000000   Code   RO         2829    .ARM.Collect$$libinit$$0000002E  c_w.l(libinit2.o)
    0x0000018c   0x0000018c   0x00000000   Code   RO         2831    .ARM.Collect$$libinit$$00000030  c_w.l(libinit2.o)
    0x0000018c   0x0000018c   0x00000000   Code   RO         2833    .ARM.Collect$$libinit$$00000032  c_w.l(libinit2.o)
    0x0000018c   0x0000018c   0x00000002   Code   RO         2834    .ARM.Collect$$libinit$$00000033  c_w.l(libinit2.o)
    0x0000018e   0x0000018e   0x00000002   Code   RO         2780    .ARM.Collect$$libshutdown$$00000000  c_w.l(libshutdown.o)
    0x00000190   0x00000190   0x00000000   Code   RO         2836    .ARM.Collect$$libshutdown$$00000002  c_w.l(libshutdown2.o)
    0x00000190   0x00000190   0x00000000   Code   RO         2838    .ARM.Collect$$libshutdown$$00000004  c_w.l(libshutdown2.o)
    0x00000190   0x00000190   0x00000000   Code   RO         2841    .ARM.Collect$$libshutdown$$00000007  c_w.l(libshutdown2.o)
    0x00000190   0x00000190   0x00000000   Code   RO         2844    .ARM.Collect$$libshutdown$$0000000A  c_w.l(libshutdown2.o)
    0x00000190   0x00000190   0x00000000   Code   RO         2846    .ARM.Collect$$libshutdown$$0000000C  c_w.l(libshutdown2.o)
    0x00000190   0x00000190   0x00000000   Code   RO         2849    .ARM.Collect$$libshutdown$$0000000F  c_w.l(libshutdown2.o)
    0x00000190   0x00000190   0x00000002   Code   RO         2850    .ARM.Collect$$libshutdown$$00000010  c_w.l(libshutdown2.o)
    0x00000192   0x00000192   0x00000000   Code   RO         2725    .ARM.Collect$$rtentry$$00000000  c_w.l(__rtentry.o)
    0x00000192   0x00000192   0x00000000   Code   RO         2740    .ARM.Collect$$rtentry$$00000002  c_w.l(__rtentry2.o)
    0x00000192   0x00000192   0x00000006   Code   RO         2752    .ARM.Collect$$rtentry$$00000004  c_w.l(__rtentry4.o)
    0x00000198   0x00000198   0x00000000   Code   RO         2742    .ARM.Collect$$rtentry$$00000009  c_w.l(__rtentry2.o)
    0x00000198   0x00000198   0x00000004   Code   RO         2743    .ARM.Collect$$rtentry$$0000000A  c_w.l(__rtentry2.o)
    0x0000019c   0x0000019c   0x00000008   Code   RO         2744    .ARM.Collect$$rtentry$$0000000B  c_w.l(__rtentry2.o)
    0x000001a4   0x000001a4   0x00000008   Code   RO         2746    .ARM.Collect$$rtentry$$0000000D  c_w.l(__rtentry2.o)
    0x000001ac   0x000001ac   0x00000002   Code   RO         2726    .ARM.Collect$$rtexit$$00000000  c_w.l(rtexit.o)
    0x000001ae   0x000001ae   0x00000000   Code   RO         2755    .ARM.Collect$$rtexit$$00000002  c_w.l(rtexit2.o)
    0x000001ae   0x000001ae   0x00000004   Code   RO         2756    .ARM.Collect$$rtexit$$00000003  c_w.l(rtexit2.o)
    0x000001b2   0x000001b2   0x00000006   Code   RO         2757    .ARM.Collect$$rtexit$$00000004  c_w.l(rtexit2.o)
    0x000001b8   0x000001b8   0x0000001c   Code   RO          972    .emb_text           rtx_conf_cm.o
    0x000001d4   0x000001d4   0x0000003c   Code   RO         1425    .text               startup_lpc17xx.o
    0x00000210   0x00000210   0x00000008   Code   RO         2680    .text               c_w.l(libspace.o)
    0x00000218   0x00000218   0x00000028   Code   RO         2687    .text               c_w.l(noretval__2sprintf.o)
    0x00000240   0x00000240   0x0000004e   Code   RO         2691    .text               c_w.l(_printf_pad.o)
    0x0000028e   0x0000028e   0x00000012   Code   RO         2717    .text               c_w.l(exit.o)
    0x000002a0   0x000002a0   0x0000004e   Code   RO         2719    .text               c_w.l(rt_memclr_w.o)
    0x000002ee   0x000002ee   0x00000006   Code   RO         2721    .text               c_w.l(heapauxi.o)
    0x000002f4   0x000002f4   0x00000002   Code   RO         2781    .text               c_w.l(use_no_semi.o)
    0x000002f6   0x000002f6   0x00000000   Code   RO         2783    .text               c_w.l(indicate_semi.o)
    0x000002f6   0x000002f6   0x00000002   PAD
    0x000002f8   0x000002f8   0x00000004   Code   RO         2675    SVC_TABLE           RTX_CM3.lib(svc_table.o)
    0x000002fc   0x000002fc   0x00000004   Code   RO         1424    .ARM.__at_0x02FC    startup_lpc17xx.o
    0x00000300   0x00000300   0x00000130   Code   RO         2665    .emb_text           RTX_CM3.lib(hal_cm3.o)
    0x00000430   0x00000430   0x000000ee   Code   RO         2683    .text               c_w.l(lludivv7m.o)
    0x0000051e   0x0000051e   0x00000002   PAD
    0x00000520   0x00000520   0x00000078   Code   RO         2693    .text               c_w.l(_printf_dec.o)
    0x00000598   0x00000598   0x00000138   Code   RO         2707    .text               c_w.l(__printf_flags_wp.o)
    0x000006d0   0x000006d0   0x000000b2   Code   RO         2732    .text               c_w.l(_printf_intcommon.o)
    0x00000782   0x00000782   0x00000002   PAD
    0x00000784   0x00000784   0x00000030   Code   RO         2734    .text               c_w.l(_printf_char_common.o)
    0x000007b4   0x000007b4   0x0000000a   Code   RO         2736    .text               c_w.l(_sputc.o)
    0x000007be   0x000007be   0x00000002   PAD
    0x000007c0   0x000007c0   0x0000000c   Code   RO         2765    .text               c_w.l(sys_exit.o)
    0x000007cc   0x000007cc   0x0000004a   Code   RO         2767    .text               c_w.l(sys_stackheap_outer.o)
    0x00000816   0x00000816   0x00000002   PAD
    0x00000818   0x00000818   0x000000b0   Code   RO            4    i.ADC_DisplayStaticText  main.o
    0x000008c8   0x000008c8   0x00000020   Code   RO          588    i.ADC_IRQHandler    adc_mcb1700.o
    0x000008e8   0x000008e8   0x00000040   Code   RO          589    i.ADC_Initialize    adc_mcb1700.o
    0x00000928   0x00000928   0x00000038   Code   RO            5    i.ADC_Threshold_JoystickControl  main.o
    0x00000960   0x00000960   0x00000034   Code   RO            6    i.ADC_Threshold_Set  main.o
    0x00000994   0x00000994   0x0000001c   Code   RO         1244    i.Clear_Channel_active_flag  gpdma_lpc17xx.o
    0x000009b0   0x000009b0   0x000000e8   Code   RO         1245    i.DMA_IRQHandler    gpdma_lpc17xx.o
    0x00000a98   0x00000a98   0x0000000e   Code   RO          440    i.Decrease          increase_decrease.o
    0x00000aa6   0x00000aa6   0x00000002   PAD
    0x00000aa8   0x00000aa8   0x00000084   Code   RO            7    i.DisplayADCValue   main.o
    0x00000b2c   0x00000b2c   0x00000024   Code   RO            8    i.DisplayADC_Threshold  main.o
    0x00000b50   0x00000b50   0x0000015c   Code   RO            9    i.DisplayLightStatus  main.o
    0x00000cac   0x00000cac   0x000000ac   Code   RO           10    i.DisplayMoistStatus  main.o
    0x00000d58   0x00000d58   0x000000a4   Code   RO           11    i.DisplayPumpStatus  main.o
    0x00000dfc   0x00000dfc   0x00000100   Code   RO           12    i.DisplayStaticText  main.o
    0x00000efc   0x00000efc   0x0000010c   Code   RO           13    i.DisplayTempStatus  main.o
    0x00001008   0x00001008   0x00000080   Code   RO           14    i.DisplayTime       main.o
    0x00001088   0x00001088   0x000000ac   Code   RO           15    i.DisplayWaterEastStatus  main.o
    0x00001134   0x00001134   0x000000ac   Code   RO           16    i.DisplayWaterNorthStatus  main.o
    0x000011e0   0x000011e0   0x000000ac   Code   RO           17    i.DisplayWaterSouthStatus  main.o
    0x0000128c   0x0000128c   0x000000ac   Code   RO           18    i.DisplayWaterWestStatus  main.o
    0x00001338   0x00001338   0x00000090   Code   RO           19    i.Display_Light_Text_data  main.o
    0x000013c8   0x000013c8   0x00000084   Code   RO           20    i.Display_Moist_Text_data  main.o
    0x0000144c   0x0000144c   0x00000028   Code   RO           21    i.Display_Pump_Duration  main.o
    0x00001474   0x00001474   0x0000001c   Code   RO           22    i.Display_Pump_time  main.o
    0x00001490   0x00001490   0x000000c0   Code   RO           23    i.Display_Static_Text_data  main.o
    0x00001550   0x00001550   0x0000009c   Code   RO           24    i.Display_Temp_Text_data  main.o
    0x000015ec   0x000015ec   0x00000088   Code   RO           25    i.Display_WaterEastStatus_Text_data  main.o
    0x00001674   0x00001674   0x00000088   Code   RO           26    i.Display_WaterNorthStatus_Text_data  main.o
    0x000016fc   0x000016fc   0x00000088   Code   RO           27    i.Display_WaterSouthStatus_Text_data  main.o
    0x00001784   0x00001784   0x00000070   Code   RO           28    i.Display_WaterSpinklerStatus_Text_data  main.o
    0x000017f4   0x000017f4   0x00000088   Code   RO           29    i.Display_WaterWestStatus_Text_data  main.o
    0x0000187c   0x0000187c   0x0000001c   Code   RO           30    i.Display_current_Time  main.o
    0x00001898   0x00001898   0x000000a8   Code   RO           31    i.Duration_DisplayStaticText  main.o
    0x00001940   0x00001940   0x0000003c   Code   RO          719    i.GLCD_ClearScreen  glcd_mcb1700.o
    0x0000197c   0x0000197c   0x00000088   Code   RO          722    i.GLCD_DrawChar     glcd_mcb1700.o
    0x00001a04   0x00001a04   0x00000030   Code   RO          723    i.GLCD_DrawHLine    glcd_mcb1700.o
    0x00001a34   0x00001a34   0x00000034   Code   RO          725    i.GLCD_DrawRectangle  glcd_mcb1700.o
    0x00001a68   0x00001a68   0x00000030   Code   RO          726    i.GLCD_DrawString   glcd_mcb1700.o
    0x00001a98   0x00001a98   0x00000030   Code   RO          727    i.GLCD_DrawVLine    glcd_mcb1700.o
    0x00001ac8   0x00001ac8   0x000005ae   Code   RO          730    i.GLCD_Initialize   glcd_mcb1700.o
    0x00002076   0x00002076   0x00000002   PAD
    0x00002078   0x00002078   0x0000000c   Code   RO          731    i.GLCD_SetBackgroundColor  glcd_mcb1700.o
    0x00002084   0x00002084   0x0000000c   Code   RO          732    i.GLCD_SetFont      glcd_mcb1700.o
    0x00002090   0x00002090   0x0000000c   Code   RO          733    i.GLCD_SetForegroundColor  glcd_mcb1700.o
    0x0000209c   0x0000209c   0x00000094   Code   RO          734    i.GLCD_SetWindow    glcd_mcb1700.o
    0x00002130   0x00002130   0x0000013c   Code   RO           32    i.GLCD_UpdateMenu   main.o
    0x0000226c   0x0000226c   0x00000034   Code   RO           33    i.GLCD_intro_text   main.o
    0x000022a0   0x000022a0   0x00000030   Code   RO           34    i.GLCD_outro_text   main.o
    0x000022d0   0x000022d0   0x000000c8   Code   RO         1246    i.GPDMA_ChannelConfigure  gpdma_lpc17xx.o
    0x00002398   0x00002398   0x0000002c   Code   RO         1247    i.GPDMA_ChannelDisable  gpdma_lpc17xx.o
    0x000023c4   0x000023c4   0x00000030   Code   RO         1249    i.GPDMA_ChannelGetCount  gpdma_lpc17xx.o
    0x000023f4   0x000023f4   0x00000074   Code   RO         1251    i.GPDMA_Initialize  gpdma_lpc17xx.o
    0x00002468   0x00002468   0x00000034   Code   RO         1252    i.GPDMA_PeripheralSelect  gpdma_lpc17xx.o
    0x0000249c   0x0000249c   0x00000040   Code   RO         1253    i.GPDMA_Uninitialize  gpdma_lpc17xx.o
    0x000024dc   0x000024dc   0x00000018   Code   RO         1334    i.GPIO_PinRead      gpio_lpc17xx.o
    0x000024f4   0x000024f4   0x00000018   Code   RO         1335    i.GPIO_PinWrite     gpio_lpc17xx.o
    0x0000250c   0x0000250c   0x0000001c   Code   RO         1336    i.GPIO_PortClock    gpio_lpc17xx.o
    0x00002528   0x00002528   0x00000020   Code   RO         1339    i.GPIO_SetDir       gpio_lpc17xx.o
    0x00002548   0x00002548   0x0000003c   Code   RO         1059    i.GetSSPClockFreq   ssp_lpc17xx.o
    0x00002584   0x00002584   0x00000012   Code   RO          441    i.Increase          increase_decrease.o
    0x00002596   0x00002596   0x00000002   PAD
    0x00002598   0x00002598   0x00000018   Code   RO           35    i.Init_LED          main.o
    0x000025b0   0x000025b0   0x00000060   Code   RO           36    i.Joy_stick_scan    main.o
    0x00002610   0x00002610   0x00000040   Code   RO          893    i.Joystick_Initialize  joystick_mcb1700.o
    0x00002650   0x00002650   0x0000004c   Code   RO          929    i.LED_Initialize    led_mcb1700.o
    0x0000269c   0x0000269c   0x00000050   Code   RO           37    i.Light_Sensor_Screen  main.o
    0x000026ec   0x000026ec   0x000000a4   Code   RO           38    i.Main_menu_Joy_stick_scan  main.o
    0x00002790   0x00002790   0x00000050   Code   RO           39    i.Moist_Sensor_Screen  main.o
    0x000027e0   0x000027e0   0x00000016   Code   RO         1060    i.NVIC_ClearPendingIRQ  ssp_lpc17xx.o
    0x000027f6   0x000027f6   0x00000016   Code   RO         1254    i.NVIC_ClearPendingIRQ  gpdma_lpc17xx.o
    0x0000280c   0x0000280c   0x00000068   Code   RO         1388    i.PIN_Configure     pin_lpc17xx.o
    0x00002874   0x00002874   0x00000080   Code   RO           40    i.P_DisplayTime     main.o
    0x000028f4   0x000028f4   0x00000084   Code   RO           41    i.P_Setting_JoystickControl  main.o
    0x00002978   0x00002978   0x00000038   Code   RO           42    i.PumpSettingScreen  main.o
    0x000029b0   0x000029b0   0x000000f8   Code   RO           43    i.Pump_DisplayStaticText  main.o
    0x00002aa8   0x00002aa8   0x00000034   Code   RO           44    i.Pump_Duration_JoystickControl  main.o
    0x00002adc   0x00002adc   0x00000034   Code   RO           45    i.Pump_Duration_Set  main.o
    0x00002b10   0x00002b10   0x0000000c   Code   RO         1061    i.SSP1_Control      ssp_lpc17xx.o
    0x00002b1c   0x00002b1c   0x0000000c   Code   RO         1062    i.SSP1_GPDMA_Rx_SignalEvent  ssp_lpc17xx.o
    0x00002b28   0x00002b28   0x0000000c   Code   RO         1063    i.SSP1_GPDMA_Tx_SignalEvent  ssp_lpc17xx.o
    0x00002b34   0x00002b34   0x00000028   Code   RO         1064    i.SSP1_GetDataCount  ssp_lpc17xx.o
    0x00002b5c   0x00002b5c   0x00000020   Code   RO         1065    i.SSP1_GetStatus    ssp_lpc17xx.o
    0x00002b7c   0x00002b7c   0x0000000c   Code   RO         1066    i.SSP1_IRQHandler   ssp_lpc17xx.o
    0x00002b88   0x00002b88   0x0000000c   Code   RO         1067    i.SSP1_Initialize   ssp_lpc17xx.o
    0x00002b94   0x00002b94   0x0000000c   Code   RO         1068    i.SSP1_PowerControl  ssp_lpc17xx.o
    0x00002ba0   0x00002ba0   0x0000000c   Code   RO         1069    i.SSP1_Receive      ssp_lpc17xx.o
    0x00002bac   0x00002bac   0x0000000c   Code   RO         1070    i.SSP1_Send         ssp_lpc17xx.o
    0x00002bb8   0x00002bb8   0x0000000c   Code   RO         1071    i.SSP1_Transfer     ssp_lpc17xx.o
    0x00002bc4   0x00002bc4   0x0000000c   Code   RO         1072    i.SSP1_Uninitialize  ssp_lpc17xx.o
    0x00002bd0   0x00002bd0   0x0000000c   Code   RO         1073    i.SSP_GetCapabilities  ssp_lpc17xx.o
    0x00002bdc   0x00002bdc   0x0000000c   Code   RO         1074    i.SSP_GetVersion    ssp_lpc17xx.o
    0x00002be8   0x00002be8   0x000003e4   Code   RO         1075    i.SSPx_Control      ssp_lpc17xx.o
    0x00002fcc   0x00002fcc   0x0000001e   Code   RO         1076    i.SSPx_GPDMA_Rx_SignalEvent  ssp_lpc17xx.o
    0x00002fea   0x00002fea   0x0000000c   Code   RO         1077    i.SSPx_GPDMA_Tx_SignalEvent  ssp_lpc17xx.o
    0x00002ff6   0x00002ff6   0x000000ce   Code   RO         1078    i.SSPx_IRQHandler   ssp_lpc17xx.o
    0x000030c4   0x000030c4   0x00000094   Code   RO         1079    i.SSPx_Initialize   ssp_lpc17xx.o
    0x00003158   0x00003158   0x0000014a   Code   RO         1080    i.SSPx_PowerControl  ssp_lpc17xx.o
    0x000032a2   0x000032a2   0x00000002   PAD
    0x000032a4   0x000032a4   0x0000012c   Code   RO         1081    i.SSPx_Receive      ssp_lpc17xx.o
    0x000033d0   0x000033d0   0x0000012c   Code   RO         1082    i.SSPx_Send         ssp_lpc17xx.o
    0x000034fc   0x000034fc   0x00000134   Code   RO         1083    i.SSPx_Transfer     ssp_lpc17xx.o
    0x00003630   0x00003630   0x00000064   Code   RO         1084    i.SSPx_Uninitialize  ssp_lpc17xx.o
    0x00003694   0x00003694   0x00000048   Code   RO           46    i.SelectColor       main.o
    0x000036dc   0x000036dc   0x0000002c   Code   RO         1255    i.Set_Channel_active_flag  gpdma_lpc17xx.o
    0x00003708   0x00003708   0x000000d0   Code   RO         1435    i.SystemInit        system_lpc17xx.o
    0x000037d8   0x000037d8   0x00000050   Code   RO           47    i.Temp_Sensor_Screen  main.o
    0x00003828   0x00003828   0x00000038   Code   RO           48    i.TimeSettingScreen  main.o
    0x00003860   0x00003860   0x00000084   Code   RO           49    i.TimeSettingScreenJoystickControl  main.o
    0x000038e4   0x000038e4   0x00000024   Code   RO           50    i.TimeToString      main.o
    0x00003908   0x00003908   0x0000003c   Code   RO           51    i.Time_and_data_init  main.o
    0x00003944   0x00003944   0x00000034   Code   RO           52    i.Time_update       main.o
    0x00003978   0x00003978   0x00000004   Code   RO           53    i.Timer_Callback    main.o
    0x0000397c   0x0000397c   0x00000050   Code   RO           54    i.Water_East_Screen  main.o
    0x000039cc   0x000039cc   0x00000050   Code   RO           55    i.Water_North_Screen  main.o
    0x00003a1c   0x00003a1c   0x00000050   Code   RO           56    i.Water_South_Screen  main.o
    0x00003a6c   0x00003a6c   0x0000004c   Code   RO           57    i.Water_Sprinkler_Screen  main.o
    0x00003ab8   0x00003ab8   0x00000050   Code   RO           58    i.Water_West_Screen  main.o
    0x00003b08   0x00003b08   0x00000054   Code   RO           59    i.Water_menu_Joy_stick_scan  main.o
    0x00003b5c   0x00003b5c   0x00000054   Code   RO           60    i.Working_Screen    main.o
    0x00003bb0   0x00003bb0   0x00000046   Code   RO         2564    i._init_box         RTX_CM3.lib(rt_membox.o)
    0x00003bf6   0x00003bf6   0x0000000e   Code   RO         2705    i._is_digit         c_w.l(__printf_wp.o)
    0x00003c04   0x00003c04   0x00000020   Code   RO          974    i._mutex_acquire    rtx_conf_cm.o
    0x00003c24   0x00003c24   0x0000001c   Code   RO          976    i._mutex_release    rtx_conf_cm.o
    0x00003c40   0x00003c40   0x0000001c   Code   RO           61    i.checkRemainTime   main.o
    0x00003c5c   0x00003c5c   0x00000030   Code   RO         2617    i.dbg_init          RTX_CM3.lib(hal_cm.o)
    0x00003c8c   0x00003c8c   0x00000020   Code   RO         2618    i.dbg_task_notify   RTX_CM3.lib(hal_cm.o)
    0x00003cac   0x00003cac   0x00000010   Code   RO         2619    i.dbg_task_switch   RTX_CM3.lib(hal_cm.o)
    0x00003cbc   0x00003cbc   0x0000002c   Code   RO          737    i.delay_ms          glcd_mcb1700.o
    0x00003ce8   0x00003ce8   0x0000002a   Code   RO         1470    i.isrMessageGet     RTX_CM3.lib(rt_cmsis.o)
    0x00003d12   0x00003d12   0x0000002c   Code   RO         1471    i.isrMessagePut     RTX_CM3.lib(rt_cmsis.o)
    0x00003d3e   0x00003d3e   0x00000002   PAD
    0x00003d40   0x00003d40   0x00000052   Code   RO         2419    i.isr_mbx_receive   RTX_CM3.lib(rt_mailbox.o)
    0x00003d92   0x00003d92   0x0000000e   Code   RO         2420    i.isr_mbx_send      RTX_CM3.lib(rt_mailbox.o)
    0x00003da0   0x00003da0   0x00000010   Code   RO          459    i.light_off         light_on_off.o
    0x00003db0   0x00003db0   0x00000018   Code   RO          460    i.light_on          light_on_off.o
    0x00003dc8   0x00003dc8   0x000000a0   Code   RO           62    i.main              main.o
    0x00003e68   0x00003e68   0x00000020   Code   RO          489    i.menu_action_1     action.o
    0x00003e88   0x00003e88   0x00000020   Code   RO          490    i.menu_action_10    action.o
    0x00003ea8   0x00003ea8   0x00000020   Code   RO          491    i.menu_action_11    action.o
    0x00003ec8   0x00003ec8   0x00000020   Code   RO          492    i.menu_action_12    action.o
    0x00003ee8   0x00003ee8   0x00000020   Code   RO          493    i.menu_action_13    action.o
    0x00003f08   0x00003f08   0x00000020   Code   RO          494    i.menu_action_2     action.o
    0x00003f28   0x00003f28   0x00000020   Code   RO          495    i.menu_action_3     action.o
    0x00003f48   0x00003f48   0x00000020   Code   RO          496    i.menu_action_4     action.o
    0x00003f68   0x00003f68   0x00000020   Code   RO          497    i.menu_action_5     action.o
    0x00003f88   0x00003f88   0x00000020   Code   RO          498    i.menu_action_6     action.o
    0x00003fa8   0x00003fa8   0x00000020   Code   RO          499    i.menu_action_7     action.o
    0x00003fc8   0x00003fc8   0x00000020   Code   RO          500    i.menu_action_8     action.o
    0x00003fe8   0x00003fe8   0x00000020   Code   RO          501    i.menu_action_9     action.o
    0x00004008   0x00004008   0x00000024   Code   RO         1475    i.osKernelInitialize  RTX_CM3.lib(rt_cmsis.o)
    0x0000402c   0x0000402c   0x0000006c   Code   RO         1477    i.osKernelStart     RTX_CM3.lib(rt_cmsis.o)
    0x00004098   0x00004098   0x00000018   Code   RO         1486    i.osMessageGet      RTX_CM3.lib(rt_cmsis.o)
    0x000040b0   0x000040b0   0x00000030   Code   RO         1503    i.osThreadCreate    RTX_CM3.lib(rt_cmsis.o)
    0x000040e0   0x000040e0   0x00000018   Code   RO         1504    i.osThreadExit      RTX_CM3.lib(rt_cmsis.o)
    0x000040f8   0x000040f8   0x0000000c   Code   RO         1510    i.osTimerCall       RTX_CM3.lib(rt_cmsis.o)
    0x00004104   0x00004104   0x00000034   Code   RO         1511    i.osTimerCreate     RTX_CM3.lib(rt_cmsis.o)
    0x00004138   0x00004138   0x00000018   Code   RO         1513    i.osTimerStart      RTX_CM3.lib(rt_cmsis.o)
    0x00004150   0x00004150   0x0000002c   Code   RO         1515    i.osTimerThread     RTX_CM3.lib(rt_cmsis.o)
    0x0000417c   0x0000417c   0x00000002   Code   RO          977    i.os_error          rtx_conf_cm.o
    0x0000417e   0x0000417e   0x00000002   Code   RO          978    i.os_idle_demon     rtx_conf_cm.o
    0x00004180   0x00004180   0x00000028   Code   RO         2211    i.os_tick_init      RTX_CM3.lib(rt_system.o)
    0x000041a8   0x000041a8   0x00000002   Code   RO         2212    i.os_tick_irqack    RTX_CM3.lib(rt_system.o)
    0x000041aa   0x000041aa   0x00000002   PAD
    0x000041ac   0x000041ac   0x000000b0   Code   RO          738    i.rd_id_man         glcd_mcb1700.o
    0x0000425c   0x0000425c   0x0000001a   Code   RO         2565    i.rt_alloc_box      RTX_CM3.lib(rt_membox.o)
    0x00004276   0x00004276   0x0000003e   Code   RO         2593    i.rt_alloc_mem      RTX_CM3.lib(rt_memory.o)
    0x000042b4   0x000042b4   0x00000038   Code   RO         2092    i.rt_block          RTX_CM3.lib(rt_task.o)
    0x000042ec   0x000042ec   0x00000048   Code   RO         2542    i.rt_chk_robin      RTX_CM3.lib(rt_robin.o)
    0x00004334   0x00004334   0x00000070   Code   RO         2343    i.rt_dec_dly        RTX_CM3.lib(rt_list.o)
    0x000043a4   0x000043a4   0x00000044   Code   RO         2093    i.rt_dispatch       RTX_CM3.lib(rt_task.o)
    0x000043e8   0x000043e8   0x00000050   Code   RO         2304    i.rt_evt_psh        RTX_CM3.lib(rt_event.o)
    0x00004438   0x00004438   0x0000002c   Code   RO         2566    i.rt_free_box       RTX_CM3.lib(rt_membox.o)
    0x00004464   0x00004464   0x00000028   Code   RO         2594    i.rt_free_mem       RTX_CM3.lib(rt_memory.o)
    0x0000448c   0x0000448c   0x00000028   Code   RO         2344    i.rt_get_first      RTX_CM3.lib(rt_list.o)
    0x000044b4   0x000044b4   0x00000008   Code   RO         1520    i.rt_id2obj         RTX_CM3.lib(rt_cmsis.o)
    0x000044bc   0x000044bc   0x00000048   Code   RO         2094    i.rt_init_context   RTX_CM3.lib(rt_task.o)
    0x00004504   0x00004504   0x0000001a   Code   RO         2595    i.rt_init_mem       RTX_CM3.lib(rt_memory.o)
    0x0000451e   0x0000451e   0x00000002   PAD
    0x00004520   0x00004520   0x00000018   Code   RO         2543    i.rt_init_robin     RTX_CM3.lib(rt_robin.o)
    0x00004538   0x00004538   0x00000080   Code   RO         2620    i.rt_init_stack     RTX_CM3.lib(hal_cm.o)
    0x000045b8   0x000045b8   0x00000008   Code   RO         2421    i.rt_mbx_check      RTX_CM3.lib(rt_mailbox.o)
    0x000045c0   0x000045c0   0x0000001a   Code   RO         2422    i.rt_mbx_init       RTX_CM3.lib(rt_mailbox.o)
    0x000045da   0x000045da   0x00000002   PAD
    0x000045dc   0x000045dc   0x000000f0   Code   RO         2423    i.rt_mbx_psh        RTX_CM3.lib(rt_mailbox.o)
    0x000046cc   0x000046cc   0x000000b4   Code   RO         2425    i.rt_mbx_wait       RTX_CM3.lib(rt_mailbox.o)
    0x00004780   0x00004780   0x00000044   Code   RO         1521    i.rt_ms2tick        RTX_CM3.lib(rt_cmsis.o)
    0x000047c4   0x000047c4   0x000000d8   Code   RO         2178    i.rt_mut_release    RTX_CM3.lib(rt_mutex.o)
    0x0000489c   0x0000489c   0x00000068   Code   RO         2179    i.rt_mut_wait       RTX_CM3.lib(rt_mutex.o)
    0x00004904   0x00004904   0x0000007c   Code   RO         2215    i.rt_pop_req        RTX_CM3.lib(rt_system.o)
    0x00004980   0x00004980   0x00000020   Code   RO         2216    i.rt_psh_req        RTX_CM3.lib(rt_system.o)
    0x000049a0   0x000049a0   0x0000005c   Code   RO         2346    i.rt_psq_enq        RTX_CM3.lib(rt_list.o)
    0x000049fc   0x000049fc   0x00000048   Code   RO         2347    i.rt_put_dly        RTX_CM3.lib(rt_list.o)
    0x00004a44   0x00004a44   0x00000036   Code   RO         2348    i.rt_put_prio       RTX_CM3.lib(rt_list.o)
    0x00004a7a   0x00004a7a   0x00000002   PAD
    0x00004a7c   0x00004a7c   0x00000014   Code   RO         2349    i.rt_put_rdy_first  RTX_CM3.lib(rt_list.o)
    0x00004a90   0x00004a90   0x00000034   Code   RO         2350    i.rt_resort_prio    RTX_CM3.lib(rt_list.o)
    0x00004ac4   0x00004ac4   0x00000006   Code   RO         2621    i.rt_ret_val        RTX_CM3.lib(hal_cm.o)
    0x00004aca   0x00004aca   0x00000008   Code   RO         2622    i.rt_ret_val2       RTX_CM3.lib(hal_cm.o)
    0x00004ad2   0x00004ad2   0x00000028   Code   RO         2351    i.rt_rmv_dly        RTX_CM3.lib(rt_list.o)
    0x00004afa   0x00004afa   0x00000002   PAD
    0x00004afc   0x00004afc   0x00000030   Code   RO         2352    i.rt_rmv_list       RTX_CM3.lib(rt_list.o)
    0x00004b2c   0x00004b2c   0x00000034   Code   RO         2470    i.rt_sem_psh        RTX_CM3.lib(rt_semaphore.o)
    0x00004b60   0x00004b60   0x00000024   Code   RO         2218    i.rt_stk_check      RTX_CM3.lib(rt_system.o)
    0x00004b84   0x00004b84   0x00000028   Code   RO         2095    i.rt_switch_req     RTX_CM3.lib(rt_task.o)
    0x00004bac   0x00004bac   0x000000cc   Code   RO         2096    i.rt_sys_init       RTX_CM3.lib(rt_task.o)
    0x00004c78   0x00004c78   0x00000078   Code   RO         2097    i.rt_sys_start      RTX_CM3.lib(rt_task.o)
    0x00004cf0   0x00004cf0   0x00000040   Code   RO         2220    i.rt_systick        RTX_CM3.lib(rt_system.o)
    0x00004d30   0x00004d30   0x00000012   Code   RO         1522    i.rt_tid2ptcb       RTX_CM3.lib(rt_cmsis.o)
    0x00004d42   0x00004d42   0x00000002   PAD
    0x00004d44   0x00004d44   0x00000034   Code   RO         1523    i.rt_timer_insert   RTX_CM3.lib(rt_cmsis.o)
    0x00004d78   0x00004d78   0x0000003c   Code   RO         1524    i.rt_timer_remove   RTX_CM3.lib(rt_cmsis.o)
    0x00004db4   0x00004db4   0x00000088   Code   RO         2098    i.rt_tsk_create     RTX_CM3.lib(rt_task.o)
    0x00004e3c   0x00004e3c   0x0000017c   Code   RO         2099    i.rt_tsk_delete     RTX_CM3.lib(rt_task.o)
    0x00004fb8   0x00004fb8   0x0000007c   Code   RO         2101    i.rt_tsk_prio       RTX_CM3.lib(rt_task.o)
    0x00005034   0x00005034   0x00000010   Code   RO         2102    i.rt_tsk_self       RTX_CM3.lib(rt_task.o)
    0x00005044   0x00005044   0x00000024   Code   RO          739    i.spi_tran          glcd_mcb1700.o
    0x00005068   0x00005068   0x0000007c   Code   RO          740    i.spi_tran_man      glcd_mcb1700.o
    0x000050e4   0x000050e4   0x00000070   Code   RO         1526    i.svcKernelInitialize  RTX_CM3.lib(rt_cmsis.o)
    0x00005154   0x00005154   0x00000048   Code   RO         1528    i.svcKernelStart    RTX_CM3.lib(rt_cmsis.o)
    0x0000519c   0x0000519c   0x00000024   Code   RO         1531    i.svcMessageCreate  RTX_CM3.lib(rt_cmsis.o)
    0x000051c0   0x000051c0   0x0000003a   Code   RO         1532    i.svcMessageGet     RTX_CM3.lib(rt_cmsis.o)
    0x000051fa   0x000051fa   0x00000002   PAD
    0x000051fc   0x000051fc   0x00000070   Code   RO         1546    i.svcThreadCreate   RTX_CM3.lib(rt_cmsis.o)
    0x0000526c   0x0000526c   0x0000001c   Code   RO         1547    i.svcThreadGetId    RTX_CM3.lib(rt_cmsis.o)
    0x00005288   0x00005288   0x00000038   Code   RO         1550    i.svcThreadTerminate  RTX_CM3.lib(rt_cmsis.o)
    0x000052c0   0x000052c0   0x00000018   Code   RO         1552    i.svcTimerCall      RTX_CM3.lib(rt_cmsis.o)
    0x000052d8   0x000052d8   0x00000038   Code   RO         1553    i.svcTimerCreate    RTX_CM3.lib(rt_cmsis.o)
    0x00005310   0x00005310   0x00000064   Code   RO         1555    i.svcTimerStart     RTX_CM3.lib(rt_cmsis.o)
    0x00005374   0x00005374   0x0000005c   Code   RO         1561    i.sysTimerTick      RTX_CM3.lib(rt_cmsis.o)
    0x000053d0   0x000053d0   0x0000003c   Code   RO          741    i.wr_cmd            glcd_mcb1700.o
    0x0000540c   0x0000540c   0x00000024   Code   RO          742    i.wr_dat_only       glcd_mcb1700.o
    0x00005430   0x00005430   0x0000001c   Code   RO          743    i.wr_dat_start      glcd_mcb1700.o
    0x0000544c   0x0000544c   0x00000010   Code   RO          744    i.wr_dat_stop       glcd_mcb1700.o
    0x0000545c   0x0000545c   0x0000006c   Code   RO          745    i.wr_reg            glcd_mcb1700.o
    0x000054c8   0x000054c8   0x00000008   Data   RO           66    .constdata          main.o
    0x000054d0   0x000054d0   0x00001500   Data   RO          705    .constdata          glcd_fonts.o
    0x000069d0   0x000069d0   0x00000010   Data   RO          707    .constdata          glcd_fonts.o
    0x000069e0   0x000069e0   0x0000000a   Data   RO          895    .constdata          joystick_mcb1700.o
    0x000069ea   0x000069ea   0x00000010   Data   RO          934    .constdata          led_mcb1700.o
    0x000069fa   0x000069fa   0x00000002   Data   RO          986    .constdata          rtx_conf_cm.o
    0x000069fc   0x000069fc   0x00000004   Data   RO          987    .constdata          rtx_conf_cm.o
    0x00006a00   0x00006a00   0x00000004   Data   RO          988    .constdata          rtx_conf_cm.o
    0x00006a04   0x00006a04   0x00000004   Data   RO          992    .constdata          rtx_conf_cm.o
    0x00006a08   0x00006a08   0x00000001   Data   RO          993    .constdata          rtx_conf_cm.o
    0x00006a09   0x00006a09   0x00000003   PAD
    0x00006a0c   0x00006a0c   0x00000010   Data   RO          994    .constdata          rtx_conf_cm.o
    0x00006a1c   0x00006a1c   0x00000002   Data   RO          995    .constdata          rtx_conf_cm.o
    0x00006a1e   0x00006a1e   0x00000002   PAD
    0x00006a20   0x00006a20   0x00000004   Data   RO          996    .constdata          rtx_conf_cm.o
    0x00006a24   0x00006a24   0x00000004   Data   RO          997    .constdata          rtx_conf_cm.o
    0x00006a28   0x00006a28   0x00000001   Data   RO          998    .constdata          rtx_conf_cm.o
    0x00006a29   0x00006a29   0x00000003   PAD
    0x00006a2c   0x00006a2c   0x00000010   Data   RO          999    .constdata          rtx_conf_cm.o
    0x00006a3c   0x00006a3c   0x00000008   Data   RO         1000    .constdata          rtx_conf_cm.o
    0x00006a44   0x00006a44   0x00000002   Data   RO         1001    .constdata          rtx_conf_cm.o
    0x00006a46   0x00006a46   0x00000002   PAD
    0x00006a48   0x00006a48   0x00000050   Data   RO         1087    .constdata          ssp_lpc17xx.o
    0x00006a98   0x00006a98   0x0000002c   Data   RO         1088    .constdata          ssp_lpc17xx.o
    0x00006ac4   0x00006ac4   0x00000011   Data   RO         2708    .constdata          c_w.l(__printf_flags_wp.o)
    0x00006ad5   0x00006ad5   0x00000003   PAD
    0x00006ad8   0x00006ad8   0x000000c6   Data   RO           67    .conststring        main.o
    0x00006b9e   0x00006b9e   0x00000002   PAD
    0x00006ba0   0x00006ba0   0x00000020   Data   RO         2891    Region$$Table       anon$$obj.o


    Execution Region RW_IRAM1 (Exec base: 0x10000000, Load base: 0x00006bc0, Size: 0x00001370, Max: 0x00008000, ABSOLUTE, COMPRESSED[0x00000074])

    Exec Addr    Load Addr    Size         Type   Attr      Idx    E Section Name        Object

    0x10000000   COMPRESSED   0x0000011c   Data   RW           68    .data               main.o
    0x1000011c   COMPRESSED   0x00000004   Data   RW          593    .data               adc_mcb1700.o
    0x10000120   COMPRESSED   0x00000014   Data   RW          746    .data               glcd_mcb1700.o
    0x10000134   COMPRESSED   0x00000004   Data   RW         1003    .data               rtx_conf_cm.o
    0x10000138   COMPRESSED   0x00000010   Data   RW         1004    .data               rtx_conf_cm.o
    0x10000148   COMPRESSED   0x00000004   Data   RW         1005    .data               rtx_conf_cm.o
    0x1000014c   COMPRESSED   0x00000004   Data   RW         1006    .data               rtx_conf_cm.o
    0x10000150   COMPRESSED   0x00000002   Data   RW         1089    .data               ssp_lpc17xx.o
    0x10000152   COMPRESSED   0x00000002   Data   RW         1090    .data               ssp_lpc17xx.o
    0x10000154   COMPRESSED   0x00000002   Data   RW         1091    .data               ssp_lpc17xx.o
    0x10000156   COMPRESSED   0x00000002   Data   RW         1092    .data               ssp_lpc17xx.o
    0x10000158   COMPRESSED   0x00000008   Data   RW         1093    .data               ssp_lpc17xx.o
    0x10000160   COMPRESSED   0x00000008   Data   RW         1257    .data               gpdma_lpc17xx.o
    0x10000168   COMPRESSED   0x00000004   Data   RW         1436    .data               system_lpc17xx.o
    0x1000016c   COMPRESSED   0x00000008   Data   RW         1564    .data               RTX_CM3.lib(rt_cmsis.o)
    0x10000174   COMPRESSED   0x00000008   Data   RW         2104    .data               RTX_CM3.lib(rt_task.o)
    0x1000017c   COMPRESSED   0x00000008   Data   RW         2223    .data               RTX_CM3.lib(rt_system.o)
    0x10000184   COMPRESSED   0x00000004   Data   RW         2513    .data               RTX_CM3.lib(rt_time.o)
    0x10000188   COMPRESSED   0x00000008   Data   RW         2544    .data               RTX_CM3.lib(rt_robin.o)
    0x10000190   COMPRESSED   0x00000001   Data   RW         2623    .data               RTX_CM3.lib(hal_cm.o)
    0x10000191   COMPRESSED   0x00000003   PAD
    0x10000194        -       0x00000010   Zero   RW           64    .bss                main.o
    0x100001a4        -       0x00000018   Zero   RW           65    .bss                main.o
    0x100001bc        -       0x00000020   Zero   RW          979    .bss                rtx_conf_cm.o
    0x100001dc        -       0x00000178   Zero   RW          980    .bss                rtx_conf_cm.o
    0x10000354   COMPRESSED   0x00000004   PAD
    0x10000358        -       0x00000970   Zero   RW          981    .bss                rtx_conf_cm.o
    0x10000cc8        -       0x00000278   Zero   RW          982    .bss                rtx_conf_cm.o
    0x10000f40        -       0x00000084   Zero   RW          983    .bss                rtx_conf_cm.o
    0x10000fc4        -       0x0000001c   Zero   RW          984    .bss                rtx_conf_cm.o
    0x10000fe0        -       0x0000000c   Zero   RW         1085    .bss                ssp_lpc17xx.o
    0x10000fec        -       0x0000001c   Zero   RW         1086    .bss                ssp_lpc17xx.o
    0x10001008        -       0x000000a0   Zero   RW         1256    .bss                gpdma_lpc17xx.o
    0x100010a8        -       0x00000034   Zero   RW         2103    .bss                RTX_CM3.lib(rt_task.o)
    0x100010dc        -       0x00000030   Zero   RW         2353    .bss                RTX_CM3.lib(rt_list.o)
    0x1000110c        -       0x00000060   Zero   RW         2681    .bss                c_w.l(libspace.o)
    0x1000116c   COMPRESSED   0x00000004   PAD
    0x10001170        -       0x00000000   Zero   RW         1422    HEAP                startup_lpc17xx.o
    0x10001170        -       0x00000200   Zero   RW         1421    STACK               startup_lpc17xx.o


==============================================================================

Image component sizes


      Code (inc. data)   RO Data    RW Data    ZI Data      Debug   Object Name

       416         78          0          0          0       5556   action.o
        96         20          0          4          0      26971   adc_mcb1700.o
         0          0       5392          0          0        808   glcd_fonts.o
      2658        106          0         20          0      15843   glcd_mcb1700.o
       850         78          0          8        160       8642   gpdma_lpc17xx.o
       108         18          0          0          0       2406   gpio_lpc17xx.o
        32          0          0          0          0       1010   increase_decrease.o
        64          6         10          0          0       1593   joystick_mcb1700.o
        76          6         16          0          0       1612   led_mcb1700.o
        40         10          0          0          0        871   light_on_off.o
      6792       1872        206        284         40      64915   main.o
       104          4          0          0          0        900   pin_lpc17xx.o
        92         26         68         28       3616       9119   rtx_conf_cm.o
      3028        102        124         16         40      50957   ssp_lpc17xx.o
        64         26        204          0        512       1012   startup_lpc17xx.o
       208         12          0          4          0        847   system_lpc17xx.o

    ----------------------------------------------------------------------
     14636       2364       6064        364       4372     193062   Object Totals
         0          0         32          0          0          0   (incl. Generated)
         8          0         12          0          4          0   (incl. Padding)

    ----------------------------------------------------------------------

      Code (inc. data)   RO Data    RW Data    ZI Data      Debug   Library Member Name

       238         24          0          1          0       3256   hal_cm.o
       304         36          0          0          0        760   hal_cm3.o
      1410        166          0          8          0      34693   rt_cmsis.o
        80          4          0          0          0        653   rt_event.o
       530         34          0          0         48       8165   rt_list.o
       550         10          0          0          0       3897   rt_mailbox.o
       140          0          0          0          0       1901   rt_membox.o
       128          0          0          0          0       2275   rt_memory.o
       320         12          0          0          0       1603   rt_mutex.o
        96         22          0          8          0       1134   rt_robin.o
        52          4          0          0          0        565   rt_semaphore.o
       298         52          0          8          0       6151   rt_system.o
      1216        174          0          8         52       9545   rt_task.o
         0          0          0          4          0        206   rt_time.o
         4          4          0          0          0        200   svc_table.o
        90          0          0          0          0          0   __dczerorl2.o
         8          0          0          0          0         68   __main.o
       312          4         17          0          0         92   __printf_flags_wp.o
        14          0          0          0          0         68   __printf_wp.o
         0          0          0          0          0          0   __rtentry.o
        20          0          0          0          0          0   __rtentry2.o
         6          0          0          0          0          0   __rtentry4.o
        52          8          0          0          0          0   __scatter.o
        28          0          0          0          0          0   __scatter_zi.o
        48          6          0          0          0         96   _printf_char_common.o
         6          0          0          0          0          0   _printf_d.o
       120         16          0          0          0         92   _printf_dec.o
       178          0          0          0          0         88   _printf_intcommon.o
        78          0          0          0          0        108   _printf_pad.o
         0          0          0          0          0          0   _printf_percent.o
         4          0          0          0          0          0   _printf_percent_end.o
        10          0          0          0          0         68   _sputc.o
        18          0          0          0          0         80   exit.o
         6          0          0          0          0        152   heapauxi.o
         0          0          0          0          0          0   indicate_semi.o
         2          0          0          0          0          0   libinit.o
         2          0          0          0          0          0   libinit2.o
         2          0          0          0          0          0   libshutdown.o
         2          0          0          0          0          0   libshutdown2.o
         8          4          0          0         96         68   libspace.o
       238          0          0          0          0        100   lludivv7m.o
        40          6          0          0          0         84   noretval__2sprintf.o
        78          0          0          0          0         80   rt_memclr_w.o
         2          0          0          0          0          0   rtexit.o
        10          0          0          0          0          0   rtexit2.o
        12          4          0          0          0         68   sys_exit.o
        74          0          0          0          0         80   sys_stackheap_outer.o
         2          0          0          0          0         68   use_no_semi.o

    ----------------------------------------------------------------------
      6864        590         20         40        200      76464   Library Totals
        28          0          3          3          4          0   (incl. Padding)

    ----------------------------------------------------------------------

      Code (inc. data)   RO Data    RW Data    ZI Data      Debug   Library Name

      5366        542          0         37        100      75004   RTX_CM3.lib
      1470         48         17          0         96       1460   c_w.l

    ----------------------------------------------------------------------
      6864        590         20         40        200      76464   Library Totals

    ----------------------------------------------------------------------

==============================================================================


      Code (inc. data)   RO Data    RW Data    ZI Data      Debug   

     21500       2954       6084        404       4572     257614   Grand Totals
     21500       2954       6084        116       4572     257614   ELF Image Totals (compressed)
     21500       2954       6084        116          0          0   ROM Totals

==============================================================================

    Total RO  Size (Code + RO Data)                27584 (  26.94kB)
    Total RW  Size (RW Data + ZI Data)              4976 (   4.86kB)
    Total ROM Size (Code + RO Data + RW Data)      27700 (  27.05kB)

==============================================================================

