Component: ARM Compiler 6.14 Tool: armlink [5db06800]

==============================================================================

Section Cross References

    ex5.o(.text) refers (Special) to _printf_f.o(.ARM.Collect$$_printf_percent$$00000003) for _printf_f
    ex5.o(.text) refers (Special) to printf1.o(x$fpl$printf1) for _printf_fp_dec
    ex5.o(.text) refers (Special) to _printf_percent.o(.ARM.Collect$$_printf_percent$$00000000) for _printf_percent
    ex5.o(.text.main) refers (Special) to _printf_f.o(.ARM.Collect$$_printf_percent$$00000003) for _printf_f
    ex5.o(.text.main) refers (Special) to printf1.o(x$fpl$printf1) for _printf_fp_dec
    ex5.o(.text.main) refers (Special) to _printf_percent.o(.ARM.Collect$$_printf_percent$$00000000) for _printf_percent
    ex5.o(.text.main) refers to ex5.o(.text.initTimer1) for initTimer1
    ex5.o(.text.main) refers to glcd_mcb1700.o(.text.GLCD_Initialize) for GLCD_Initialize
    ex5.o(.text.main) refers to glcd_fonts.o(.rodata.GLCD_Font_16x24) for GLCD_Font_16x24
    ex5.o(.text.main) refers to glcd_mcb1700.o(.text.GLCD_SetFont) for GLCD_SetFont
    ex5.o(.text.main) refers to glcd_mcb1700.o(.text.GLCD_SetBackgroundColor) for GLCD_SetBackgroundColor
    ex5.o(.text.main) refers to glcd_mcb1700.o(.text.GLCD_ClearScreen) for GLCD_ClearScreen
    ex5.o(.ARM.exidx.text.main) refers (Special) to _printf_f.o(.ARM.Collect$$_printf_percent$$00000003) for _printf_f
    ex5.o(.ARM.exidx.text.main) refers (Special) to printf1.o(x$fpl$printf1) for _printf_fp_dec
    ex5.o(.ARM.exidx.text.main) refers (Special) to _printf_percent.o(.ARM.Collect$$_printf_percent$$00000000) for _printf_percent
    ex5.o(.ARM.exidx.text.main) refers to ex5.o(.text.main) for [Anonymous Symbol]
    ex5.o(.text.initTimer1) refers (Special) to _printf_f.o(.ARM.Collect$$_printf_percent$$00000003) for _printf_f
    ex5.o(.text.initTimer1) refers (Special) to printf1.o(x$fpl$printf1) for _printf_fp_dec
    ex5.o(.text.initTimer1) refers (Special) to _printf_percent.o(.ARM.Collect$$_printf_percent$$00000000) for _printf_percent
    ex5.o(.text.initTimer1) refers to ex5.o(.text.__NVIC_EnableIRQ) for __NVIC_EnableIRQ
    ex5.o(.ARM.exidx.text.initTimer1) refers (Special) to _printf_f.o(.ARM.Collect$$_printf_percent$$00000003) for _printf_f
    ex5.o(.ARM.exidx.text.initTimer1) refers (Special) to printf1.o(x$fpl$printf1) for _printf_fp_dec
    ex5.o(.ARM.exidx.text.initTimer1) refers (Special) to _printf_percent.o(.ARM.Collect$$_printf_percent$$00000000) for _printf_percent
    ex5.o(.ARM.exidx.text.initTimer1) refers to ex5.o(.text.initTimer1) for [Anonymous Symbol]
    ex5.o(.text.__NVIC_EnableIRQ) refers (Special) to _printf_f.o(.ARM.Collect$$_printf_percent$$00000003) for _printf_f
    ex5.o(.text.__NVIC_EnableIRQ) refers (Special) to printf1.o(x$fpl$printf1) for _printf_fp_dec
    ex5.o(.text.__NVIC_EnableIRQ) refers (Special) to _printf_percent.o(.ARM.Collect$$_printf_percent$$00000000) for _printf_percent
    ex5.o(.ARM.exidx.text.__NVIC_EnableIRQ) refers (Special) to _printf_f.o(.ARM.Collect$$_printf_percent$$00000003) for _printf_f
    ex5.o(.ARM.exidx.text.__NVIC_EnableIRQ) refers (Special) to printf1.o(x$fpl$printf1) for _printf_fp_dec
    ex5.o(.ARM.exidx.text.__NVIC_EnableIRQ) refers (Special) to _printf_percent.o(.ARM.Collect$$_printf_percent$$00000000) for _printf_percent
    ex5.o(.ARM.exidx.text.__NVIC_EnableIRQ) refers to ex5.o(.text.__NVIC_EnableIRQ) for [Anonymous Symbol]
    ex5.o(.text.TIMER1_IRQHandler) refers (Special) to _printf_f.o(.ARM.Collect$$_printf_percent$$00000003) for _printf_f
    ex5.o(.text.TIMER1_IRQHandler) refers (Special) to printf1.o(x$fpl$printf1) for _printf_fp_dec
    ex5.o(.text.TIMER1_IRQHandler) refers (Special) to _printf_percent.o(.ARM.Collect$$_printf_percent$$00000000) for _printf_percent
    ex5.o(.text.TIMER1_IRQHandler) refers to glcd_mcb1700.o(.text.GLCD_DrawString) for GLCD_DrawString
    ex5.o(.text.TIMER1_IRQHandler) refers to ex5.o(.bss.result) for result
    ex5.o(.text.TIMER1_IRQHandler) refers to dflt_clz.o(x$fpl$dflt) for __aeabi_i2d
    ex5.o(.text.TIMER1_IRQHandler) refers to dmul.o(x$fpl$dmul) for __aeabi_dmul
    ex5.o(.text.TIMER1_IRQHandler) refers to d2f.o(x$fpl$d2f) for __aeabi_d2f
    ex5.o(.text.TIMER1_IRQHandler) refers to ex5.o(.bss.volts) for volts
    ex5.o(.text.TIMER1_IRQHandler) refers to fmul.o(x$fpl$fmul) for __aeabi_fmul
    ex5.o(.text.TIMER1_IRQHandler) refers to f2d.o(x$fpl$f2d) for __aeabi_f2d
    ex5.o(.text.TIMER1_IRQHandler) refers to ddiv.o(x$fpl$ddiv) for __aeabi_ddiv
    ex5.o(.text.TIMER1_IRQHandler) refers to dfix.o(x$fpl$dfix) for __aeabi_d2iz
    ex5.o(.text.TIMER1_IRQHandler) refers to ex5.o(.bss.bar_value) for bar_value
    ex5.o(.text.TIMER1_IRQHandler) refers to ex5.o(.data.ADC_String) for ADC_String
    ex5.o(.text.TIMER1_IRQHandler) refers to noretval__2sprintf.o(.text) for __2sprintf
[...]
    Removing glcd_mcb1700.o(.ARM.exidx.text.GLCD_SetBackgroundColor), (8 bytes).
    Removing glcd_mcb1700.o(.ARM.exidx.text.GLCD_ClearScreen), (8 bytes).
    Removing glcd_mcb1700.o(.ARM.exidx.text.GLCD_SetWindow), (8 bytes).
    Removing glcd_mcb1700.o(.ARM.exidx.text.wr_cmd), (8 bytes).
    Removing glcd_mcb1700.o(.ARM.exidx.text.wr_dat_start), (8 bytes).
    Removing glcd_mcb1700.o(.ARM.exidx.text.wr_dat_only), (8 bytes).
    Removing glcd_mcb1700.o(.ARM.exidx.text.wr_dat_stop), (8 bytes).
    Removing glcd_mcb1700.o(.ARM.exidx.text.GLCD_SetFont), (8 bytes).
    Removing glcd_mcb1700.o(.text.GLCD_DrawPixel), (152 bytes).
    Removing glcd_mcb1700.o(.ARM.exidx.text.GLCD_DrawPixel), (8 bytes).
    Removing glcd_mcb1700.o(.text.wr_dat), (68 bytes).
    Removing glcd_mcb1700.o(.ARM.exidx.text.wr_dat), (8 bytes).
    Removing glcd_mcb1700.o(.text.GLCD_DrawHLine), (52 bytes).
    Removing glcd_mcb1700.o(.ARM.exidx.text.GLCD_DrawHLine), (8 bytes).
    Removing glcd_mcb1700.o(.text.GLCD_DrawVLine), (52 bytes).
    Removing glcd_mcb1700.o(.ARM.exidx.text.GLCD_DrawVLine), (8 bytes).
    Removing glcd_mcb1700.o(.text.GLCD_DrawRectangle), (52 bytes).
    Removing glcd_mcb1700.o(.ARM.exidx.text.GLCD_DrawRectangle), (8 bytes).
    Removing glcd_mcb1700.o(.ARM.exidx.text.GLCD_DrawChar), (8 bytes).
    Removing glcd_mcb1700.o(.ARM.exidx.text.GLCD_DrawString), (8 bytes).
    Removing glcd_mcb1700.o(.text.GLCD_DrawBargraph), (116 bytes).
    Removing glcd_mcb1700.o(.ARM.exidx.text.GLCD_DrawBargraph), (8 bytes).
    Removing glcd_mcb1700.o(.text.GLCD_DrawBitmap), (94 bytes).
    Removing glcd_mcb1700.o(.ARM.exidx.text.GLCD_DrawBitmap), (8 bytes).
    Removing glcd_mcb1700.o(.text.GLCD_VScroll), (6 bytes).
    Removing glcd_mcb1700.o(.ARM.exidx.text.GLCD_VScroll), (8 bytes).
    Removing glcd_mcb1700.o(.text.GLCD_FrameBufferAccess), (42 bytes).
    Removing glcd_mcb1700.o(.ARM.exidx.text.GLCD_FrameBufferAccess), (8 bytes).
    Removing glcd_mcb1700.o(.text.GLCD_FrameBufferAddress), (4 bytes).
    Removing glcd_mcb1700.o(.ARM.exidx.text.GLCD_FrameBufferAddress), (8 bytes).
    Removing glcd_mcb1700.o(.ARM.exidx.text.spi_tran_man), (8 bytes).
    Removing glcd_mcb1700.o(.ARM.exidx.text.rd_dat), (8 bytes).
    Removing glcd_mcb1700.o(.ARM.exidx.text.spi_tran), (8 bytes).
    Removing joystick_mcb1700.o(.text), (0 bytes).
    Removing joystick_mcb1700.o(.text.Joystick_Initialize), (78 bytes).
    Removing joystick_mcb1700.o(.ARM.exidx.text.Joystick_Initialize), (8 bytes).
    Removing joystick_mcb1700.o(.text.Joystick_Uninitialize), (48 bytes).
    Removing joystick_mcb1700.o(.ARM.exidx.text.Joystick_Uninitialize), (8 bytes).
    Removing joystick_mcb1700.o(.text.Joystick_GetState), (92 bytes).
    Removing joystick_mcb1700.o(.ARM.exidx.text.Joystick_GetState), (8 bytes).
    Removing joystick_mcb1700.o(.rodata.JOYSTICK_PIN), (10 bytes).
    Removing ssp_lpc17xx.o(.text), (0 bytes).
    Removing ssp_lpc17xx.o(.text.SSPx_GPDMA_Tx_SignalEvent), (14 bytes).
    Removing ssp_lpc17xx.o(.ARM.exidx.text.SSPx_GPDMA_Tx_SignalEvent), (8 bytes).
    Removing ssp_lpc17xx.o(.text.SSPx_GPDMA_Rx_SignalEvent), (32 bytes).
    Removing ssp_lpc17xx.o(.ARM.exidx.text.SSPx_GPDMA_Rx_SignalEvent), (8 bytes).
    Removing ssp_lpc17xx.o(.text.SSP1_GPDMA_Tx_SignalEvent), (16 bytes).
    Removing ssp_lpc17xx.o(.ARM.exidx.text.SSP1_GPDMA_Tx_SignalEvent), (8 bytes).
    Removing ssp_lpc17xx.o(.text.SSP1_GPDMA_Rx_SignalEvent), (16 bytes).
    Removing ssp_lpc17xx.o(.ARM.exidx.text.SSP1_GPDMA_Rx_SignalEvent), (8 bytes).
    Removing ssp_lpc17xx.o(.ARM.exidx.text.SSP1_IRQHandler), (8 bytes).
    Removing ssp_lpc17xx.o(.ARM.exidx.text.SSPx_IRQHandler), (8 bytes).
    Removing ssp_lpc17xx.o(.ARM.exidx.text.SSP_GetVersion), (8 bytes).
    Removing ssp_lpc17xx.o(.ARM.exidx.text.SSP_GetCapabilities), (8 bytes).
    Removing ssp_lpc17xx.o(.ARM.exidx.text.SSP1_Initialize), (8 bytes).
    Removing ssp_lpc17xx.o(.ARM.exidx.text.SSP1_Uninitialize), (8 bytes).
    Removing ssp_lpc17xx.o(.ARM.exidx.text.SSP1_PowerControl), (8 bytes).
    Removing ssp_lpc17xx.o(.ARM.exidx.text.SSP1_Send), (8 bytes).
    Removing ssp_lpc17xx.o(.ARM.exidx.text.SSP1_Receive), (8 bytes).
    Removing ssp_lpc17xx.o(.ARM.exidx.text.SSP1_Transfer), (8 bytes).
    Removing ssp_lpc17xx.o(.ARM.exidx.text.SSP1_GetDataCount), (8 bytes).
    Removing ssp_lpc17xx.o(.ARM.exidx.text.SSP1_Control), (8 bytes).
    Removing ssp_lpc17xx.o(.ARM.exidx.text.SSP1_GetStatus), (8 bytes).
    Removing ssp_lpc17xx.o(.ARM.exidx.text.SSPx_Initialize), (8 bytes).
    Removing ssp_lpc17xx.o(.ARM.exidx.text.SSPx_Uninitialize), (8 bytes).
    Removing ssp_lpc17xx.o(.ARM.exidx.text.SSPx_PowerControl), (8 bytes).
    Removing ssp_lpc17xx.o(.ARM.exidx.text.__NVIC_DisableIRQ), (8 bytes).
    Removing ssp_lpc17xx.o(.ARM.exidx.text.__NVIC_ClearPendingIRQ), (8 bytes).
    Removing ssp_lpc17xx.o(.ARM.exidx.text.__NVIC_EnableIRQ), (8 bytes).
    Removing ssp_lpc17xx.o(.ARM.exidx.text.SSPx_Send), (8 bytes).
    Removing ssp_lpc17xx.o(.ARM.exidx.text.SSPx_Receive), (8 bytes).
    Removing ssp_lpc17xx.o(.ARM.exidx.text.SSPx_Transfer), (8 bytes).
    Removing ssp_lpc17xx.o(.ARM.exidx.text.SSPx_GetDataCount), (8 bytes).
    Removing ssp_lpc17xx.o(.ARM.exidx.text.SSPx_Control), (8 bytes).
    Removing ssp_lpc17xx.o(.ARM.exidx.text.GetSSPClockFreq), (8 bytes).
    Removing ssp_lpc17xx.o(.ARM.exidx.text.SSPx_GetStatus), (8 bytes).
    Removing ssp_lpc17xx.o(.rodata.SSP1_Resources), (72 bytes).
    Removing ssp_lpc17xx.o(.rodata.SSP1_pin_ssel), (2 bytes).
    Removing ssp_lpc17xx.o(.rodata.SSP1_pin_sck), (2 bytes).
    Removing ssp_lpc17xx.o(.rodata.SSP1_pin_miso), (2 bytes).
    Removing ssp_lpc17xx.o(.rodata.SSP1_pin_mosi), (2 bytes).
    Removing gpdma_lpc17xx.o(.text), (0 bytes).
    Removing gpdma_lpc17xx.o(.text.GPDMA_Initialize), (104 bytes).
    Removing gpdma_lpc17xx.o(.ARM.exidx.text.GPDMA_Initialize), (8 bytes).
    Removing gpdma_lpc17xx.o(.text.__NVIC_ClearPendingIRQ), (16 bytes).
    Removing gpdma_lpc17xx.o(.ARM.exidx.text.__NVIC_ClearPendingIRQ), (8 bytes).
    Removing gpdma_lpc17xx.o(.text.__NVIC_EnableIRQ), (16 bytes).
    Removing gpdma_lpc17xx.o(.ARM.exidx.text.__NVIC_EnableIRQ), (8 bytes).
    Removing gpdma_lpc17xx.o(.text.GPDMA_Uninitialize), (58 bytes).
    Removing gpdma_lpc17xx.o(.ARM.exidx.text.GPDMA_Uninitialize), (8 bytes).
    Removing gpdma_lpc17xx.o(.text.__NVIC_DisableIRQ), (24 bytes).
    Removing gpdma_lpc17xx.o(.ARM.exidx.text.__NVIC_DisableIRQ), (8 bytes).
    Removing gpdma_lpc17xx.o(.text.GPDMA_PeripheralSelect), (58 bytes).
    Removing gpdma_lpc17xx.o(.ARM.exidx.text.GPDMA_PeripheralSelect), (8 bytes).
    Removing gpdma_lpc17xx.o(.text.GPDMA_ChannelConfigure), (210 bytes).
    Removing gpdma_lpc17xx.o(.ARM.exidx.text.GPDMA_ChannelConfigure), (8 bytes).
    Removing gpdma_lpc17xx.o(.text.Set_Channel_active_flag), (50 bytes).
    Removing gpdma_lpc17xx.o(.ARM.exidx.text.Set_Channel_active_flag), (8 bytes).
    Removing gpdma_lpc17xx.o(.ARM.exidx.text.Clear_Channel_active_flag), (8 bytes).
    Removing gpdma_lpc17xx.o(.text.GPDMA_ChannelEnable), (44 bytes).
    Removing gpdma_lpc17xx.o(.ARM.exidx.text.GPDMA_ChannelEnable), (8 bytes).
    Removing gpdma_lpc17xx.o(.text.GPDMA_ChannelDisable), (40 bytes).
    Removing gpdma_lpc17xx.o(.ARM.exidx.text.GPDMA_ChannelDisable), (8 bytes).
    Removing gpdma_lpc17xx.o(.text.GPDMA_ChannelGetStatus), (28 bytes).
    Removing gpdma_lpc17xx.o(.ARM.exidx.text.GPDMA_ChannelGetStatus), (8 bytes).
    Removing gpdma_lpc17xx.o(.text.GPDMA_ChannelGetCount), (46 bytes).
    Removing gpdma_lpc17xx.o(.ARM.exidx.text.GPDMA_ChannelGetCount), (8 bytes).
    Removing gpdma_lpc17xx.o(.ARM.exidx.text.DMA_IRQHandler), (8 bytes).
    Removing gpdma_lpc17xx.o(.bss.Init_cnt), (4 bytes).
    Removing gpio_lpc17xx.o(.text), (0 bytes).
    Removing gpio_lpc17xx.o(.ARM.exidx.text.GPIO_PortClock), (8 bytes).
    Removing gpio_lpc17xx.o(.ARM.exidx.text.GPIO_SetDir), (8 bytes).
    Removing gpio_lpc17xx.o(.ARM.exidx.text.GPIO_PinWrite), (8 bytes).
    Removing gpio_lpc17xx.o(.ARM.exidx.text.GPIO_PinRead), (8 bytes).
    Removing gpio_lpc17xx.o(.text.GPIO_PortWrite), (26 bytes).
    Removing gpio_lpc17xx.o(.ARM.exidx.text.GPIO_PortWrite), (8 bytes).
    Removing gpio_lpc17xx.o(.text.GPIO_PortRead), (14 bytes).
    Removing gpio_lpc17xx.o(.ARM.exidx.text.GPIO_PortRead), (8 bytes).
    Removing pin_lpc17xx.o(.text), (0 bytes).
    Removing pin_lpc17xx.o(.ARM.exidx.text.PIN_Configure), (8 bytes).
    Removing pin_lpc17xx.o(.text.PIN_ConfigureTPIU), (30 bytes).
    Removing pin_lpc17xx.o(.ARM.exidx.text.PIN_ConfigureTPIU), (8 bytes).
    Removing pin_lpc17xx.o(.text.PIN_ConfigureI2C0Pins), (30 bytes).
    Removing pin_lpc17xx.o(.ARM.exidx.text.PIN_ConfigureI2C0Pins), (8 bytes).
    Removing system_lpc17xx.o(.text), (0 bytes).
    Removing system_lpc17xx.o(.text.SystemCoreClockUpdate), (248 bytes).
    Removing system_lpc17xx.o(.ARM.exidx.text.SystemCoreClockUpdate), (8 bytes).
    Removing system_lpc17xx.o(.ARM.exidx.text.SystemInit), (8 bytes).

148 unused section(s) (total 3785 bytes) removed from the image.

==============================================================================

Image Symbol Table

    Local Symbols

    Symbol Name                              Value     Ov Type        Size  Object(Section)

    ../clib/angel/boardlib.s                 0x00000000   Number         0  boardinit1.o ABSOLUTE
    ../clib/angel/boardlib.s                 0x00000000   Number         0  boardinit2.o ABSOLUTE
    ../clib/angel/boardlib.s                 0x00000000   Number         0  boardinit3.o ABSOLUTE
    ../clib/angel/boardlib.s                 0x00000000   Number         0  boardshut.o ABSOLUTE
    ../clib/angel/handlers.s                 0x00000000   Number         0  __scatter_copy.o ABSOLUTE
    ../clib/angel/handlers.s                 0x00000000   Number         0  __scatter_zi.o ABSOLUTE
    ../clib/angel/kernel.s                   0x00000000   Number         0  __rtentry.o ABSOLUTE
    ../clib/angel/kernel.s                   0x00000000   Number         0  __rtentry2.o ABSOLUTE
    ../clib/angel/kernel.s                   0x00000000   Number         0  __rtentry4.o ABSOLUTE
    ../clib/angel/kernel.s                   0x00000000   Number         0  rtexit.o ABSOLUTE
    ../clib/angel/kernel.s                   0x00000000   Number         0  rtexit2.o ABSOLUTE
    ../clib/angel/rt.s                       0x00000000   Number         0  aeabi_ldiv0.o ABSOLUTE
    ../clib/angel/rt.s                       0x00000000   Number         0  aeabi_ldiv0_sigfpe.o ABSOLUTE
    ../clib/angel/rt.s                       0x00000000   Number         0  rt_div0.o ABSOLUTE
    ../clib/angel/rt.s                       0x00000000   Number         0  rt_locale.o ABSOLUTE
    ../clib/angel/rt.s                       0x00000000   Number         0  rt_locale_intlibspace.o ABSOLUTE
    ../clib/angel/rt.s                       0x00000000   Number         0  rt_raise.o ABSOLUTE
    ../clib/angel/scatter.s                  0x00000000   Number         0  __scatter.o ABSOLUTE
    ../clib/angel/startup.s                  0x00000000   Number         0  __main.o ABSOLUTE
    ../clib/angel/sys.s                      0x00000000   Number         0  libspace.o ABSOLUTE
    ../clib/angel/sys.s                      0x00000000   Number         0  sys_stackheap_outer.o ABSOLUTE
    ../clib/angel/sys.s                      0x00000000   Number         0  use_no_semi.o ABSOLUTE
    ../clib/angel/sys.s                      0x00000000   Number         0  indicate_semi.o ABSOLUTE
    ../clib/angel/sysapp.c                   0x00000000   Number         0  sys_exit.o ABSOLUTE
    ../clib/angel/sysapp.c                   0x00000000   Number         0  sys_exit_hlt.o ABSOLUTE
    ../clib/angel/sysapp.c                   0x00000000   Number         0  sys_wrch.o ABSOLUTE
    ../clib/angel/sysapp.c                   0x00000000   Number         0  sys_command.o ABSOLUTE
    ../clib/angel/sysapp.c                   0x00000000   Number         0  sys_wrch_hlt.o ABSOLUTE
    ../clib/angel/sysapp.c                   0x00000000   Number         0  sys_command_hlt.o ABSOLUTE
    ../clib/armsys.c                         0x00000000   Number         0  argv_veneer.o ABSOLUTE
    ../clib/armsys.c                         0x00000000   Number         0  argv_veneer.o ABSOLUTE
    ../clib/armsys.c                         0x00000000   Number         0  _get_argv_nomalloc.o ABSOLUTE
    ../clib/armsys.c                         0x00000000   Number         0  no_argv.o ABSOLUTE
    ../clib/bigflt.c                         0x00000000   Number         0  bigflt0.o ABSOLUTE
    ../clib/btod.s                           0x00000000   Number         0  btod.o ABSOLUTE
    ../clib/btod_accurate.c                  0x00000000   Number         0  btod_accurate.o ABSOLUTE
    ../clib/btod_accurate.c                  0x00000000   Number         0  btod_accurate_common.o ABSOLUTE
    ../clib/heapalloc.c                      0x00000000   Number         0  hrguard.o ABSOLUTE
    ../clib/heapaux.c                        0x00000000   Number         0  heapauxi.o ABSOLUTE
    ../clib/libinit.s                        0x00000000   Number         0  libinit.o ABSOLUTE
    ../clib/libinit.s                        0x00000000   Number         0  libinit2.o ABSOLUTE
    ../clib/libinit.s                        0x00000000   Number         0  libshutdown.o ABSOLUTE
    ../clib/libinit.s                        0x00000000   Number         0  libshutdown2.o ABSOLUTE
    ../clib/locale.s                         0x00000000   Number         0  lc_numeric_c.o ABSOLUTE
    ../clib/longlong.s                       0x00000000   Number         0  lludivv7m.o ABSOLUTE
    ../clib/longlong.s                       0x00000000   Number         0  lludiv10.o ABSOLUTE
    ../clib/longlong.s                       0x00000000   Number         0  llushr.o ABSOLUTE
    ../clib/memcpset.s                       0x00000000   Number         0  strcmpv7m.o ABSOLUTE
    ../clib/printf.c                         0x00000000   Number         0  __2sprintf.o ABSOLUTE
    ../clib/printf.c                         0x00000000   Number         0  noretval__2sprintf.o ABSOLUTE
    ../clib/printf.c                         0x00000000   Number         0  __printf.o ABSOLUTE
    ../clib/printf.c                         0x00000000   Number         0  __printf_flags.o ABSOLUTE
    ../clib/printf.c                         0x00000000   Number         0  __printf_ss.o ABSOLUTE
    ../clib/printf.c                         0x00000000   Number         0  __printf_flags_ss.o ABSOLUTE
    ../clib/printf.c                         0x00000000   Number         0  __printf_wp.o ABSOLUTE
    ../clib/printf.c                         0x00000000   Number         0  __printf_flags_wp.o ABSOLUTE
    ../clib/printf.c                         0x00000000   Number         0  __printf_ss_wp.o ABSOLUTE
    ../clib/printf.c                         0x00000000   Number         0  __printf_flags_ss_wp.o ABSOLUTE
    ../clib/printf.c                         0x00000000   Number         0  _printf_fp_dec.o ABSOLUTE
    ../clib/printf.c                         0x00000000   Number         0  _printf_fp_dec_accurate.o ABSOLUTE
    ../clib/printf.c                         0x00000000   Number         0  _printf_char_common.o ABSOLUTE
    ../clib/printf.c                         0x00000000   Number         0  _sputc.o ABSOLUTE
    ../clib/printf.c                         0x00000000   Number         0  _printf_fp_infnan.o ABSOLUTE
    ../clib/printf.c                         0x00000000   Number         0  __printf_nopercent.o ABSOLUTE
    ../clib/printf_percent.s                 0x00000000   Number         0  _printf_f.o ABSOLUTE
    ../clib/printf_percent.s                 0x00000000   Number         0  _printf_percent.o ABSOLUTE
    ../clib/printf_percent.s                 0x00000000   Number         0  _printf_percent_end.o ABSOLUTE
    ../clib/signal.c                         0x00000000   Number         0  defsig_fpe_outer.o ABSOLUTE
    ../clib/signal.c                         0x00000000   Number         0  defsig_fpe_formal.o ABSOLUTE
    ../clib/signal.c                         0x00000000   Number         0  defsig_exit.o ABSOLUTE
    ../clib/signal.c                         0x00000000   Number         0  defsig_fpe_inner.o ABSOLUTE
    ../clib/signal.c                         0x00000000   Number         0  __raise.o ABSOLUTE
    ../clib/signal.c                         0x00000000   Number         0  defsig_general.o ABSOLUTE
    ../clib/signal.c                         0x00000000   Number         0  defsig_rtmem_outer.o ABSOLUTE
    ../clib/signal.c                         0x00000000   Number         0  defsig_rtmem_formal.o ABSOLUTE
    ../clib/signal.c                         0x00000000   Number         0  defsig_abrt_inner.o ABSOLUTE
    ../clib/signal.c                         0x00000000   Number         0  defsig_rtred_inner.o ABSOLUTE
    ../clib/signal.c                         0x00000000   Number         0  defsig_rtmem_inner.o ABSOLUTE
    ../clib/signal.c                         0x00000000   Number         0  defsig_stak_inner.o ABSOLUTE
    ../clib/signal.c                         0x00000000   Number         0  defsig_pvfn_inner.o ABSOLUTE
    ../clib/signal.c                         0x00000000   Number         0  defsig_cppl_inner.o ABSOLUTE
    ../clib/signal.c                         0x00000000   Number         0  defsig_segv_inner.o ABSOLUTE
    ../clib/signal.c                         0x00000000   Number         0  defsig_other.o ABSOLUTE
    ../clib/signal.s                         0x00000000   Number         0  defsig.o ABSOLUTE
    ../clib/stdlib.c                         0x00000000   Number         0  exit.o ABSOLUTE
    ../fplib/d2f.s                           0x00000000   Number         0  d2f.o ABSOLUTE
    ../fplib/ddiv.s                          0x00000000   Number         0  ddiv.o ABSOLUTE
    ../fplib/dfix.s                          0x00000000   Number         0  dfix.o ABSOLUTE
    ../fplib/dflt.s                          0x00000000   Number         0  dflt_clz.o ABSOLUTE
    ../fplib/dmul.s                          0x00000000   Number         0  dmul.o ABSOLUTE
    ../fplib/dnaninf.s                       0x00000000   Number         0  dnaninf.o ABSOLUTE
    ../fplib/dretinf.s                       0x00000000   Number         0  dretinf.o ABSOLUTE
    ../fplib/f2d.s                           0x00000000   Number         0  f2d.o ABSOLUTE
    ../fplib/fmul.s                          0x00000000   Number         0  fmul.o ABSOLUTE
    ../fplib/fnaninf.s                       0x00000000   Number         0  fnaninf.o ABSOLUTE
    ../fplib/fpinit.s                        0x00000000   Number         0  fpinit.o ABSOLUTE
    ../fplib/fpinit_empty.s                  0x00000000   Number         0  fpinit_empty.o ABSOLUTE
    ../fplib/fretinf.s                       0x00000000   Number         0  fretinf.o ABSOLUTE
    ../fplib/istatus.s                       0x00000000   Number         0  istatus.o ABSOLUTE
    ../fplib/printf1.s                       0x00000000   Number         0  printf1.o ABSOLUTE
    ../fplib/usenofp.s                       0x00000000   Number         0  usenofp.o ABSOLUTE
    ../mathlib/fpclassify.c                  0x00000000   Number         0  fpclassify.o ABSOLUTE
    GLCD_Fonts.c                             0x00000000   Number         0  glcd_fonts.o ABSOLUTE
    GLCD_MCB1700.c                           0x00000000   Number         0  glcd_mcb1700.o ABSOLUTE
    GPDMA_LPC17xx.c                          0x00000000   Number         0  gpdma_lpc17xx.o ABSOLUTE
    GPIO_LPC17xx.c                           0x00000000   Number         0  gpio_lpc17xx.o ABSOLUTE
    Joystick_MCB1700.c                       0x00000000   Number         0  joystick_mcb1700.o ABSOLUTE
    PIN_LPC17xx.c                            0x00000000   Number         0  pin_lpc17xx.o ABSOLUTE
    RTE/Device/LPC1768/startup_LPC17xx.s     0x00000000   Number         0  startup_lpc17xx.o ABSOLUTE
    SSP_LPC17xx.c                            0x00000000   Number         0  ssp_lpc17xx.o ABSOLUTE
    dc.s                                     0x00000000   Number         0  dc.o ABSOLUTE
    ex5.c                                    0x00000000   Number         0  ex5.o ABSOLUTE
    system_LPC17xx.c                         0x00000000   Number         0  system_lpc17xx.o ABSOLUTE
    RESET                                    0x00000000   Section      204  startup_lpc17xx.o(RESET)
    !!!main                                  0x000000cc   Section        8  __main.o(!!!main)
    !!!scatter                               0x000000d4   Section       52  __scatter.o(!!!scatter)
    !!handler_copy                           0x00000108   Section       26  __scatter_copy.o(!!handler_copy)
    !!handler_zi                             0x00000124   Section       28  __scatter_zi.o(!!handler_zi)
    .ARM.Collect$$_printf_percent$$00000000  0x00000140   Section        0  _printf_percent.o(.ARM.Collect$$_printf_percent$$00000000)
    .ARM.Collect$$_printf_percent$$00000003  0x00000140   Section        6  _printf_f.o(.ARM.Collect$$_printf_percent$$00000003)
    .ARM.Collect$$_printf_percent$$00000017  0x00000146   Section        4  _printf_percent_end.o(.ARM.Collect$$_printf_percent$$00000017)
    .ARM.Collect$$libinit$$00000000          0x0000014a   Section        2  libinit.o(.ARM.Collect$$libinit$$00000000)
    .ARM.Collect$$libinit$$00000002          0x0000014c   Section        0  libinit2.o(.ARM.Collect$$libinit$$00000002)
    .ARM.Collect$$libinit$$00000004          0x0000014c   Section        0  libinit2.o(.ARM.Collect$$libinit$$00000004)
    .ARM.Collect$$libinit$$0000000A          0x0000014c   Section        0  libinit2.o(.ARM.Collect$$libinit$$0000000A)
    .ARM.Collect$$libinit$$0000000C          0x0000014c   Section        0  libinit2.o(.ARM.Collect$$libinit$$0000000C)
    .ARM.Collect$$libinit$$0000000E          0x0000014c   Section        0  libinit2.o(.ARM.Collect$$libinit$$0000000E)
    .ARM.Collect$$libinit$$0000000F          0x0000014c   Section        6  libinit2.o(.ARM.Collect$$libinit$$0000000F)
    .ARM.Collect$$libinit$$00000011          0x00000152   Section        0  libinit2.o(.ARM.Collect$$libinit$$00000011)
    .ARM.Collect$$libinit$$00000013          0x00000152   Section        0  libinit2.o(.ARM.Collect$$libinit$$00000013)
    .ARM.Collect$$libinit$$00000015          0x00000152   Section        0  libinit2.o(.ARM.Collect$$libinit$$00000015)
    .ARM.Collect$$libinit$$00000016          0x00000152   Section       10  libinit2.o(.ARM.Collect$$libinit$$00000016)
    .ARM.Collect$$libinit$$00000017          0x0000015c   Section        0  libinit2.o(.ARM.Collect$$libinit$$00000017)
    .ARM.Collect$$libinit$$00000019          0x0000015c   Section        0  libinit2.o(.ARM.Collect$$libinit$$00000019)
    .ARM.Collect$$libinit$$0000001B          0x0000015c   Section        0  libinit2.o(.ARM.Collect$$libinit$$0000001B)
    .ARM.Collect$$libinit$$0000001D          0x0000015c   Section        0  libinit2.o(.ARM.Collect$$libinit$$0000001D)
    .ARM.Collect$$libinit$$0000001F          0x0000015c   Section        0  libinit2.o(.ARM.Collect$$libinit$$0000001F)
    .ARM.Collect$$libinit$$00000021          0x0000015c   Section        0  libinit2.o(.ARM.Collect$$libinit$$00000021)
    .ARM.Collect$$libinit$$00000023          0x0000015c   Section        0  libinit2.o(.ARM.Collect$$libinit$$00000023)
    .ARM.Collect$$libinit$$00000025          0x0000015c   Section        0  libinit2.o(.ARM.Collect$$libinit$$00000025)
    .ARM.Collect$$libinit$$0000002C          0x0000015c   Section        0  libinit2.o(.ARM.Collect$$libinit$$0000002C)
    .ARM.Collect$$libinit$$0000002E          0x0000015c   Section        0  libinit2.o(.ARM.Collect$$libinit$$0000002E)
    .ARM.Collect$$libinit$$00000030          0x0000015c   Section        0  libinit2.o(.ARM.Collect$$libinit$$00000030)
    .ARM.Collect$$libinit$$00000032          0x0000015c   Section        0  libinit2.o(.ARM.Collect$$libinit$$00000032)
    .ARM.Collect$$libinit$$00000033          0x0000015c   Section        2  libinit2.o(.ARM.Collect$$libinit$$00000033)
    .ARM.Collect$$libshutdown$$00000000      0x0000015e   Section        2  libshutdown.o(.ARM.Collect$$libshutdown$$00000000)
    .ARM.Collect$$libshutdown$$00000002      0x00000160   Section        0  libshutdown2.o(.ARM.Collect$$libshutdown$$00000002)
    .ARM.Collect$$libshutdown$$00000004      0x00000160   Section        0  libshutdown2.o(.ARM.Collect$$libshutdown$$00000004)
    .ARM.Collect$$libshutdown$$00000007      0x00000160   Section        0  libshutdown2.o(.ARM.Collect$$libshutdown$$00000007)
    .ARM.Collect$$libshutdown$$0000000A      0x00000160   Section        0  libshutdown2.o(.ARM.Collect$$libshutdown$$0000000A)
    .ARM.Collect$$libshutdown$$0000000C      0x00000160   Section        0  libshutdown2.o(.ARM.Collect$$libshutdown$$0000000C)
    .ARM.Collect$$libshutdown$$0000000F      0x00000160   Section        0  libshutdown2.o(.ARM.Collect$$libshutdown$$0000000F)
    .ARM.Collect$$libshutdown$$00000010      0x00000160   Section        2  libshutdown2.o(.ARM.Collect$$libshutdown$$00000010)
    .ARM.Collect$$rtentry$$00000000          0x00000162   Section        0  __rtentry.o(.ARM.Collect$$rtentry$$00000000)
    .ARM.Collect$$rtentry$$00000002          0x00000162   Section        0  __rtentry2.o(.ARM.Collect$$rtentry$$00000002)
    .ARM.Collect$$rtentry$$00000004          0x00000162   Section        6  __rtentry4.o(.ARM.Collect$$rtentry$$00000004)
    .ARM.Collect$$rtentry$$00000009          0x00000168   Section        0  __rtentry2.o(.ARM.Collect$$rtentry$$00000009)
    .ARM.Collect$$rtentry$$0000000A          0x00000168   Section        4  __rtentry2.o(.ARM.Collect$$rtentry$$0000000A)
    .ARM.Collect$$rtentry$$0000000C          0x0000016c   Section        0  __rtentry2.o(.ARM.Collect$$rtentry$$0000000C)
    .ARM.Collect$$rtentry$$0000000D          0x0000016c   Section        8  __rtentry2.o(.ARM.Collect$$rtentry$$0000000D)
    .ARM.Collect$$rtexit$$00000000           0x00000174   Section        2  rtexit.o(.ARM.Collect$$rtexit$$00000000)
    .ARM.Collect$$rtexit$$00000002           0x00000176   Section        0  rtexit2.o(.ARM.Collect$$rtexit$$00000002)
    .ARM.Collect$$rtexit$$00000003           0x00000176   Section        4  rtexit2.o(.ARM.Collect$$rtexit$$00000003)
    .ARM.Collect$$rtexit$$00000004           0x0000017a   Section        6  rtexit2.o(.ARM.Collect$$rtexit$$00000004)
    .text                                    0x00000180   Section       60  startup_lpc17xx.o(.text)
    .text                                    0x000001bc   Section        0  noretval__2sprintf.o(.text)
    .text                                    0x000001e4   Section        0  __printf.o(.text)
    .text                                    0x0000024c   Section        0  heapauxi.o(.text)
    _printf_input_char                       0x00000255   Thumb Code    10  _printf_char_common.o(.text)
    .text                                    0x00000254   Section        0  _printf_char_common.o(.text)
    .text                                    0x00000284   Section        0  _sputc.o(.text)
    .text                                    0x00000290   Section        8  rt_locale_intlibspace.o(.text)
    .text                                    0x00000298   Section        8  libspace.o(.text)
    .text                                    0x000002a0   Section       74  sys_stackheap_outer.o(.text)
    .text                                    0x000002ea   Section        0  exit.o(.text)
    .ARM.__at_0x02FC                         0x000002fc   Section        4  startup_lpc17xx.o(.ARM.__at_0x02FC)
    _fp_digits                               0x00000301   Thumb Code   432  _printf_fp_dec.o(.text)
    .text                                    0x00000300   Section        0  _printf_fp_dec.o(.text)
    .text                                    0x0000071c   Section      138  lludiv10.o(.text)
    .text                                    0x000007a8   Section        0  _printf_fp_infnan.o(.text)
    .text                                    0x00000828   Section        0  bigflt0.o(.text)
    .text                                    0x0000090c   Section      128  strcmpv7m.o(.text)
    .text                                    0x0000098c   Section        0  sys_exit.o(.text)
    .text                                    0x00000998   Section        2  use_no_semi.o(.text)
    .text                                    0x0000099a   Section        0  indicate_semi.o(.text)
    Clear_Channel_active_flag                0x0000099d   Thumb Code    32  gpdma_lpc17xx.o(.text.Clear_Channel_active_flag)
    [Anonymous Symbol]                       0x0000099c   Section        0  gpdma_lpc17xx.o(.text.Clear_Channel_active_flag)
    [Anonymous Symbol]                       0x000009bc   Section        0  gpdma_lpc17xx.o(.text.DMA_IRQHandler)
    [Anonymous Symbol]                       0x00000ab8   Section        0  glcd_mcb1700.o(.text.GLCD_ClearScreen)
    [Anonymous Symbol]                       0x00000af4   Section        0  glcd_mcb1700.o(.text.GLCD_DrawChar)
    [Anonymous Symbol]                       0x00000bb0   Section        0  glcd_mcb1700.o(.text.GLCD_DrawString)
    [Anonymous Symbol]                       0x00000be8   Section        0  glcd_mcb1700.o(.text.GLCD_Initialize)
    [Anonymous Symbol]                       0x00001168   Section        0  glcd_mcb1700.o(.text.GLCD_SetBackgroundColor)
    [Anonymous Symbol]                       0x00001178   Section        0  glcd_mcb1700.o(.text.GLCD_SetFont)
    GLCD_SetWindow                           0x00001189   Thumb Code   158  glcd_mcb1700.o(.text.GLCD_SetWindow)
    [Anonymous Symbol]                       0x00001188   Section        0  glcd_mcb1700.o(.text.GLCD_SetWindow)
    [Anonymous Symbol]                       0x00001228   Section        0  gpio_lpc17xx.o(.text.GPIO_PinRead)
    [Anonymous Symbol]                       0x0000123c   Section        0  gpio_lpc17xx.o(.text.GPIO_PinWrite)
    [Anonymous Symbol]                       0x00001258   Section        0  gpio_lpc17xx.o(.text.GPIO_PortClock)
    [Anonymous Symbol]                       0x00001274   Section        0  gpio_lpc17xx.o(.text.GPIO_SetDir)
    GetSSPClockFreq                          0x00001299   Thumb Code    56  ssp_lpc17xx.o(.text.GetSSPClockFreq)
    [Anonymous Symbol]                       0x00001298   Section        0  ssp_lpc17xx.o(.text.GetSSPClockFreq)
    [Anonymous Symbol]                       0x000012d0   Section        0  pin_lpc17xx.o(.text.PIN_Configure)
    SSP1_Control                             0x00001345   Thumb Code     8  ssp_lpc17xx.o(.text.SSP1_Control)
    [Anonymous Symbol]                       0x00001344   Section        0  ssp_lpc17xx.o(.text.SSP1_Control)
    SSP1_GetDataCount                        0x0000134d   Thumb Code     8  ssp_lpc17xx.o(.text.SSP1_GetDataCount)
    [Anonymous Symbol]                       0x0000134c   Section        0  ssp_lpc17xx.o(.text.SSP1_GetDataCount)
    SSP1_GetStatus                           0x00001355   Thumb Code     8  ssp_lpc17xx.o(.text.SSP1_GetStatus)
    [Anonymous Symbol]                       0x00001354   Section        0  ssp_lpc17xx.o(.text.SSP1_GetStatus)
    [Anonymous Symbol]                       0x0000135c   Section        0  ssp_lpc17xx.o(.text.SSP1_IRQHandler)
    SSP1_Initialize                          0x00001365   Thumb Code    10  ssp_lpc17xx.o(.text.SSP1_Initialize)
    [Anonymous Symbol]                       0x00001364   Section        0  ssp_lpc17xx.o(.text.SSP1_Initialize)
    SSP1_PowerControl                        0x00001371   Thumb Code     8  ssp_lpc17xx.o(.text.SSP1_PowerControl)
    [Anonymous Symbol]                       0x00001370   Section        0  ssp_lpc17xx.o(.text.SSP1_PowerControl)
    SSP1_Receive                             0x00001379   Thumb Code     8  ssp_lpc17xx.o(.text.SSP1_Receive)
    [Anonymous Symbol]                       0x00001378   Section        0  ssp_lpc17xx.o(.text.SSP1_Receive)
    SSP1_Send                                0x00001381   Thumb Code     8  ssp_lpc17xx.o(.text.SSP1_Send)
    [Anonymous Symbol]                       0x00001380   Section        0  ssp_lpc17xx.o(.text.SSP1_Send)
    SSP1_Transfer                            0x00001389   Thumb Code     8  ssp_lpc17xx.o(.text.SSP1_Transfer)
    [Anonymous Symbol]                       0x00001388   Section        0  ssp_lpc17xx.o(.text.SSP1_Transfer)
    SSP1_Uninitialize                        0x00001391   Thumb Code    10  ssp_lpc17xx.o(.text.SSP1_Uninitialize)
    [Anonymous Symbol]                       0x00001390   Section        0  ssp_lpc17xx.o(.text.SSP1_Uninitialize)
    SSP_GetCapabilities                      0x0000139d   Thumb Code     4  ssp_lpc17xx.o(.text.SSP_GetCapabilities)
    [Anonymous Symbol]                       0x0000139c   Section        0  ssp_lpc17xx.o(.text.SSP_GetCapabilities)
    SSP_GetVersion                           0x000013a1   Thumb Code    10  ssp_lpc17xx.o(.text.SSP_GetVersion)
    [Anonymous Symbol]                       0x000013a0   Section        0  ssp_lpc17xx.o(.text.SSP_GetVersion)
    SSPx_Control                             0x000013ad   Thumb Code   900  ssp_lpc17xx.o(.text.SSPx_Control)
    [Anonymous Symbol]                       0x000013ac   Section        0  ssp_lpc17xx.o(.text.SSPx_Control)
    SSPx_GetDataCount                        0x00001731   Thumb Code    28  ssp_lpc17xx.o(.text.SSPx_GetDataCount)
    [Anonymous Symbol]                       0x00001730   Section        0  ssp_lpc17xx.o(.text.SSPx_GetDataCount)
    SSPx_GetStatus                           0x0000174d   Thumb Code    32  ssp_lpc17xx.o(.text.SSPx_GetStatus)
    [Anonymous Symbol]                       0x0000174c   Section        0  ssp_lpc17xx.o(.text.SSPx_GetStatus)
    SSPx_IRQHandler                          0x0000176d   Thumb Code   206  ssp_lpc17xx.o(.text.SSPx_IRQHandler)
    [Anonymous Symbol]                       0x0000176c   Section        0  ssp_lpc17xx.o(.text.SSPx_IRQHandler)
    SSPx_Initialize                          0x0000183d   Thumb Code    98  ssp_lpc17xx.o(.text.SSPx_Initialize)
    [Anonymous Symbol]                       0x0000183c   Section        0  ssp_lpc17xx.o(.text.SSPx_Initialize)
    SSPx_PowerControl                        0x000018a1   Thumb Code   252  ssp_lpc17xx.o(.text.SSPx_PowerControl)
    [Anonymous Symbol]                       0x000018a0   Section        0  ssp_lpc17xx.o(.text.SSPx_PowerControl)
    SSPx_Receive                             0x0000199d   Thumb Code    86  ssp_lpc17xx.o(.text.SSPx_Receive)
    [Anonymous Symbol]                       0x0000199c   Section        0  ssp_lpc17xx.o(.text.SSPx_Receive)
    SSPx_Send                                0x000019f5   Thumb Code    86  ssp_lpc17xx.o(.text.SSPx_Send)
    [Anonymous Symbol]                       0x000019f4   Section        0  ssp_lpc17xx.o(.text.SSPx_Send)
    SSPx_Transfer                            0x00001a4d   Thumb Code   102  ssp_lpc17xx.o(.text.SSPx_Transfer)
    [Anonymous Symbol]                       0x00001a4c   Section        0  ssp_lpc17xx.o(.text.SSPx_Transfer)
    SSPx_Uninitialize                        0x00001ab5   Thumb Code    76  ssp_lpc17xx.o(.text.SSPx_Uninitialize)
    [Anonymous Symbol]                       0x00001ab4   Section        0  ssp_lpc17xx.o(.text.SSPx_Uninitialize)
    [Anonymous Symbol]                       0x00001b00   Section        0  system_lpc17xx.o(.text.SystemInit)
    [Anonymous Symbol]                       0x00001bcc   Section        0  ex5.o(.text.TIMER1_IRQHandler)
    __NVIC_ClearPendingIRQ                   0x00001cc1   Thumb Code    16  ssp_lpc17xx.o(.text.__NVIC_ClearPendingIRQ)
    [Anonymous Symbol]                       0x00001cc0   Section        0  ssp_lpc17xx.o(.text.__NVIC_ClearPendingIRQ)
    __NVIC_DisableIRQ                        0x00001cd1   Thumb Code    24  ssp_lpc17xx.o(.text.__NVIC_DisableIRQ)
    [Anonymous Symbol]                       0x00001cd0   Section        0  ssp_lpc17xx.o(.text.__NVIC_DisableIRQ)
    __NVIC_EnableIRQ                         0x00001ce9   Thumb Code    14  ex5.o(.text.__NVIC_EnableIRQ)
    [Anonymous Symbol]                       0x00001ce8   Section        0  ex5.o(.text.__NVIC_EnableIRQ)
    __NVIC_EnableIRQ                         0x00001cf9   Thumb Code    16  ssp_lpc17xx.o(.text.__NVIC_EnableIRQ)
    [Anonymous Symbol]                       0x00001cf8   Section        0  ssp_lpc17xx.o(.text.__NVIC_EnableIRQ)
    delay_ms                                 0x00001d09   Thumb Code    50  glcd_mcb1700.o(.text.delay_ms)
    [Anonymous Symbol]                       0x00001d08   Section        0  glcd_mcb1700.o(.text.delay_ms)
    [Anonymous Symbol]                       0x00001d3c   Section        0  ex5.o(.text.initTimer1)
    [Anonymous Symbol]                       0x00001d8c   Section        0  ex5.o(.text.main)
    rd_dat                                   0x00001ded   Thumb Code    58  glcd_mcb1700.o(.text.rd_dat)
    [Anonymous Symbol]                       0x00001dec   Section        0  glcd_mcb1700.o(.text.rd_dat)
    rd_id_man                                0x00001e29   Thumb Code   172  glcd_mcb1700.o(.text.rd_id_man)
    [Anonymous Symbol]                       0x00001e28   Section        0  glcd_mcb1700.o(.text.rd_id_man)
    rd_reg                                   0x00001ed5   Thumb Code    14  glcd_mcb1700.o(.text.rd_reg)
    [Anonymous Symbol]                       0x00001ed4   Section        0  glcd_mcb1700.o(.text.rd_reg)
    spi_tran                                 0x00001ee5   Thumb Code    46  glcd_mcb1700.o(.text.spi_tran)
    [Anonymous Symbol]                       0x00001ee4   Section        0  glcd_mcb1700.o(.text.spi_tran)
    spi_tran_man                             0x00001f15   Thumb Code   110  glcd_mcb1700.o(.text.spi_tran_man)
    [Anonymous Symbol]                       0x00001f14   Section        0  glcd_mcb1700.o(.text.spi_tran_man)
    wr_cmd                                   0x00001f85   Thumb Code    60  glcd_mcb1700.o(.text.wr_cmd)
    [Anonymous Symbol]                       0x00001f84   Section        0  glcd_mcb1700.o(.text.wr_cmd)
    wr_dat_only                              0x00001fc1   Thumb Code    42  glcd_mcb1700.o(.text.wr_dat_only)
    [Anonymous Symbol]                       0x00001fc0   Section        0  glcd_mcb1700.o(.text.wr_dat_only)
    wr_dat_start                             0x00001fed   Thumb Code    26  glcd_mcb1700.o(.text.wr_dat_start)
    [Anonymous Symbol]                       0x00001fec   Section        0  glcd_mcb1700.o(.text.wr_dat_start)
    wr_dat_stop                              0x00002009   Thumb Code    20  glcd_mcb1700.o(.text.wr_dat_stop)
    [Anonymous Symbol]                       0x00002008   Section        0  glcd_mcb1700.o(.text.wr_dat_stop)
    wr_reg                                   0x0000201d   Thumb Code   112  glcd_mcb1700.o(.text.wr_reg)
    [Anonymous Symbol]                       0x0000201c   Section        0  glcd_mcb1700.o(.text.wr_reg)
    CL$$btod_d2e                             0x0000208c   Section       62  btod.o(CL$$btod_d2e)
    CL$$btod_d2e_denorm_low                  0x000020ca   Section       70  btod.o(CL$$btod_d2e_denorm_low)
    CL$$btod_d2e_norm_op1                    0x00002110   Section       96  btod.o(CL$$btod_d2e_norm_op1)
    CL$$btod_div_common                      0x00002170   Section      824  btod.o(CL$$btod_div_common)
    CL$$btod_e2e                             0x000024a8   Section      220  btod.o(CL$$btod_e2e)
    CL$$btod_ediv                            0x00002584   Section       42  btod.o(CL$$btod_ediv)
    CL$$btod_emul                            0x000025ae   Section       42  btod.o(CL$$btod_emul)
    CL$$btod_mult_common                     0x000025d8   Section      580  btod.o(CL$$btod_mult_common)
    i.__ARM_fpclassify                       0x0000281c   Section        0  fpclassify.o(i.__ARM_fpclassify)
    locale$$code                             0x00002844   Section       44  lc_numeric_c.o(locale$$code)
    x$fpl$d2f                                0x00002870   Section       98  d2f.o(x$fpl$d2f)
    x$fpl$ddiv                               0x000028d4   Section      688  ddiv.o(x$fpl$ddiv)
    ddiv_entry                               0x000028db   Thumb Code     0  ddiv.o(x$fpl$ddiv)
    x$fpl$dfix                               0x00002b84   Section       94  dfix.o(x$fpl$dfix)
    x$fpl$dflt                               0x00002be2   Section       46  dflt_clz.o(x$fpl$dflt)
    x$fpl$dmul                               0x00002c10   Section      340  dmul.o(x$fpl$dmul)
    x$fpl$dnaninf                            0x00002d64   Section      156  dnaninf.o(x$fpl$dnaninf)
    x$fpl$dretinf                            0x00002e00   Section       12  dretinf.o(x$fpl$dretinf)
    x$fpl$f2d                                0x00002e0c   Section       86  f2d.o(x$fpl$f2d)
    x$fpl$fmul                               0x00002e64   Section      258  fmul.o(x$fpl$fmul)
    x$fpl$fnaninf                            0x00002f66   Section      140  fnaninf.o(x$fpl$fnaninf)
    x$fpl$fretinf                            0x00002ff2   Section       10  fretinf.o(x$fpl$fretinf)
    x$fpl$printf1                            0x00002ffc   Section        4  printf1.o(x$fpl$printf1)
    tenpwrs_x                                0x00003000   Data          60  bigflt0.o(.constdata)
    .constdata                               0x00003000   Section      148  bigflt0.o(.constdata)
    x$fpl$usenofp                            0x00003000   Section        0  usenofp.o(x$fpl$usenofp)
    tenpwrs_i                                0x0000303c   Data          64  bigflt0.o(.constdata)
    Font_16x24_h                             0x000030c0   Data        5376  glcd_fonts.o(.rodata.Font_16x24_h)
    [Anonymous Symbol]                       0x000030c0   Section        0  glcd_fonts.o(.rodata.Font_16x24_h)
    locale$$data                             0x000045f0   Section       28  lc_numeric_c.o(locale$$data)
    __lcnum_c_name                           0x000045f4   Data           2  lc_numeric_c.o(locale$$data)
    __lcnum_c_start                          0x000045fc   Data           0  lc_numeric_c.o(locale$$data)
    __lcnum_c_point                          0x00004608   Data           0  lc_numeric_c.o(locale$$data)
    __lcnum_c_thousands                      0x0000460a   Data           0  lc_numeric_c.o(locale$$data)
    __lcnum_c_grouping                       0x0000460b   Data           0  lc_numeric_c.o(locale$$data)
    __lcnum_c_end                            0x0000460c   Data           0  lc_numeric_c.o(locale$$data)
    background_color                         0x10000018   Data           2  glcd_mcb1700.o(.data.background_color)
    [Anonymous Symbol]                       0x10000018   Section        0  glcd_mcb1700.o(.data.background_color)
    .bss                                     0x10000020   Section       96  libspace.o(.bss)
    Channel_active                           0x10000080   Data           4  gpdma_lpc17xx.o(.bss.Channel_active)
    [Anonymous Symbol]                       0x10000080   Section        0  gpdma_lpc17xx.o(.bss.Channel_active)
    Channel_info                             0x10000084   Data         160  gpdma_lpc17xx.o(.bss.Channel_info)
    [Anonymous Symbol]                       0x10000084   Section        0  gpdma_lpc17xx.o(.bss.Channel_info)
    Himax                                    0x10000124   Data           1  glcd_mcb1700.o(.bss.Himax)
    [Anonymous Symbol]                       0x10000124   Section        0  glcd_mcb1700.o(.bss.Himax)
    SSP1_Info                                0x10000128   Data          16  ssp_lpc17xx.o(.bss.SSP1_Info)
    [Anonymous Symbol]                       0x10000128   Section        0  ssp_lpc17xx.o(.bss.SSP1_Info)
    SSP1_Xfer                                0x10000138   Data          28  ssp_lpc17xx.o(.bss.SSP1_Xfer)
    [Anonymous Symbol]                       0x10000138   Section        0  ssp_lpc17xx.o(.bss.SSP1_Xfer)
    active_font                              0x10000154   Data           4  glcd_mcb1700.o(.bss.active_font)
    [Anonymous Symbol]                       0x10000154   Section        0  glcd_mcb1700.o(.bss.active_font)
    foreground_color                         0x1000015c   Data           2  glcd_mcb1700.o(.bss.foreground_color)
    [Anonymous Symbol]                       0x1000015c   Section        0  glcd_mcb1700.o(.bss.foreground_color)
    Heap_Mem                                 0x10000168   Data           0  startup_lpc17xx.o(HEAP)
    Stack_Mem                                0x10000168   Data         512  startup_lpc17xx.o(STACK)
    HEAP                                     0x10000168   Section        0  startup_lpc17xx.o(HEAP)
    STACK                                    0x10000168   Section      512  startup_lpc17xx.o(STACK)
    __initial_sp                             0x10000368   Data           0  startup_lpc17xx.o(STACK)

    Global Symbols

    Symbol Name                              Value     Ov Type        Size  Object(Section)

    BuildAttributes$$THM_ISAv4$P$D$K$B$S$PE$A:L22UL41UL21$X:L11$S22US41US21$IEEE1$IW$~IW$USESV6$~STKCKD$USESV7$~SHL$OTIME$ROPI$IEEEJ$EBA8$UX$STANDARDLIB$REQ8$PRES8$EABIv2 0x00000000   Number         0  anon$$obj.o ABSOLUTE
    __Vectors                                0x00000000   Data           4  startup_lpc17xx.o(RESET)
    __fp_init_empty                          0x00000000   Number         0  fpinit_empty.o ABSOLUTE
    __ARM_exceptions_init                     - Undefined Weak Reference
    __alloca_initialize                       - Undefined Weak Reference
    __arm_preinit_                            - Undefined Weak Reference
    __cpp_initialize__aeabi_                  - Undefined Weak Reference
    __cxa_finalize                            - Undefined Weak Reference
    __sigvec_lookup                           - Undefined Weak Reference
    _atexit_init                              - Undefined Weak Reference
    _call_atexit_fns                          - Undefined Weak Reference
    _clock_init                               - Undefined Weak Reference
    _fp_trap_init                             - Undefined Weak Reference
    _fp_trap_shutdown                         - Undefined Weak Reference
    _get_lc_collate                           - Undefined Weak Reference
    _get_lc_ctype                             - Undefined Weak Reference
    _get_lc_monetary                          - Undefined Weak Reference
    _get_lc_time                              - Undefined Weak Reference
    _getenv_init                              - Undefined Weak Reference
    _handle_redirection                       - Undefined Weak Reference
    _init_alloc                               - Undefined Weak Reference
    _init_user_alloc                          - Undefined Weak Reference
    _initio                                   - Undefined Weak Reference
    _printf_post_padding                      - Undefined Weak Reference
    _printf_pre_padding                       - Undefined Weak Reference
    _rand_init                                - Undefined Weak Reference
    _signal_finish                            - Undefined Weak Reference
    _signal_init                              - Undefined Weak Reference
    _terminate_alloc                          - Undefined Weak Reference
    _terminate_user_alloc                     - Undefined Weak Reference
    _terminateio                              - Undefined Weak Reference
    __main                                   0x000000cd   Thumb Code     8  __main.o(!!!main)
    __scatterload                            0x000000d5   Thumb Code     0  __scatter.o(!!!scatter)
    __scatterload_rt2                        0x000000d5   Thumb Code    44  __scatter.o(!!!scatter)
    __scatterload_rt2_thumb_only             0x000000d5   Thumb Code     0  __scatter.o(!!!scatter)
    __scatterload_null                       0x000000e3   Thumb Code     0  __scatter.o(!!!scatter)
    __scatterload_copy                       0x00000109   Thumb Code    26  __scatter_copy.o(!!handler_copy)
    __scatterload_zeroinit                   0x00000125   Thumb Code    28  __scatter_zi.o(!!handler_zi)
    _printf_f                                0x00000141   Thumb Code     0  _printf_f.o(.ARM.Collect$$_printf_percent$$00000003)
    _printf_percent                          0x00000141   Thumb Code     0  _printf_percent.o(.ARM.Collect$$_printf_percent$$00000000)
    _printf_percent_end                      0x00000147   Thumb Code     0  _printf_percent_end.o(.ARM.Collect$$_printf_percent$$00000017)
    __rt_lib_init                            0x0000014b   Thumb Code     0  libinit.o(.ARM.Collect$$libinit$$00000000)
    __rt_lib_init_fp_1                       0x0000014d   Thumb Code     0  libinit2.o(.ARM.Collect$$libinit$$00000002)
    __rt_lib_init_heap_1                     0x0000014d   Thumb Code     0  libinit2.o(.ARM.Collect$$libinit$$0000000A)
    __rt_lib_init_lc_common                  0x0000014d   Thumb Code     0  libinit2.o(.ARM.Collect$$libinit$$0000000F)
    __rt_lib_init_preinit_1                  0x0000014d   Thumb Code     0  libinit2.o(.ARM.Collect$$libinit$$00000004)
    __rt_lib_init_rand_1                     0x0000014d   Thumb Code     0  libinit2.o(.ARM.Collect$$libinit$$0000000E)
    __rt_lib_init_user_alloc_1               0x0000014d   Thumb Code     0  libinit2.o(.ARM.Collect$$libinit$$0000000C)
    __rt_lib_init_lc_collate_1               0x00000153   Thumb Code     0  libinit2.o(.ARM.Collect$$libinit$$00000011)
    __rt_lib_init_lc_ctype_1                 0x00000153   Thumb Code     0  libinit2.o(.ARM.Collect$$libinit$$00000013)
    __rt_lib_init_lc_monetary_1              0x00000153   Thumb Code     0  libinit2.o(.ARM.Collect$$libinit$$00000015)
    __rt_lib_init_lc_numeric_2               0x00000153   Thumb Code     0  libinit2.o(.ARM.Collect$$libinit$$00000016)
    __rt_lib_init_alloca_1                   0x0000015d   Thumb Code     0  libinit2.o(.ARM.Collect$$libinit$$0000002E)
    __rt_lib_init_argv_1                     0x0000015d   Thumb Code     0  libinit2.o(.ARM.Collect$$libinit$$0000002C)
    __rt_lib_init_atexit_1                   0x0000015d   Thumb Code     0  libinit2.o(.ARM.Collect$$libinit$$0000001B)
    __rt_lib_init_clock_1                    0x0000015d   Thumb Code     0  libinit2.o(.ARM.Collect$$libinit$$00000021)
    __rt_lib_init_cpp_1                      0x0000015d   Thumb Code     0  libinit2.o(.ARM.Collect$$libinit$$00000032)
    __rt_lib_init_exceptions_1               0x0000015d   Thumb Code     0  libinit2.o(.ARM.Collect$$libinit$$00000030)
    __rt_lib_init_fp_trap_1                  0x0000015d   Thumb Code     0  libinit2.o(.ARM.Collect$$libinit$$0000001F)
    __rt_lib_init_getenv_1                   0x0000015d   Thumb Code     0  libinit2.o(.ARM.Collect$$libinit$$00000023)
    __rt_lib_init_lc_numeric_1               0x0000015d   Thumb Code     0  libinit2.o(.ARM.Collect$$libinit$$00000017)
    __rt_lib_init_lc_time_1                  0x0000015d   Thumb Code     0  libinit2.o(.ARM.Collect$$libinit$$00000019)
    __rt_lib_init_return                     0x0000015d   Thumb Code     0  libinit2.o(.ARM.Collect$$libinit$$00000033)
    __rt_lib_init_signal_1                   0x0000015d   Thumb Code     0  libinit2.o(.ARM.Collect$$libinit$$0000001D)
    __rt_lib_init_stdio_1                    0x0000015d   Thumb Code     0  libinit2.o(.ARM.Collect$$libinit$$00000025)
    __rt_lib_shutdown                        0x0000015f   Thumb Code     0  libshutdown.o(.ARM.Collect$$libshutdown$$00000000)
    __rt_lib_shutdown_cpp_1                  0x00000161   Thumb Code     0  libshutdown2.o(.ARM.Collect$$libshutdown$$00000002)
    __rt_lib_shutdown_fp_trap_1              0x00000161   Thumb Code     0  libshutdown2.o(.ARM.Collect$$libshutdown$$00000007)
    __rt_lib_shutdown_heap_1                 0x00000161   Thumb Code     0  libshutdown2.o(.ARM.Collect$$libshutdown$$0000000F)
    __rt_lib_shutdown_return                 0x00000161   Thumb Code     0  libshutdown2.o(.ARM.Collect$$libshutdown$$00000010)
    __rt_lib_shutdown_signal_1               0x00000161   Thumb Code     0  libshutdown2.o(.ARM.Collect$$libshutdown$$0000000A)
    __rt_lib_shutdown_stdio_1                0x00000161   Thumb Code     0  libshutdown2.o(.ARM.Collect$$libshutdown$$00000004)
    __rt_lib_shutdown_user_alloc_1           0x00000161   Thumb Code     0  libshutdown2.o(.ARM.Collect$$libshutdown$$0000000C)
    __rt_entry                               0x00000163   Thumb Code     0  __rtentry.o(.ARM.Collect$$rtentry$$00000000)
    __rt_entry_presh_1                       0x00000163   Thumb Code     0  __rtentry2.o(.ARM.Collect$$rtentry$$00000002)
    __rt_entry_sh                            0x00000163   Thumb Code     0  __rtentry4.o(.ARM.Collect$$rtentry$$00000004)
    __rt_entry_li                            0x00000169   Thumb Code     0  __rtentry2.o(.ARM.Collect$$rtentry$$0000000A)
    __rt_entry_postsh_1                      0x00000169   Thumb Code     0  __rtentry2.o(.ARM.Collect$$rtentry$$00000009)
    __rt_entry_main                          0x0000016d   Thumb Code     0  __rtentry2.o(.ARM.Collect$$rtentry$$0000000D)
    __rt_entry_postli_1                      0x0000016d   Thumb Code     0  __rtentry2.o(.ARM.Collect$$rtentry$$0000000C)
    __rt_exit                                0x00000175   Thumb Code     0  rtexit.o(.ARM.Collect$$rtexit$$00000000)
    __rt_exit_ls                             0x00000177   Thumb Code     0  rtexit2.o(.ARM.Collect$$rtexit$$00000003)
    __rt_exit_prels_1                        0x00000177   Thumb Code     0  rtexit2.o(.ARM.Collect$$rtexit$$00000002)
    __rt_exit_exit                           0x0000017b   Thumb Code     0  rtexit2.o(.ARM.Collect$$rtexit$$00000004)
    Reset_Handler                            0x00000181   Thumb Code     8  startup_lpc17xx.o(.text)
    NMI_Handler                              0x00000189   Thumb Code     2  startup_lpc17xx.o(.text)
    HardFault_Handler                        0x0000018b   Thumb Code     2  startup_lpc17xx.o(.text)
    MemManage_Handler                        0x0000018d   Thumb Code     2  startup_lpc17xx.o(.text)
    BusFault_Handler                         0x0000018f   Thumb Code     2  startup_lpc17xx.o(.text)
    UsageFault_Handler                       0x00000191   Thumb Code     2  startup_lpc17xx.o(.text)
    SVC_Handler                              0x00000193   Thumb Code     2  startup_lpc17xx.o(.text)
    DebugMon_Handler                         0x00000195   Thumb Code     2  startup_lpc17xx.o(.text)
    PendSV_Handler                           0x00000197   Thumb Code     2  startup_lpc17xx.o(.text)
    SysTick_Handler                          0x00000199   Thumb Code     2  startup_lpc17xx.o(.text)
    ADC_IRQHandler                           0x0000019b   Thumb Code     0  startup_lpc17xx.o(.text)
    BOD_IRQHandler                           0x0000019b   Thumb Code     0  startup_lpc17xx.o(.text)
    CANActivity_IRQHandler                   0x0000019b   Thumb Code     0  startup_lpc17xx.o(.text)
    CAN_IRQHandler                           0x0000019b   Thumb Code     0  startup_lpc17xx.o(.text)
    EINT0_IRQHandler                         0x0000019b   Thumb Code     0  startup_lpc17xx.o(.text)
    EINT1_IRQHandler                         0x0000019b   Thumb Code     0  startup_lpc17xx.o(.text)
    EINT2_IRQHandler                         0x0000019b   Thumb Code     0  startup_lpc17xx.o(.text)
    EINT3_IRQHandler                         0x0000019b   Thumb Code     0  startup_lpc17xx.o(.text)
    ENET_IRQHandler                          0x0000019b   Thumb Code     0  startup_lpc17xx.o(.text)
    I2C0_IRQHandler                          0x0000019b   Thumb Code     0  startup_lpc17xx.o(.text)
    I2C1_IRQHandler                          0x0000019b   Thumb Code     0  startup_lpc17xx.o(.text)
    I2C2_IRQHandler                          0x0000019b   Thumb Code     0  startup_lpc17xx.o(.text)
    I2S_IRQHandler                           0x0000019b   Thumb Code     0  startup_lpc17xx.o(.text)
    MCPWM_IRQHandler                         0x0000019b   Thumb Code     0  startup_lpc17xx.o(.text)
    PLL0_IRQHandler                          0x0000019b   Thumb Code     0  startup_lpc17xx.o(.text)
    PLL1_IRQHandler                          0x0000019b   Thumb Code     0  startup_lpc17xx.o(.text)
    PWM1_IRQHandler                          0x0000019b   Thumb Code     0  startup_lpc17xx.o(.text)
    QEI_IRQHandler                           0x0000019b   Thumb Code     0  startup_lpc17xx.o(.text)
    RIT_IRQHandler                           0x0000019b   Thumb Code     0  startup_lpc17xx.o(.text)
    RTC_IRQHandler                           0x0000019b   Thumb Code     0  startup_lpc17xx.o(.text)
    SPI_IRQHandler                           0x0000019b   Thumb Code     0  startup_lpc17xx.o(.text)
    SSP0_IRQHandler                          0x0000019b   Thumb Code     0  startup_lpc17xx.o(.text)
    TIMER0_IRQHandler                        0x0000019b   Thumb Code     0  startup_lpc17xx.o(.text)
    TIMER2_IRQHandler                        0x0000019b   Thumb Code     0  startup_lpc17xx.o(.text)
    TIMER3_IRQHandler                        0x0000019b   Thumb Code     0  startup_lpc17xx.o(.text)
    UART0_IRQHandler                         0x0000019b   Thumb Code     0  startup_lpc17xx.o(.text)
    UART1_IRQHandler                         0x0000019b   Thumb Code     0  startup_lpc17xx.o(.text)
    UART2_IRQHandler                         0x0000019b   Thumb Code     0  startup_lpc17xx.o(.text)
    UART3_IRQHandler                         0x0000019b   Thumb Code     0  startup_lpc17xx.o(.text)
    USBActivity_IRQHandler                   0x0000019b   Thumb Code     0  startup_lpc17xx.o(.text)
    USB_IRQHandler                           0x0000019b   Thumb Code     0  startup_lpc17xx.o(.text)
    WDT_IRQHandler                           0x0000019b   Thumb Code     0  startup_lpc17xx.o(.text)
    __user_initial_stackheap                 0x0000019d   Thumb Code     0  startup_lpc17xx.o(.text)
    __2sprintf                               0x000001bd   Thumb Code    34  noretval__2sprintf.o(.text)
    __printf                                 0x000001e5   Thumb Code   104  __printf.o(.text)
    __use_two_region_memory                  0x0000024d   Thumb Code     2  heapauxi.o(.text)
    __rt_heap_escrow$2region                 0x0000024f   Thumb Code     2  heapauxi.o(.text)
    __rt_heap_expand$2region                 0x00000251   Thumb Code     2  heapauxi.o(.text)
    _printf_char_common                      0x0000025f   Thumb Code    32  _printf_char_common.o(.text)
    _sputc                                   0x00000285   Thumb Code    10  _sputc.o(.text)
    __rt_locale                              0x00000291   Thumb Code     8  rt_locale_intlibspace.o(.text)
    __user_libspace                          0x00000299   Thumb Code     8  libspace.o(.text)
    __user_perproc_libspace                  0x00000299   Thumb Code     0  libspace.o(.text)
    __user_perthread_libspace                0x00000299   Thumb Code     0  libspace.o(.text)
    __user_setup_stackheap                   0x000002a1   Thumb Code    74  sys_stackheap_outer.o(.text)
    exit                                     0x000002eb   Thumb Code    18  exit.o(.text)
    _printf_fp_dec_real                      0x000004b1   Thumb Code   620  _printf_fp_dec.o(.text)
    _ll_udiv10                               0x0000071d   Thumb Code   138  lludiv10.o(.text)
    _printf_fp_infnan                        0x000007a9   Thumb Code   112  _printf_fp_infnan.o(.text)
    _btod_etento                             0x00000829   Thumb Code   224  bigflt0.o(.text)
    strcmp                                   0x0000090d   Thumb Code   128  strcmpv7m.o(.text)
    _sys_exit                                0x0000098d   Thumb Code     8  sys_exit.o(.text)
    __I$use$semihosting                      0x00000999   Thumb Code     0  use_no_semi.o(.text)
    __use_no_semihosting_swi                 0x00000999   Thumb Code     2  use_no_semi.o(.text)
    __semihosting_library_function           0x0000099b   Thumb Code     0  indicate_semi.o(.text)
    DMA_IRQHandler                           0x000009bd   Thumb Code   250  gpdma_lpc17xx.o(.text.DMA_IRQHandler)
    GLCD_ClearScreen                         0x00000ab9   Thumb Code    58  glcd_mcb1700.o(.text.GLCD_ClearScreen)
    GLCD_DrawChar                            0x00000af5   Thumb Code   188  glcd_mcb1700.o(.text.GLCD_DrawChar)
    GLCD_DrawString                          0x00000bb1   Thumb Code    54  glcd_mcb1700.o(.text.GLCD_DrawString)
    GLCD_Initialize                          0x00000be9   Thumb Code  1408  glcd_mcb1700.o(.text.GLCD_Initialize)
    GLCD_SetBackgroundColor                  0x00001169   Thumb Code    16  glcd_mcb1700.o(.text.GLCD_SetBackgroundColor)
    GLCD_SetFont                             0x00001179   Thumb Code    16  glcd_mcb1700.o(.text.GLCD_SetFont)
    GPIO_PinRead                             0x00001229   Thumb Code    20  gpio_lpc17xx.o(.text.GPIO_PinRead)
    GPIO_PinWrite                            0x0000123d   Thumb Code    28  gpio_lpc17xx.o(.text.GPIO_PinWrite)
    GPIO_PortClock                           0x00001259   Thumb Code    26  gpio_lpc17xx.o(.text.GPIO_PortClock)
    GPIO_SetDir                              0x00001275   Thumb Code    34  gpio_lpc17xx.o(.text.GPIO_SetDir)
    PIN_Configure                            0x000012d1   Thumb Code   116  pin_lpc17xx.o(.text.PIN_Configure)
    SSP1_IRQHandler                          0x0000135d   Thumb Code     8  ssp_lpc17xx.o(.text.SSP1_IRQHandler)
    SystemInit                               0x00001b01   Thumb Code   204  system_lpc17xx.o(.text.SystemInit)
    TIMER1_IRQHandler                        0x00001bcd   Thumb Code   244  ex5.o(.text.TIMER1_IRQHandler)
    initTimer1                               0x00001d3d   Thumb Code    80  ex5.o(.text.initTimer1)
    main                                     0x00001d8d   Thumb Code    94  ex5.o(.text.main)
    _btod_d2e                                0x0000208d   Thumb Code    62  btod.o(CL$$btod_d2e)
    _d2e_denorm_low                          0x000020cb   Thumb Code    70  btod.o(CL$$btod_d2e_denorm_low)
    _d2e_norm_op1                            0x00002111   Thumb Code    96  btod.o(CL$$btod_d2e_norm_op1)
    __btod_div_common                        0x00002171   Thumb Code   696  btod.o(CL$$btod_div_common)
    _e2e                                     0x000024a9   Thumb Code   220  btod.o(CL$$btod_e2e)
    _btod_ediv                               0x00002585   Thumb Code    42  btod.o(CL$$btod_ediv)
    _btod_emul                               0x000025af   Thumb Code    42  btod.o(CL$$btod_emul)
    __btod_mult_common                       0x000025d9   Thumb Code   580  btod.o(CL$$btod_mult_common)
    __ARM_fpclassify                         0x0000281d   Thumb Code    40  fpclassify.o(i.__ARM_fpclassify)
    _get_lc_numeric                          0x00002845   Thumb Code    44  lc_numeric_c.o(locale$$code)
    __aeabi_d2f                              0x00002871   Thumb Code     0  d2f.o(x$fpl$d2f)
    _d2f                                     0x00002871   Thumb Code    98  d2f.o(x$fpl$d2f)
    __aeabi_ddiv                             0x000028d5   Thumb Code     0  ddiv.o(x$fpl$ddiv)
    _ddiv                                    0x000028d5   Thumb Code   552  ddiv.o(x$fpl$ddiv)
    __aeabi_d2iz                             0x00002b85   Thumb Code     0  dfix.o(x$fpl$dfix)
    _dfix                                    0x00002b85   Thumb Code    94  dfix.o(x$fpl$dfix)
    __aeabi_i2d                              0x00002be3   Thumb Code     0  dflt_clz.o(x$fpl$dflt)
    _dflt                                    0x00002be3   Thumb Code    46  dflt_clz.o(x$fpl$dflt)
    __aeabi_dmul                             0x00002c11   Thumb Code     0  dmul.o(x$fpl$dmul)
    _dmul                                    0x00002c11   Thumb Code   332  dmul.o(x$fpl$dmul)
    __fpl_dnaninf                            0x00002d65   Thumb Code   156  dnaninf.o(x$fpl$dnaninf)
    __fpl_dretinf                            0x00002e01   Thumb Code    12  dretinf.o(x$fpl$dretinf)
    __aeabi_f2d                              0x00002e0d   Thumb Code     0  f2d.o(x$fpl$f2d)
    _f2d                                     0x00002e0d   Thumb Code    86  f2d.o(x$fpl$f2d)
    __aeabi_fmul                             0x00002e65   Thumb Code     0  fmul.o(x$fpl$fmul)
    _fmul                                    0x00002e65   Thumb Code   258  fmul.o(x$fpl$fmul)
    __fpl_fnaninf                            0x00002f67   Thumb Code   140  fnaninf.o(x$fpl$fnaninf)
    __fpl_fretinf                            0x00002ff3   Thumb Code    10  fretinf.o(x$fpl$fretinf)
    _printf_fp_dec                           0x00002ffd   Thumb Code     4  printf1.o(x$fpl$printf1)
    __I$use$fp                               0x00003000   Number         0  usenofp.o(x$fpl$usenofp)
    Driver_SPI1                              0x00003094   Data          44  ssp_lpc17xx.o(.rodata.Driver_SPI1)
    GLCD_Font_16x24                          0x000045c0   Data          16  glcd_fonts.o(.rodata.GLCD_Font_16x24)
    Region$$Table$$Base                      0x000045d0   Number         0  anon$$obj.o(Region$$Table)
    Region$$Table$$Limit                     0x000045f0   Number         0  anon$$obj.o(Region$$Table)
    ADC_String                               0x10000000   Data          20  ex5.o(.data.ADC_String)
    SystemCoreClock                          0x10000014   Data           4  system_lpc17xx.o(.data.SystemCoreClock)
    __libspace_start                         0x10000020   Data          96  libspace.o(.bss)
    __temporary_stack_top$libspace           0x10000080   Data           0  libspace.o(.bss)
    bar_value                                0x10000158   Data           4  ex5.o(.bss.bar_value)
    result                                   0x10000160   Data           4  ex5.o(.bss.result)
    volts                                    0x10000164   Data           4  ex5.o(.bss.volts)



==============================================================================

Memory Map of the image

  Image Entry point : 0x00000181

  Load Region LR_1 (Base: 0x00000000, Size: 0x00004628, Max: 0xffffffff, ABSOLUTE)

    Execution Region ER_RO (Exec base: 0x00000000, Load base: 0x00000000, Size: 0x0000460c, Max: 0xffffffff, ABSOLUTE)

    Exec Addr    Load Addr    Size         Type   Attr      Idx    E Section Name        Object

    0x00000000   0x00000000   0x000000cc   Data   RO          269    RESET               startup_lpc17xx.o
    0x000000cc   0x000000cc   0x00000008   Code   RO          325  * !!!main             c_w.l(__main.o)
    0x000000d4   0x000000d4   0x00000034   Code   RO          591    !!!scatter          c_w.l(__scatter.o)
    0x00000108   0x00000108   0x0000001a   Code   RO          593    !!handler_copy      c_w.l(__scatter_copy.o)
    0x00000122   0x00000122   0x00000002   PAD
    0x00000124   0x00000124   0x0000001c   Code   RO          595    !!handler_zi        c_w.l(__scatter_zi.o)
    0x00000140   0x00000140   0x00000000   Code   RO          322    .ARM.Collect$$_printf_percent$$00000000  c_w.l(_printf_percent.o)
    0x00000140   0x00000140   0x00000006   Code   RO          321    .ARM.Collect$$_printf_percent$$00000003  c_w.l(_printf_f.o)
    0x00000146   0x00000146   0x00000004   Code   RO          364    .ARM.Collect$$_printf_percent$$00000017  c_w.l(_printf_percent_end.o)
    0x0000014a   0x0000014a   0x00000002   Code   RO          456    .ARM.Collect$$libinit$$00000000  c_w.l(libinit.o)
    0x0000014c   0x0000014c   0x00000000   Code   RO          458    .ARM.Collect$$libinit$$00000002  c_w.l(libinit2.o)
    0x0000014c   0x0000014c   0x00000000   Code   RO          460    .ARM.Collect$$libinit$$00000004  c_w.l(libinit2.o)
    0x0000014c   0x0000014c   0x00000000   Code   RO          463    .ARM.Collect$$libinit$$0000000A  c_w.l(libinit2.o)
    0x0000014c   0x0000014c   0x00000000   Code   RO          465    .ARM.Collect$$libinit$$0000000C  c_w.l(libinit2.o)
    0x0000014c   0x0000014c   0x00000000   Code   RO          467    .ARM.Collect$$libinit$$0000000E  c_w.l(libinit2.o)
    0x0000014c   0x0000014c   0x00000006   Code   RO          468    .ARM.Collect$$libinit$$0000000F  c_w.l(libinit2.o)
    0x00000152   0x00000152   0x00000000   Code   RO          470    .ARM.Collect$$libinit$$00000011  c_w.l(libinit2.o)
    0x00000152   0x00000152   0x00000000   Code   RO          472    .ARM.Collect$$libinit$$00000013  c_w.l(libinit2.o)
    0x00000152   0x00000152   0x00000000   Code   RO          474    .ARM.Collect$$libinit$$00000015  c_w.l(libinit2.o)
    0x00000152   0x00000152   0x0000000a   Code   RO          475    .ARM.Collect$$libinit$$00000016  c_w.l(libinit2.o)
    0x0000015c   0x0000015c   0x00000000   Code   RO          476    .ARM.Collect$$libinit$$00000017  c_w.l(libinit2.o)
    0x0000015c   0x0000015c   0x00000000   Code   RO          478    .ARM.Collect$$libinit$$00000019  c_w.l(libinit2.o)
    0x0000015c   0x0000015c   0x00000000   Code   RO          480    .ARM.Collect$$libinit$$0000001B  c_w.l(libinit2.o)
    0x0000015c   0x0000015c   0x00000000   Code   RO          482    .ARM.Collect$$libinit$$0000001D  c_w.l(libinit2.o)
    0x0000015c   0x0000015c   0x00000000   Code   RO          484    .ARM.Collect$$libinit$$0000001F  c_w.l(libinit2.o)
    0x0000015c   0x0000015c   0x00000000   Code   RO          486    .ARM.Collect$$libinit$$00000021  c_w.l(libinit2.o)
    0x0000015c   0x0000015c   0x00000000   Code   RO          488    .ARM.Collect$$libinit$$00000023  c_w.l(libinit2.o)
    0x0000015c   0x0000015c   0x00000000   Code   RO          490    .ARM.Collect$$libinit$$00000025  c_w.l(libinit2.o)
    0x0000015c   0x0000015c   0x00000000   Code   RO          494    .ARM.Collect$$libinit$$0000002C  c_w.l(libinit2.o)
    0x0000015c   0x0000015c   0x00000000   Code   RO          496    .ARM.Collect$$libinit$$0000002E  c_w.l(libinit2.o)
    0x0000015c   0x0000015c   0x00000000   Code   RO          498    .ARM.Collect$$libinit$$00000030  c_w.l(libinit2.o)
    0x0000015c   0x0000015c   0x00000000   Code   RO          500    .ARM.Collect$$libinit$$00000032  c_w.l(libinit2.o)
    0x0000015c   0x0000015c   0x00000002   Code   RO          501    .ARM.Collect$$libinit$$00000033  c_w.l(libinit2.o)
    0x0000015e   0x0000015e   0x00000002   Code   RO          556    .ARM.Collect$$libshutdown$$00000000  c_w.l(libshutdown.o)
    0x00000160   0x00000160   0x00000000   Code   RO          574    .ARM.Collect$$libshutdown$$00000002  c_w.l(libshutdown2.o)
    0x00000160   0x00000160   0x00000000   Code   RO          576    .ARM.Collect$$libshutdown$$00000004  c_w.l(libshutdown2.o)
    0x00000160   0x00000160   0x00000000   Code   RO          579    .ARM.Collect$$libshutdown$$00000007  c_w.l(libshutdown2.o)
    0x00000160   0x00000160   0x00000000   Code   RO          582    .ARM.Collect$$libshutdown$$0000000A  c_w.l(libshutdown2.o)
    0x00000160   0x00000160   0x00000000   Code   RO          584    .ARM.Collect$$libshutdown$$0000000C  c_w.l(libshutdown2.o)
    0x00000160   0x00000160   0x00000000   Code   RO          587    .ARM.Collect$$libshutdown$$0000000F  c_w.l(libshutdown2.o)
    0x00000160   0x00000160   0x00000002   Code   RO          588    .ARM.Collect$$libshutdown$$00000010  c_w.l(libshutdown2.o)
    0x00000162   0x00000162   0x00000000   Code   RO          351    .ARM.Collect$$rtentry$$00000000  c_w.l(__rtentry.o)
    0x00000162   0x00000162   0x00000000   Code   RO          375    .ARM.Collect$$rtentry$$00000002  c_w.l(__rtentry2.o)
    0x00000162   0x00000162   0x00000006   Code   RO          387    .ARM.Collect$$rtentry$$00000004  c_w.l(__rtentry4.o)
    0x00000168   0x00000168   0x00000000   Code   RO          377    .ARM.Collect$$rtentry$$00000009  c_w.l(__rtentry2.o)
    0x00000168   0x00000168   0x00000004   Code   RO          378    .ARM.Collect$$rtentry$$0000000A  c_w.l(__rtentry2.o)
    0x0000016c   0x0000016c   0x00000000   Code   RO          380    .ARM.Collect$$rtentry$$0000000C  c_w.l(__rtentry2.o)
    0x0000016c   0x0000016c   0x00000008   Code   RO          381    .ARM.Collect$$rtentry$$0000000D  c_w.l(__rtentry2.o)
    0x00000174   0x00000174   0x00000002   Code   RO          502    .ARM.Collect$$rtexit$$00000000  c_w.l(rtexit.o)
    0x00000176   0x00000176   0x00000000   Code   RO          521    .ARM.Collect$$rtexit$$00000002  c_w.l(rtexit2.o)
    0x00000176   0x00000176   0x00000004   Code   RO          522    .ARM.Collect$$rtexit$$00000003  c_w.l(rtexit2.o)
    0x0000017a   0x0000017a   0x00000006   Code   RO          523    .ARM.Collect$$rtexit$$00000004  c_w.l(rtexit2.o)
    0x00000180   0x00000180   0x0000003c   Code   RO          271  * .text               startup_lpc17xx.o
    0x000001bc   0x000001bc   0x00000028   Code   RO          297    .text               c_w.l(noretval__2sprintf.o)
    0x000001e4   0x000001e4   0x00000068   Code   RO          299    .text               c_w.l(__printf.o)
    0x0000024c   0x0000024c   0x00000006   Code   RO          323    .text               c_w.l(heapauxi.o)
    0x00000252   0x00000252   0x00000002   PAD
    0x00000254   0x00000254   0x00000030   Code   RO          360    .text               c_w.l(_printf_char_common.o)
    0x00000284   0x00000284   0x0000000a   Code   RO          362    .text               c_w.l(_sputc.o)
    0x0000028e   0x0000028e   0x00000002   PAD
    0x00000290   0x00000290   0x00000008   Code   RO          394    .text               c_w.l(rt_locale_intlibspace.o)
    0x00000298   0x00000298   0x00000008   Code   RO          436    .text               c_w.l(libspace.o)
    0x000002a0   0x000002a0   0x0000004a   Code   RO          439    .text               c_w.l(sys_stackheap_outer.o)
    0x000002ea   0x000002ea   0x00000012   Code   RO          443    .text               c_w.l(exit.o)
    0x000002fc   0x000002fc   0x00000004   Code   RO          270    .ARM.__at_0x02FC    startup_lpc17xx.o
    0x00000300   0x00000300   0x0000041c   Code   RO          356    .text               c_w.l(_printf_fp_dec.o)
    0x0000071c   0x0000071c   0x0000008a   Code   RO          396    .text               c_w.l(lludiv10.o)
    0x000007a6   0x000007a6   0x00000002   PAD
    0x000007a8   0x000007a8   0x00000080   Code   RO          398    .text               c_w.l(_printf_fp_infnan.o)
    0x00000828   0x00000828   0x000000e4   Code   RO          402    .text               c_w.l(bigflt0.o)
    0x0000090c   0x0000090c   0x00000080   Code   RO          449    .text               c_w.l(strcmpv7m.o)
    0x0000098c   0x0000098c   0x0000000c   Code   RO          516    .text               c_w.l(sys_exit.o)
    0x00000998   0x00000998   0x00000002   Code   RO          543    .text               c_w.l(use_no_semi.o)
    0x0000099a   0x0000099a   0x00000000   Code   RO          545    .text               c_w.l(indicate_semi.o)
    0x0000099a   0x0000099a   0x00000002   PAD
    0x0000099c   0x0000099c   0x00000020   Code   RO          211    .text.Clear_Channel_active_flag  gpdma_lpc17xx.o
    0x000009bc   0x000009bc   0x000000fa   Code   RO          221    .text.DMA_IRQHandler  gpdma_lpc17xx.o
    0x00000ab6   0x00000ab6   0x00000002   PAD
    0x00000ab8   0x00000ab8   0x0000003a   Code   RO           48    .text.GLCD_ClearScreen  glcd_mcb1700.o
    0x00000af2   0x00000af2   0x00000002   PAD
    0x00000af4   0x00000af4   0x000000bc   Code   RO           72    .text.GLCD_DrawChar  glcd_mcb1700.o
    0x00000bb0   0x00000bb0   0x00000036   Code   RO           74    .text.GLCD_DrawString  glcd_mcb1700.o
    0x00000be6   0x00000be6   0x00000002   PAD
    0x00000be8   0x00000be8   0x00000580   Code   RO           32    .text.GLCD_Initialize  glcd_mcb1700.o
    0x00001168   0x00001168   0x00000010   Code   RO           46    .text.GLCD_SetBackgroundColor  glcd_mcb1700.o
    0x00001178   0x00001178   0x00000010   Code   RO           60    .text.GLCD_SetFont  glcd_mcb1700.o
    0x00001188   0x00001188   0x0000009e   Code   RO           50    .text.GLCD_SetWindow  glcd_mcb1700.o
    0x00001226   0x00001226   0x00000002   PAD
    0x00001228   0x00001228   0x00000014   Code   RO          240    .text.GPIO_PinRead  gpio_lpc17xx.o
    0x0000123c   0x0000123c   0x0000001c   Code   RO          238    .text.GPIO_PinWrite  gpio_lpc17xx.o
    0x00001258   0x00001258   0x0000001a   Code   RO          234    .text.GPIO_PortClock  gpio_lpc17xx.o
    0x00001272   0x00001272   0x00000002   PAD
    0x00001274   0x00001274   0x00000022   Code   RO          236    .text.GPIO_SetDir   gpio_lpc17xx.o
    0x00001296   0x00001296   0x00000002   PAD
    0x00001298   0x00001298   0x00000038   Code   RO          175    .text.GetSSPClockFreq  ssp_lpc17xx.o
    0x000012d0   0x000012d0   0x00000074   Code   RO          254    .text.PIN_Configure  pin_lpc17xx.o
    0x00001344   0x00001344   0x00000008   Code   RO          149    .text.SSP1_Control  ssp_lpc17xx.o
    0x0000134c   0x0000134c   0x00000008   Code   RO          147    .text.SSP1_GetDataCount  ssp_lpc17xx.o
    0x00001354   0x00001354   0x00000008   Code   RO          151    .text.SSP1_GetStatus  ssp_lpc17xx.o
    0x0000135c   0x0000135c   0x00000008   Code   RO          127    .text.SSP1_IRQHandler  ssp_lpc17xx.o
    0x00001364   0x00001364   0x0000000a   Code   RO          135    .text.SSP1_Initialize  ssp_lpc17xx.o
    0x0000136e   0x0000136e   0x00000002   PAD
    0x00001370   0x00001370   0x00000008   Code   RO          139    .text.SSP1_PowerControl  ssp_lpc17xx.o
    0x00001378   0x00001378   0x00000008   Code   RO          143    .text.SSP1_Receive  ssp_lpc17xx.o
    0x00001380   0x00001380   0x00000008   Code   RO          141    .text.SSP1_Send     ssp_lpc17xx.o
    0x00001388   0x00001388   0x00000008   Code   RO          145    .text.SSP1_Transfer  ssp_lpc17xx.o
    0x00001390   0x00001390   0x0000000a   Code   RO          137    .text.SSP1_Uninitialize  ssp_lpc17xx.o
    0x0000139a   0x0000139a   0x00000002   PAD
    0x0000139c   0x0000139c   0x00000004   Code   RO          133    .text.SSP_GetCapabilities  ssp_lpc17xx.o
    0x000013a0   0x000013a0   0x0000000a   Code   RO          131    .text.SSP_GetVersion  ssp_lpc17xx.o
    0x000013aa   0x000013aa   0x00000002   PAD
    0x000013ac   0x000013ac   0x00000384   Code   RO          173    .text.SSPx_Control  ssp_lpc17xx.o
    0x00001730   0x00001730   0x0000001c   Code   RO          171    .text.SSPx_GetDataCount  ssp_lpc17xx.o
    0x0000174c   0x0000174c   0x00000020   Code   RO          177    .text.SSPx_GetStatus  ssp_lpc17xx.o
    0x0000176c   0x0000176c   0x000000ce   Code   RO          129    .text.SSPx_IRQHandler  ssp_lpc17xx.o
    0x0000183a   0x0000183a   0x00000002   PAD
    0x0000183c   0x0000183c   0x00000062   Code   RO          153    .text.SSPx_Initialize  ssp_lpc17xx.o
    0x0000189e   0x0000189e   0x00000002   PAD
    0x000018a0   0x000018a0   0x000000fc   Code   RO          157    .text.SSPx_PowerControl  ssp_lpc17xx.o
    0x0000199c   0x0000199c   0x00000056   Code   RO          167    .text.SSPx_Receive  ssp_lpc17xx.o
    0x000019f2   0x000019f2   0x00000002   PAD
    0x000019f4   0x000019f4   0x00000056   Code   RO          165    .text.SSPx_Send     ssp_lpc17xx.o
    0x00001a4a   0x00001a4a   0x00000002   PAD
    0x00001a4c   0x00001a4c   0x00000066   Code   RO          169    .text.SSPx_Transfer  ssp_lpc17xx.o
    0x00001ab2   0x00001ab2   0x00000002   PAD
    0x00001ab4   0x00001ab4   0x0000004c   Code   RO          155    .text.SSPx_Uninitialize  ssp_lpc17xx.o
    0x00001b00   0x00001b00   0x000000cc   Code   RO          282    .text.SystemInit    system_lpc17xx.o
    0x00001bcc   0x00001bcc   0x000000f4   Code   RO            8    .text.TIMER1_IRQHandler  ex5.o
    0x00001cc0   0x00001cc0   0x00000010   Code   RO          161    .text.__NVIC_ClearPendingIRQ  ssp_lpc17xx.o
    0x00001cd0   0x00001cd0   0x00000018   Code   RO          159    .text.__NVIC_DisableIRQ  ssp_lpc17xx.o
    0x00001ce8   0x00001ce8   0x0000000e   Code   RO            6    .text.__NVIC_EnableIRQ  ex5.o
    0x00001cf6   0x00001cf6   0x00000002   PAD
    0x00001cf8   0x00001cf8   0x00000010   Code   RO          163    .text.__NVIC_EnableIRQ  ssp_lpc17xx.o
    0x00001d08   0x00001d08   0x00000032   Code   RO           40    .text.delay_ms      glcd_mcb1700.o
    0x00001d3a   0x00001d3a   0x00000002   PAD
    0x00001d3c   0x00001d3c   0x00000050   Code   RO            4    .text.initTimer1    ex5.o
    0x00001d8c   0x00001d8c   0x0000005e   Code   RO            2    .text.main          ex5.o
    0x00001dea   0x00001dea   0x00000002   PAD
    0x00001dec   0x00001dec   0x0000003a   Code   RO           88    .text.rd_dat        glcd_mcb1700.o
    0x00001e26   0x00001e26   0x00000002   PAD
    0x00001e28   0x00001e28   0x000000ac   Code   RO           34    .text.rd_id_man     glcd_mcb1700.o
    0x00001ed4   0x00001ed4   0x0000000e   Code   RO           36    .text.rd_reg        glcd_mcb1700.o
    0x00001ee2   0x00001ee2   0x00000002   PAD
    0x00001ee4   0x00001ee4   0x0000002e   Code   RO           90    .text.spi_tran      glcd_mcb1700.o
    0x00001f12   0x00001f12   0x00000002   PAD
    0x00001f14   0x00001f14   0x0000006e   Code   RO           86    .text.spi_tran_man  glcd_mcb1700.o
    0x00001f82   0x00001f82   0x00000002   PAD
    0x00001f84   0x00001f84   0x0000003c   Code   RO           52    .text.wr_cmd        glcd_mcb1700.o
    0x00001fc0   0x00001fc0   0x0000002a   Code   RO           56    .text.wr_dat_only   glcd_mcb1700.o
    0x00001fea   0x00001fea   0x00000002   PAD
    0x00001fec   0x00001fec   0x0000001a   Code   RO           54    .text.wr_dat_start  glcd_mcb1700.o
    0x00002006   0x00002006   0x00000002   PAD
    0x00002008   0x00002008   0x00000014   Code   RO           58    .text.wr_dat_stop   glcd_mcb1700.o
    0x0000201c   0x0000201c   0x00000070   Code   RO           38    .text.wr_reg        glcd_mcb1700.o
    0x0000208c   0x0000208c   0x0000003e   Code   RO          405    CL$$btod_d2e        c_w.l(btod.o)
    0x000020ca   0x000020ca   0x00000046   Code   RO          407    CL$$btod_d2e_denorm_low  c_w.l(btod.o)
    0x00002110   0x00002110   0x00000060   Code   RO          406    CL$$btod_d2e_norm_op1  c_w.l(btod.o)
    0x00002170   0x00002170   0x00000338   Code   RO          415    CL$$btod_div_common  c_w.l(btod.o)
    0x000024a8   0x000024a8   0x000000dc   Code   RO          412    CL$$btod_e2e        c_w.l(btod.o)
    0x00002584   0x00002584   0x0000002a   Code   RO          409    CL$$btod_ediv       c_w.l(btod.o)
    0x000025ae   0x000025ae   0x0000002a   Code   RO          408    CL$$btod_emul       c_w.l(btod.o)
    0x000025d8   0x000025d8   0x00000244   Code   RO          414    CL$$btod_mult_common  c_w.l(btod.o)
    0x0000281c   0x0000281c   0x00000028   Code   RO          434    i.__ARM_fpclassify  m_ws.l(fpclassify.o)
    0x00002844   0x00002844   0x0000002c   Code   RO          430    locale$$code        c_w.l(lc_numeric_c.o)
    0x00002870   0x00002870   0x00000062   Code   RO          327    x$fpl$d2f           fz_ws.l(d2f.o)
    0x000028d2   0x000028d2   0x00000002   PAD
    0x000028d4   0x000028d4   0x000002b0   Code   RO          330    x$fpl$ddiv          fz_ws.l(ddiv.o)
    0x00002b84   0x00002b84   0x0000005e   Code   RO          333    x$fpl$dfix          fz_ws.l(dfix.o)
    0x00002be2   0x00002be2   0x0000002e   Code   RO          338    x$fpl$dflt          fz_ws.l(dflt_clz.o)
    0x00002c10   0x00002c10   0x00000154   Code   RO          343    x$fpl$dmul          fz_ws.l(dmul.o)
    0x00002d64   0x00002d64   0x0000009c   Code   RO          365    x$fpl$dnaninf       fz_ws.l(dnaninf.o)
    0x00002e00   0x00002e00   0x0000000c   Code   RO          367    x$fpl$dretinf       fz_ws.l(dretinf.o)
    0x00002e0c   0x00002e0c   0x00000056   Code   RO          345    x$fpl$f2d           fz_ws.l(f2d.o)
    0x00002e62   0x00002e62   0x00000002   PAD
    0x00002e64   0x00002e64   0x00000102   Code   RO          347    x$fpl$fmul          fz_ws.l(fmul.o)
    0x00002f66   0x00002f66   0x0000008c   Code   RO          369    x$fpl$fnaninf       fz_ws.l(fnaninf.o)
    0x00002ff2   0x00002ff2   0x0000000a   Code   RO          371    x$fpl$fretinf       fz_ws.l(fretinf.o)
    0x00002ffc   0x00002ffc   0x00000004   Code   RO          349    x$fpl$printf1       fz_ws.l(printf1.o)
    0x00003000   0x00003000   0x00000000   Code   RO          373    x$fpl$usenofp       fz_ws.l(usenofp.o)
    0x00003000   0x00003000   0x00000094   Data   RO          403    .constdata          c_w.l(bigflt0.o)
    0x00003094   0x00003094   0x0000002c   Data   RO          180    .rodata.Driver_SPI1  ssp_lpc17xx.o
    0x000030c0   0x000030c0   0x00001500   Data   RO           25    .rodata.Font_16x24_h  glcd_fonts.o
    0x000045c0   0x000045c0   0x00000010   Data   RO           26    .rodata.GLCD_Font_16x24  glcd_fonts.o
    0x000045d0   0x000045d0   0x00000020   Data   RO          590    Region$$Table       anon$$obj.o
    0x000045f0   0x000045f0   0x0000001c   Data   RO          429    locale$$data        c_w.l(lc_numeric_c.o)


    Execution Region ER_RW (Exec base: 0x10000000, Load base: 0x0000460c, Size: 0x0000001c, Max: 0xffffffff, ABSOLUTE)

    Exec Addr    Load Addr    Size         Type   Attr      Idx    E Section Name        Object

    0x10000000   0x0000460c   0x00000014   Data   RW           11    .data.ADC_String    ex5.o
    0x10000014   0x00004620   0x00000004   Data   RW          284    .data.SystemCoreClock  system_lpc17xx.o
    0x10000018   0x00004624   0x00000002   Data   RW           94    .data.background_color  glcd_mcb1700.o


    Execution Region ER_ZI (Exec base: 0x10000020, Load base: 0x00004628, Size: 0x00000348, Max: 0xffffffff, ABSOLUTE)

    Exec Addr    Load Addr    Size         Type   Attr      Idx    E Section Name        Object

    0x10000020        -       0x00000060   Zero   RW          437    .bss                c_w.l(libspace.o)
    0x10000080        -       0x00000004   Zero   RW          225    .bss.Channel_active  gpdma_lpc17xx.o
    0x10000084        -       0x000000a0   Zero   RW          224    .bss.Channel_info   gpdma_lpc17xx.o
    0x10000124        -       0x00000001   Zero   RW           92    .bss.Himax          glcd_mcb1700.o
    0x10000125   0x00004628   0x00000003   PAD
    0x10000128        -       0x00000010   Zero   RW          185    .bss.SSP1_Info      ssp_lpc17xx.o
    0x10000138        -       0x0000001c   Zero   RW          186    .bss.SSP1_Xfer      ssp_lpc17xx.o
    0x10000154        -       0x00000004   Zero   RW           95    .bss.active_font    glcd_mcb1700.o
    0x10000158        -       0x00000004   Zero   RW           14    .bss.bar_value      ex5.o
    0x1000015c        -       0x00000002   Zero   RW           93    .bss.foreground_color  glcd_mcb1700.o
    0x1000015e   0x00004628   0x00000002   PAD
    0x10000160        -       0x00000004   Zero   RW           12    .bss.result         ex5.o
    0x10000164        -       0x00000004   Zero   RW           13    .bss.volts          ex5.o
    0x10000168        -       0x00000000   Zero   RW          268    HEAP                startup_lpc17xx.o
    0x10000168        -       0x00000200   Zero   RW          267    STACK               startup_lpc17xx.o


==============================================================================

Image component sizes


      Code (inc. data)   RO Data    RW Data    ZI Data      Debug   Object Name

       432         36          0         20         12       4880   ex5.o
         0          0       5392          0          0       1103   glcd_fonts.o
      2608          0          0          2          7       9304   glcd_mcb1700.o
       282          0          0          0        164       7244   gpdma_lpc17xx.o
       108          0          0          0          0       3873   gpio_lpc17xx.o
       116          0          0          0          0       2428   pin_lpc17xx.o
      2076         42         44          0         44      12393   ssp_lpc17xx.o
        64         26        204          0        512        988   startup_lpc17xx.o
       204          0          0          4          0       2103   system_lpc17xx.o

    ----------------------------------------------------------------------
      5936        104       5672         28        744      44316   Object Totals
         0          0         32          0          0          0   (incl. Generated)
        46          0          0          2          5          0   (incl. Padding)

    ----------------------------------------------------------------------

      Code (inc. data)   RO Data    RW Data    ZI Data      Debug   Library Member Name

         8          0          0          0          0         68   __main.o
       104          0          0          0          0         84   __printf.o
         0          0          0          0          0          0   __rtentry.o
        12          0          0          0          0          0   __rtentry2.o
         6          0          0          0          0          0   __rtentry4.o
        52          8          0          0          0          0   __scatter.o
        26          0          0          0          0          0   __scatter_copy.o
        28          0          0          0          0          0   __scatter_zi.o
        48          6          0          0          0         96   _printf_char_common.o
         6          0          0          0          0          0   _printf_f.o
      1052          0          0          0          0        148   _printf_fp_dec.o
       128         16          0          0          0         84   _printf_fp_infnan.o
         0          0          0          0          0          0   _printf_percent.o
         4          0          0          0          0          0   _printf_percent_end.o
        10          0          0          0          0         68   _sputc.o
       228          4        148          0          0         96   bigflt0.o
      1936        128          0          0          0        672   btod.o
        18          0          0          0          0         80   exit.o
         6          0          0          0          0        152   heapauxi.o
         0          0          0          0          0          0   indicate_semi.o
        44         10         28          0          0         76   lc_numeric_c.o
         2          0          0          0          0          0   libinit.o
        18          0          0          0          0          0   libinit2.o
         2          0          0          0          0          0   libshutdown.o
         2          0          0          0          0          0   libshutdown2.o
         8          4          0          0         96         68   libspace.o
       138          0          0          0          0         80   lludiv10.o
        40          6          0          0          0         84   noretval__2sprintf.o
         8          4          0          0          0         68   rt_locale_intlibspace.o
         2          0          0          0          0          0   rtexit.o
        10          0          0          0          0          0   rtexit2.o
       128          0          0          0          0         68   strcmpv7m.o
        12          4          0          0          0         68   sys_exit.o
        74          0          0          0          0         80   sys_stackheap_outer.o
         2          0          0          0          0         68   use_no_semi.o
        98          4          0          0          0         92   d2f.o
       688        140          0          0          0        216   ddiv.o
        94          4          0          0          0         92   dfix.o
        46          0          0          0          0         68   dflt_clz.o
       340         12          0          0          0        104   dmul.o
       156          4          0          0          0         92   dnaninf.o
        12          0          0          0          0         68   dretinf.o
        86          4          0          0          0         84   f2d.o
       258          4          0          0          0         84   fmul.o
       140          4          0          0          0         84   fnaninf.o
        10          0          0          0          0         68   fretinf.o
         4          0          0          0          0         68   printf1.o
         0          0          0          0          0          0   usenofp.o
        40          0          0          0          0         68   fpclassify.o

    ----------------------------------------------------------------------
      6148        366        176          0         96       3396   Library Totals
        14          0          0          0          0          0   (incl. Padding)

    ----------------------------------------------------------------------

      Code (inc. data)   RO Data    RW Data    ZI Data      Debug   Library Name

      4162        190        176          0         96       2208   c_w.l
      1932        176          0          0          0       1120   fz_ws.l
        40          0          0          0          0         68   m_ws.l

    ----------------------------------------------------------------------
      6148        366        176          0         96       3396   Library Totals

    ----------------------------------------------------------------------

==============================================================================


      Code (inc. data)   RO Data    RW Data    ZI Data      Debug   

     12084        470       5848         28        840      45844   Grand Totals
     12084        470       5848         28        840      45844   ELF Image Totals
     12084        470       5848         28          0          0   ROM Totals

==============================================================================

    Total RO  Size (Code + RO Data)                17932 (  17.51kB)
    Total RW  Size (RW Data + ZI Data)               868 (   0.85kB)
    Total ROM Size (Code + RO Data + RW Data)      17960 (  17.54kB)

==============================================================================

