<html>
<body>
<pre>
<h1>µVision Build Log</h1>
<h2>Tool Versions:</h2>
IDE-Version: µVision V5.31.0.0
Copyright (C) 2020 ARM Ltd and ARM Germany GmbH. All rights reserved.
License Information: ewew ACER, ewew, LIC=----
 
Tool Versions:
Toolchain:       MDK-Lite  Version: 5.31.0.0
Toolchain Path:  C:\Keil_v5\ARM\ARMCC\Bin
C Compiler:      Armcc.exe V5.06 update 6 (build 750)
Assembler:       Armasm.exe V5.06 update 6 (build 750)
Linker/Locator:  ArmLink.exe V5.06 update 6 (build 750)
Library Manager: ArmAr.exe V5.06 update 6 (build 750)
Hex Converter:   FromElf.exe V5.06 update 6 (build 750)
CPU DLL:         SARMCM3.DLL V5.31.0.0
Dialog DLL:      DCM.DLL V1.17.3.0
Target DLL:      UL2CM3.DLL V1.163.4.0
Dialog DLL:      TCM.DLL V1.46.0.0
 
<h2>Project:</h2>
D:\Year 3\Semester 2\EMB\EMB Lab\pump_control2\Lab04_Menu_Pump_V2b.uvprojx
Project File Date:  06/17/2024

<h2>Output:</h2>
*** Using Compiler 'V5.06 update 6 (build 750)', folder: 'C:\Keil_v5\ARM\ARMCC\Bin'
Rebuild target 'Target 1'
compiling Buttons_MCB1700.c...
compiling LED_MCB1700.c...
compiling increase_decrease.c...
increase_decrease.c(26): warning:  #1-D: last line of file ends without a newline
  }
increase_decrease.c: 1 warning, 0 errors
compiling GLCD_Fonts.c...
compiling Joystick_MCB1700.c...
compiling ADC_MCB1700.c...
compiling action.c...
action.c(93): warning:  #1-D: last line of file ends without a newline
  }
action.c: 1 warning, 0 errors
compiling RTX_Conf_CM.c...
assembling startup_LPC17xx.s...
compiling light_on_off.c...
light_on_off.c(18): warning:  #1-D: last line of file ends without a newline
  }
light_on_off.c: 1 warning, 0 errors
compiling GLCD_MCB1700.c...
compiling main.c...
main.c(173): warning:  #1295-D: Deprecated declaration Display_Pump_Duration - give arg types
  void Display_Pump_Duration();
main.c(180): warning:  #1295-D: Deprecated declaration DisplayADC_Threshold - give arg types
  void DisplayADC_Threshold();
main.c(270): warning:  #61-D: integer operation result is out of range
  	LPC_GPIO1->FIODIR |= (1<<28)| (1<<29)|(1<<31); 
main.c: 3 warnings, 0 errors
compiling PIN_LPC17xx.c...
compiling GPIO_LPC17xx.c...
compiling GPDMA_LPC17xx.c...
compiling system_LPC17xx.c...
compiling SSP_LPC17xx.c...
linking...
Program Size: Code=20232 RO-data=6056 RW-data=372 ZI-data=4572  
FromELF: creating hex file...
".\Objects\Lab04_Menu_Pump_V2b.axf" - 0 Error(s), 6 Warning(s).

<h2>Software Packages used:</h2>

Package Vendor: ARM
                http://www.keil.com/pack/ARM.CMSIS.4.5.0.pack
                ARM.CMSIS.4.5.0
                CMSIS (Cortex Microcontroller Software Interface Standard)
   * Component: SPI Version: 2.01
   * Component: RTOS Version: 1.0
   * Component: CORE Version: 4.3.0
   * Component: Keil RTX Version: 4.80.0

Package Vendor: Keil
                http://www.keil.com/pack/Keil.LPC1700_DFP.2.5.0.pack
                Keil.LPC1700_DFP.2.5.0
                NXP LPC1700 Series Device Support, Drivers and Examples for MCB1700 and LPC1788-32
   * Component: A/D Converter Version: 1.0.0
   * Component: Buttons Version: 1.0.0
   * Component: Graphic LCD Version: 1.0.0
   * Component: Joystick Version: 1.0.0
   * Component: LED Version: 1.0.0
   * Component: SSP Version: 2.7.0
   * Component: GPDMA Version: 1.2.0
   * Component: GPIO Version: 1.1.0
   * Component: PIN Version: 1.0.0
   * Component: Startup Version: 1.0.0

Package Vendor: Keil
                http://www.keil.com/pack/Keil.MDK-Middleware.7.11.1.pack
                Keil.MDK-Middleware.7.11.1
                Middleware for Keil MDK-Professional and MDK-Plus
   * Component: A/D Converter Version: 1.0.0
   * Component: Buttons Version: 1.0.0
   * Component: Graphic LCD Version: 1.0.0
   * Component: Joystick Version: 1.0.0
   * Component: LED Version: 1.0.0

<h2>Collection of Component include folders:</h2>
  .\RTE\Device\LPC1768
  .\RTE\_Target_1
  C:\Users\ACER\AppData\Local\Arm\Packs\ARM\CMSIS\4.5.0\CMSIS\Driver\Include
  C:\Users\ACER\AppData\Local\Arm\Packs\ARM\CMSIS\4.5.0\CMSIS\Include
  C:\Users\ACER\AppData\Local\Arm\Packs\ARM\CMSIS\4.5.0\CMSIS\RTOS\RTX\INC
  C:\Users\ACER\AppData\Local\Arm\Packs\Keil\LPC1700_DFP\2.5.0\Boards\Keil\MCB1700\Common
  C:\Users\ACER\AppData\Local\Arm\Packs\Keil\LPC1700_DFP\2.5.0\Device\Include
  C:\Users\ACER\AppData\Local\Arm\Packs\Keil\LPC1700_DFP\2.5.0\RTE_Driver
  C:\Users\ACER\AppData\Local\Arm\Packs\Keil\MDK-Middleware\7.11.1\Board

<h2>Collection of Component Files used:</h2>

   * Component: ::Board Support:A/D Converter:1.0.0 (API)
      Include file:  Board\Board_ADC.h

   * Component: ::Board Support:Buttons:1.0.0 (API)
      Include file:  Board\Board_Buttons.h

   * Component: ::Board Support:Graphic LCD:1.0.0 (API)
      Include file:  Board\Board_GLCD.h

   * Component: ::Board Support:Joystick:1.0.0 (API)
      Include file:  Board\Board_Joystick.h

   * Component: ::Board Support:LED:1.0.0 (API)
      Include file:  Board\Board_LED.h

   * Component: ::CMSIS Driver:SPI:2.01 (API)
      Include file:  CMSIS\Driver\Include\Driver_SPI.h

   * Component: ::CMSIS:RTOS:1.0 (API)

   * Component: ARM::CMSIS:CORE:4.3.0

   * Component: ARM::CMSIS:RTOS:Keil RTX:4.80.0
      Library file:  CMSIS\RTOS\RTX\LIB\ARM\RTX_CM3.lib
      Source file:   CMSIS\RTOS\RTX\UserCodeTemplates\Timer.c
      Source file:   CMSIS\RTOS\RTX\SRC\ARM\SVC_Table.s
      Include file:  CMSIS\RTOS\RTX\INC\cmsis_os.h
      Source file:   CMSIS\RTOS\RTX\Templates\RTX_Conf_CM.c
      Source file:   CMSIS\RTOS\RTX\UserCodeTemplates\MemPool.c
      Source file:   CMSIS\RTOS\RTX\UserCodeTemplates\MsgQueue.c
      Source file:   CMSIS\RTOS\RTX\UserCodeTemplates\Mutex.c
      Source file:   CMSIS\RTOS\RTX\UserCodeTemplates\main.c
      Source file:   CMSIS\RTOS\RTX\UserCodeTemplates\MailQueue.c
      Source file:   CMSIS\RTOS\RTX\UserCodeTemplates\Thread.c
      Source file:   CMSIS\RTOS\RTX\UserCodeTemplates\Semaphore.c
      Include file:  CMSIS\RTOS\RTX\UserCodeTemplates\osObjects.h

   * Component: Keil.MCB1700::Board Support:A/D Converter:1.0.0
      Source file:   Boards\Keil\MCB1700\Common\ADC_MCB1700.c

   * Component: Keil.MCB1700::Board Support:Buttons:1.0.0
      Source file:   Boards\Keil\MCB1700\Common\Buttons_MCB1700.c

   * Component: Keil.MCB1700::Board Support:Graphic LCD:1.0.0
      Source file:   Boards\Keil\MCB1700\Common\GLCD_Fonts.c
      Include file:  Boards\Keil\MCB1700\Common\GLCD_Config.h
      Source file:   Boards\Keil\MCB1700\Common\GLCD_MCB1700.c

   * Component: Keil.MCB1700::Board Support:Joystick:1.0.0
      Source file:   Boards\Keil\MCB1700\Common\Joystick_MCB1700.c

   * Component: Keil.MCB1700::Board Support:LED:1.0.0
      Source file:   Boards\Keil\MCB1700\Common\LED_MCB1700.c

   * Component: Keil::CMSIS Driver:SPI:SSP:2.7.0
      Source file:   RTE_Driver\SSP_LPC17xx.c

   * Component: Keil::Device:GPDMA:1.2.0
      Source file:   RTE_Driver\GPDMA_LPC17xx.c
      Include file:  RTE_Driver\GPDMA_LPC17xx.h

   * Component: Keil::Device:GPIO:1.1.0
      Source file:   RTE_Driver\GPIO_LPC17xx.c
      Include file:  RTE_Driver\GPIO_LPC17xx.h

   * Component: Keil::Device:PIN:1.0.0
      Include file:  RTE_Driver\PIN_LPC17xx.h
      Source file:   RTE_Driver\PIN_LPC17xx.c

   * Component: Keil::Device:Startup:1.0.0
      Source file:   Device\Source\system_LPC17xx.c
      Include file:  RTE_Driver\Config\RTE_Device.h
      Source file:   Device\Source\ARM\startup_LPC17xx.s
      Include file:  Device\Include\LPC17xx.h
Build Time Elapsed:  00:00:02
</pre>
</body>
</html>
