Component: ARM Compiler 6.14 Tool: armlink [5db06800]

==============================================================================

Section Cross References

    ex4.o(.text.printSnakeB) refers to ex4.o(.data.length) for length
    ex4.o(.text.printSnakeB) refers to ex4.o(.data.x) for x
    ex4.o(.text.printSnakeB) refers to ex4.o(.data.y) for y
    ex4.o(.text.printSnakeB) refers to glcd_mcb1700.o(.text.GLCD_SetForegroundColor) for GLCD_SetForegroundColor
    ex4.o(.text.printSnakeB) refers to glcd_mcb1700.o(.text.GLCD_DrawRectangle) for GLCD_DrawRectangle
    ex4.o(.ARM.exidx.text.printSnakeB) refers to ex4.o(.text.printSnakeB) for [Anonymous Symbol]
    ex4.o(.text.rePrintFruit) refers to glcd_mcb1700.o(.text.GLCD_SetForegroundColor) for GLCD_SetForegroundColor
    ex4.o(.text.rePrintFruit) refers to ex4.o(.bss.xF) for xF
    ex4.o(.text.rePrintFruit) refers to ex4.o(.bss.yF) for yF
    ex4.o(.text.rePrintFruit) refers to glcd_mcb1700.o(.text.GLCD_DrawRectangle) for GLCD_DrawRectangle
    ex4.o(.ARM.exidx.text.rePrintFruit) refers to ex4.o(.text.rePrintFruit) for [Anonymous Symbol]
    ex4.o(.text.printSnakeW) refers to ex4.o(.data.length) for length
    ex4.o(.text.printSnakeW) refers to ex4.o(.data.x) for x
    ex4.o(.text.printSnakeW) refers to ex4.o(.data.y) for y
    ex4.o(.text.printSnakeW) refers to glcd_mcb1700.o(.text.GLCD_SetForegroundColor) for GLCD_SetForegroundColor
    ex4.o(.text.printSnakeW) refers to glcd_mcb1700.o(.text.GLCD_DrawRectangle) for GLCD_DrawRectangle
    ex4.o(.ARM.exidx.text.printSnakeW) refers to ex4.o(.text.printSnakeW) for [Anonymous Symbol]
    ex4.o(.text.printFruit) refers to glcd_mcb1700.o(.text.GLCD_SetForegroundColor) for GLCD_SetForegroundColor
    ex4.o(.text.printFruit) refers to ex4.o(.bss.xF) for xF
    ex4.o(.text.printFruit) refers to ex4.o(.bss.yF) for yF
    ex4.o(.text.printFruit) refers to glcd_mcb1700.o(.text.GLCD_DrawRectangle) for GLCD_DrawRectangle
    ex4.o(.text.printFruit) refers to rand.o(.emb_text) for rand
    ex4.o(.ARM.exidx.text.printFruit) refers to ex4.o(.text.printFruit) for [Anonymous Symbol]
    ex4.o(.text.updateSnake) refers to ex4.o(.text.printSnakeW) for printSnakeW
    ex4.o(.text.updateSnake) refers to ex4.o(.data.length) for length
    ex4.o(.text.updateSnake) refers to ex4.o(.data.x) for x
    ex4.o(.text.updateSnake) refers to ex4.o(.data.y) for y
    ex4.o(.text.updateSnake) refers to ex4.o(.text.printSnakeB) for printSnakeB
    ex4.o(.ARM.exidx.text.updateSnake) refers to ex4.o(.text.updateSnake) for [Anonymous Symbol]
    ex4.o(.text.checkDeath) refers to ex4.o(.data.length) for length
    ex4.o(.text.checkDeath) refers to ex4.o(.data.x) for x
    ex4.o(.text.checkDeath) refers to ex4.o(.data.y) for y
    ex4.o(.text.checkDeath) refers to ex4.o(.bss.state) for state
    ex4.o(.ARM.exidx.text.checkDeath) refers to ex4.o(.text.checkDeath) for [Anonymous Symbol]
    ex4.o(.text.moveLeft) refers to ex4.o(.data.length) for length
    ex4.o(.text.moveLeft) refers to ex4.o(.data.x) for x
    ex4.o(.text.moveLeft) refers to ex4.o(.data.y) for y
    ex4.o(.text.moveLeft) refers to ex4.o(.text.updateSnake) for updateSnake
    ex4.o(.ARM.exidx.text.moveLeft) refers to ex4.o(.text.moveLeft) for [Anonymous Symbol]
    ex4.o(.text.moveRight) refers to ex4.o(.data.length) for length
    ex4.o(.text.moveRight) refers to ex4.o(.data.x) for x
    ex4.o(.text.moveRight) refers to ex4.o(.data.y) for y
    ex4.o(.text.moveRight) refers to ex4.o(.text.updateSnake) for updateSnake
    ex4.o(.ARM.exidx.text.moveRight) refers to ex4.o(.text.moveRight) for [Anonymous Symbol]
    ex4.o(.text.moveUp) refers to ex4.o(.data.length) for length
    ex4.o(.text.moveUp) refers to ex4.o(.data.y) for y
    ex4.o(.text.moveUp) refers to ex4.o(.data.x) for x
    ex4.o(.text.moveUp) refers to ex4.o(.text.updateSnake) for updateSnake
    ex4.o(.ARM.exidx.text.moveUp) refers to ex4.o(.text.moveUp) for [Anonymous Symbol]
    ex4.o(.text.moveDown) refers to ex4.o(.data.length) for length
    ex4.o(.text.moveDown) refers to ex4.o(.data.y) for y
    ex4.o(.text.moveDown) refers to ex4.o(.data.x) for x
    ex4.o(.text.moveDown) refers to ex4.o(.text.updateSnake) for updateSnake
    ex4.o(.ARM.exidx.text.moveDown) refers to ex4.o(.text.moveDown) for [Anonymous Symbol]
    ex4.o(.text.move) refers to ex4.o(.data.mode) for mode
    ex4.o(.text.move) refers to ex4.o(.text.moveLeft) for moveLeft
    ex4.o(.text.move) refers to ex4.o(.text.moveUp) for moveUp
    ex4.o(.text.move) refers to ex4.o(.text.moveDown) for moveDown
    ex4.o(.text.move) refers to ex4.o(.text.moveRight) for moveRight
    ex4.o(.ARM.exidx.text.move) refers to ex4.o(.text.move) for [Anonymous Symbol]
    ex4.o(.text.checkEat) refers to ex4.o(.data.length) for length
    ex4.o(.text.checkEat) refers to ex4.o(.bss.xF) for xF
    ex4.o(.text.checkEat) refers to ex4.o(.data.x) for x
    ex4.o(.text.checkEat) refers to ex4.o(.bss.yF) for yF
    ex4.o(.text.checkEat) refers to ex4.o(.data.y) for y
[...]
    __rtentry.o(.ARM.Collect$$rtentry$$00000000) refers (Special) to __rtentry4.o(.ARM.Collect$$rtentry$$00000004) for __rt_entry_sh
    aeabi_ldiv0_sigfpe.o(.text) refers to rt_div0.o(.text) for __rt_div0
    libinit2.o(.ARM.Collect$$libinit$$0000000D) refers (Weak) to rand.o(.text) for _rand_init
    libinit2.o(.ARM.Collect$$libinit$$00000010) refers to libinit2.o(.ARM.Collect$$libinit$$0000000F) for .ARM.Collect$$libinit$$0000000F
    libinit2.o(.ARM.Collect$$libinit$$00000012) refers to libinit2.o(.ARM.Collect$$libinit$$0000000F) for .ARM.Collect$$libinit$$0000000F
    libinit2.o(.ARM.Collect$$libinit$$00000014) refers to libinit2.o(.ARM.Collect$$libinit$$0000000F) for .ARM.Collect$$libinit$$0000000F
    libinit2.o(.ARM.Collect$$libinit$$00000016) refers to libinit2.o(.ARM.Collect$$libinit$$0000000F) for .ARM.Collect$$libinit$$0000000F
    libinit2.o(.ARM.Collect$$libinit$$00000018) refers to libinit2.o(.ARM.Collect$$libinit$$0000000F) for .ARM.Collect$$libinit$$0000000F
    libinit2.o(.ARM.Collect$$libinit$$00000026) refers to argv_veneer.o(.emb_text) for __ARM_argv_veneer
    libinit2.o(.ARM.Collect$$libinit$$00000027) refers to argv_veneer.o(.emb_text) for __ARM_argv_veneer
    __rtentry2.o(.ARM.Collect$$rtentry$$00000008) refers to boardinit2.o(.text) for _platform_post_stackheap_init
    __rtentry2.o(.ARM.Collect$$rtentry$$0000000A) refers to libinit.o(.ARM.Collect$$libinit$$00000000) for __rt_lib_init
    __rtentry2.o(.ARM.Collect$$rtentry$$0000000B) refers to boardinit3.o(.text) for _platform_post_lib_init
    __rtentry2.o(.ARM.Collect$$rtentry$$0000000D) refers to ex4.o(.text.main) for main
    __rtentry2.o(.ARM.Collect$$rtentry$$0000000D) refers to exit.o(.text) for exit
    __rtentry2.o(.ARM.exidx) refers to __rtentry2.o(.ARM.Collect$$rtentry$$00000001) for .ARM.Collect$$rtentry$$00000001
    __rtentry2.o(.ARM.exidx) refers to __rtentry2.o(.ARM.Collect$$rtentry$$00000008) for .ARM.Collect$$rtentry$$00000008
    __rtentry2.o(.ARM.exidx) refers to __rtentry2.o(.ARM.Collect$$rtentry$$0000000A) for .ARM.Collect$$rtentry$$0000000A
    __rtentry2.o(.ARM.exidx) refers to __rtentry2.o(.ARM.Collect$$rtentry$$0000000B) for .ARM.Collect$$rtentry$$0000000B
    __rtentry2.o(.ARM.exidx) refers to __rtentry2.o(.ARM.Collect$$rtentry$$0000000D) for .ARM.Collect$$rtentry$$0000000D
    __rtentry4.o(.ARM.Collect$$rtentry$$00000004) refers to sys_stackheap_outer.o(.text) for __user_setup_stackheap
    __rtentry4.o(.ARM.exidx) refers to __rtentry4.o(.ARM.Collect$$rtentry$$00000004) for .ARM.Collect$$rtentry$$00000004
    rt_div0.o(.text) refers to defsig_fpe_outer.o(.text) for __rt_SIGFPE
    argv_veneer.o(.emb_text) refers to no_argv.o(.text) for __ARM_get_argv
    sys_stackheap_outer.o(.text) refers to libspace.o(.text) for __user_perproc_libspace
    sys_stackheap_outer.o(.text) refers to startup_lpc17xx.o(.text) for __user_initial_stackheap
    exit.o(.text) refers to rtexit.o(.ARM.Collect$$rtexit$$00000000) for __rt_exit
    defsig_fpe_outer.o(.text) refers to defsig_fpe_inner.o(.text) for __rt_SIGFPE_inner
    defsig_fpe_outer.o(.text) refers to defsig_exit.o(.text) for __sig_exit
    defsig_fpe_formal.o(.text) refers to rt_raise.o(.text) for __rt_raise
    _get_argv_nomalloc.o(.text) refers (Special) to hrguard.o(.text) for __heap_region$guard
    _get_argv_nomalloc.o(.text) refers to defsig_rtmem_outer.o(.text) for __rt_SIGRTMEM
    _get_argv_nomalloc.o(.text) refers to sys_command.o(.text) for _sys_command_string
    libinit.o(.ARM.Collect$$libinit$$00000000) refers (Special) to libinit2.o(.ARM.Collect$$libinit$$0000002E) for __rt_lib_init_alloca_1
    libinit.o(.ARM.Collect$$libinit$$00000000) refers (Special) to libinit2.o(.ARM.Collect$$libinit$$0000002C) for __rt_lib_init_argv_1
    libinit.o(.ARM.Collect$$libinit$$00000000) refers (Special) to libinit2.o(.ARM.Collect$$libinit$$0000001B) for __rt_lib_init_atexit_1
    libinit.o(.ARM.Collect$$libinit$$00000000) refers (Special) to libinit2.o(.ARM.Collect$$libinit$$00000021) for __rt_lib_init_clock_1
    libinit.o(.ARM.Collect$$libinit$$00000000) refers (Special) to libinit2.o(.ARM.Collect$$libinit$$00000032) for __rt_lib_init_cpp_1
    libinit.o(.ARM.Collect$$libinit$$00000000) refers (Special) to libinit2.o(.ARM.Collect$$libinit$$00000030) for __rt_lib_init_exceptions_1
    libinit.o(.ARM.Collect$$libinit$$00000000) refers (Special) to libinit2.o(.ARM.Collect$$libinit$$00000002) for __rt_lib_init_fp_1
    libinit.o(.ARM.Collect$$libinit$$00000000) refers (Special) to libinit2.o(.ARM.Collect$$libinit$$0000001F) for __rt_lib_init_fp_trap_1
    libinit.o(.ARM.Collect$$libinit$$00000000) refers (Special) to libinit2.o(.ARM.Collect$$libinit$$00000023) for __rt_lib_init_getenv_1
    libinit.o(.ARM.Collect$$libinit$$00000000) refers (Special) to libinit2.o(.ARM.Collect$$libinit$$0000000A) for __rt_lib_init_heap_1
    libinit.o(.ARM.Collect$$libinit$$00000000) refers (Special) to libinit2.o(.ARM.Collect$$libinit$$00000011) for __rt_lib_init_lc_collate_1
    libinit.o(.ARM.Collect$$libinit$$00000000) refers (Special) to libinit2.o(.ARM.Collect$$libinit$$00000013) for __rt_lib_init_lc_ctype_1
    libinit.o(.ARM.Collect$$libinit$$00000000) refers (Special) to libinit2.o(.ARM.Collect$$libinit$$00000015) for __rt_lib_init_lc_monetary_1
    libinit.o(.ARM.Collect$$libinit$$00000000) refers (Special) to libinit2.o(.ARM.Collect$$libinit$$00000017) for __rt_lib_init_lc_numeric_1
    libinit.o(.ARM.Collect$$libinit$$00000000) refers (Special) to libinit2.o(.ARM.Collect$$libinit$$00000019) for __rt_lib_init_lc_time_1
    libinit.o(.ARM.Collect$$libinit$$00000000) refers (Special) to libinit2.o(.ARM.Collect$$libinit$$00000004) for __rt_lib_init_preinit_1
    libinit.o(.ARM.Collect$$libinit$$00000000) refers (Special) to libinit2.o(.ARM.Collect$$libinit$$0000000E) for __rt_lib_init_rand_1
    libinit.o(.ARM.Collect$$libinit$$00000000) refers (Special) to libinit2.o(.ARM.Collect$$libinit$$00000033) for __rt_lib_init_return
    libinit.o(.ARM.Collect$$libinit$$00000000) refers (Special) to libinit2.o(.ARM.Collect$$libinit$$0000001D) for __rt_lib_init_signal_1
    libinit.o(.ARM.Collect$$libinit$$00000000) refers (Special) to libinit2.o(.ARM.Collect$$libinit$$00000025) for __rt_lib_init_stdio_1
    libinit.o(.ARM.Collect$$libinit$$00000000) refers (Special) to libinit2.o(.ARM.Collect$$libinit$$0000000C) for __rt_lib_init_user_alloc_1
    sys_command.o(.text) refers (Special) to use_no_semi.o(.text) for __I$use$semihosting
    sys_command.o(.text) refers (Special) to indicate_semi.o(.text) for __semihosting_library_function
    sys_command_hlt.o(.text) refers (Special) to use_no_semi.o(.text) for __I$use$semihosting
    sys_command_hlt.o(.text) refers (Special) to indicate_semi.o(.text) for __semihosting_library_function
    libspace.o(.text) refers to libspace.o(.bss) for __libspace_start
    rtexit.o(.ARM.Collect$$rtexit$$00000000) refers (Special) to rtexit2.o(.ARM.Collect$$rtexit$$00000004) for __rt_exit_exit
    rtexit.o(.ARM.Collect$$rtexit$$00000000) refers (Special) to rtexit2.o(.ARM.Collect$$rtexit$$00000003) for __rt_exit_ls
    rtexit.o(.ARM.Collect$$rtexit$$00000000) refers (Special) to rtexit2.o(.ARM.Collect$$rtexit$$00000002) for __rt_exit_prels_1
    rtexit.o(.ARM.exidx) refers (Special) to rtexit2.o(.ARM.Collect$$rtexit$$00000004) for __rt_exit_exit
    rtexit.o(.ARM.exidx) refers (Special) to rtexit2.o(.ARM.Collect$$rtexit$$00000003) for __rt_exit_ls
    rtexit.o(.ARM.exidx) refers (Special) to rtexit2.o(.ARM.Collect$$rtexit$$00000002) for __rt_exit_prels_1
    rtexit.o(.ARM.exidx) refers to rtexit.o(.ARM.Collect$$rtexit$$00000000) for .ARM.Collect$$rtexit$$00000000
    rt_raise.o(.text) refers to __raise.o(.text) for __raise
    rt_raise.o(.text) refers to sys_exit.o(.text) for _sys_exit
    defsig_exit.o(.text) refers to sys_exit.o(.text) for _sys_exit
    defsig_fpe_inner.o(.text) refers to defsig_general.o(.text) for __default_signal_display
    defsig_rtmem_outer.o(.text) refers to defsig_rtmem_inner.o(.text) for __rt_SIGRTMEM_inner
    defsig_rtmem_outer.o(.text) refers to defsig_exit.o(.text) for __sig_exit
    defsig_rtmem_formal.o(.text) refers to rt_raise.o(.text) for __rt_raise
    sys_exit.o(.text) refers (Special) to use_no_semi.o(.text) for __I$use$semihosting
    sys_exit.o(.text) refers (Special) to indicate_semi.o(.text) for __semihosting_library_function
    sys_exit_hlt.o(.text) refers (Special) to use_no_semi.o(.text) for __I$use$semihosting
    sys_exit_hlt.o(.text) refers (Special) to indicate_semi.o(.text) for __semihosting_library_function
    rtexit2.o(.ARM.Collect$$rtexit$$00000003) refers to libshutdown.o(.ARM.Collect$$libshutdown$$00000000) for __rt_lib_shutdown
    rtexit2.o(.ARM.Collect$$rtexit$$00000004) refers to sys_exit.o(.text) for _sys_exit
    rtexit2.o(.ARM.exidx) refers to rtexit2.o(.ARM.Collect$$rtexit$$00000001) for .ARM.Collect$$rtexit$$00000001
    rtexit2.o(.ARM.exidx) refers to rtexit2.o(.ARM.Collect$$rtexit$$00000003) for .ARM.Collect$$rtexit$$00000003
    rtexit2.o(.ARM.exidx) refers to rtexit2.o(.ARM.Collect$$rtexit$$00000004) for .ARM.Collect$$rtexit$$00000004
    __raise.o(.text) refers to defsig.o(CL$$defsig) for __default_signal_handler
    defsig_general.o(.text) refers to sys_wrch.o(.text) for _ttywrch
    defsig_rtmem_inner.o(.text) refers to defsig_general.o(.text) for __default_signal_display
    sys_wrch.o(.text) refers (Special) to use_no_semi.o(.text) for __I$use$semihosting
    sys_wrch.o(.text) refers (Special) to indicate_semi.o(.text) for __semihosting_library_function
    sys_wrch_hlt.o(.text) refers (Special) to use_no_semi.o(.text) for __I$use$semihosting
    sys_wrch_hlt.o(.text) refers (Special) to indicate_semi.o(.text) for __semihosting_library_function
    defsig.o(CL$$defsig) refers to defsig_fpe_inner.o(.text) for __rt_SIGFPE_inner
    defsig.o(CL$$defsig) refers to defsig_rtmem_inner.o(.text) for __rt_SIGRTMEM_inner
    libshutdown.o(.ARM.Collect$$libshutdown$$00000000) refers (Special) to libshutdown2.o(.ARM.Collect$$libshutdown$$00000002) for __rt_lib_shutdown_cpp_1
    libshutdown.o(.ARM.Collect$$libshutdown$$00000000) refers (Special) to libshutdown2.o(.ARM.Collect$$libshutdown$$00000007) for __rt_lib_shutdown_fp_trap_1
    libshutdown.o(.ARM.Collect$$libshutdown$$00000000) refers (Special) to libshutdown2.o(.ARM.Collect$$libshutdown$$0000000F) for __rt_lib_shutdown_heap_1
    libshutdown.o(.ARM.Collect$$libshutdown$$00000000) refers (Special) to libshutdown2.o(.ARM.Collect$$libshutdown$$00000010) for __rt_lib_shutdown_return
    libshutdown.o(.ARM.Collect$$libshutdown$$00000000) refers (Special) to libshutdown2.o(.ARM.Collect$$libshutdown$$0000000A) for __rt_lib_shutdown_signal_1
    libshutdown.o(.ARM.Collect$$libshutdown$$00000000) refers (Special) to libshutdown2.o(.ARM.Collect$$libshutdown$$00000004) for __rt_lib_shutdown_stdio_1
    libshutdown.o(.ARM.Collect$$libshutdown$$00000000) refers (Special) to libshutdown2.o(.ARM.Collect$$libshutdown$$0000000C) for __rt_lib_shutdown_user_alloc_1
    defsig_abrt_inner.o(.text) refers to defsig_general.o(.text) for __default_signal_display
    defsig_rtred_inner.o(.text) refers to defsig_general.o(.text) for __default_signal_display
    defsig_stak_inner.o(.text) refers to defsig_general.o(.text) for __default_signal_display
    defsig_pvfn_inner.o(.text) refers to defsig_general.o(.text) for __default_signal_display
    defsig_cppl_inner.o(.text) refers to defsig_general.o(.text) for __default_signal_display
    defsig_segv_inner.o(.text) refers to defsig_general.o(.text) for __default_signal_display
    defsig_other.o(.text) refers to defsig_general.o(.text) for __default_signal_display


==============================================================================

Removing Unused input sections from the image.

    Removing ex4.o(.text), (0 bytes).
    Removing ex4.o(.ARM.exidx.text.printSnakeB), (8 bytes).
    Removing ex4.o(.ARM.exidx.text.rePrintFruit), (8 bytes).
    Removing ex4.o(.ARM.exidx.text.printSnakeW), (8 bytes).
    Removing ex4.o(.ARM.exidx.text.printFruit), (8 bytes).
    Removing ex4.o(.ARM.exidx.text.updateSnake), (8 bytes).
    Removing ex4.o(.ARM.exidx.text.checkDeath), (8 bytes).
    Removing ex4.o(.ARM.exidx.text.moveLeft), (8 bytes).
    Removing ex4.o(.ARM.exidx.text.moveRight), (8 bytes).
    Removing ex4.o(.ARM.exidx.text.moveUp), (8 bytes).
    Removing ex4.o(.ARM.exidx.text.moveDown), (8 bytes).
    Removing ex4.o(.ARM.exidx.text.move), (8 bytes).
    Removing ex4.o(.ARM.exidx.text.checkEat), (8 bytes).
    Removing ex4.o(.ARM.exidx.text.main), (8 bytes).
    Removing ex4.o(.ARM.exidx.text.Timer0_Init), (8 bytes).
    Removing ex4.o(.ARM.exidx.text.delayms), (8 bytes).
    Removing ex4.o(.ARM.use_no_argv), (4 bytes).
    Removing glcd_fonts.o(.text), (0 bytes).
    Removing glcd_fonts.o(.rodata.Font_6x8_h), (896 bytes).
    Removing glcd_fonts.o(.rodata.GLCD_Font_6x8), (16 bytes).
    Removing glcd_mcb1700.o(.text), (0 bytes).
    Removing glcd_mcb1700.o(.ARM.exidx.text.GLCD_Initialize), (8 bytes).
    Removing glcd_mcb1700.o(.ARM.exidx.text.rd_id_man), (8 bytes).
    Removing glcd_mcb1700.o(.ARM.exidx.text.rd_reg), (8 bytes).
    Removing glcd_mcb1700.o(.ARM.exidx.text.wr_reg), (8 bytes).
    Removing glcd_mcb1700.o(.ARM.exidx.text.delay_ms), (8 bytes).
    Removing glcd_mcb1700.o(.text.GLCD_Uninitialize), (34 bytes).
    Removing glcd_mcb1700.o(.ARM.exidx.text.GLCD_Uninitialize), (8 bytes).
    Removing glcd_mcb1700.o(.ARM.exidx.text.GLCD_SetForegroundColor), (8 bytes).
    Removing glcd_mcb1700.o(.ARM.exidx.text.GLCD_SetBackgroundColor), (8 bytes).
    Removing glcd_mcb1700.o(.ARM.exidx.text.GLCD_ClearScreen), (8 bytes).
    Removing glcd_mcb1700.o(.ARM.exidx.text.GLCD_SetWindow), (8 bytes).
    Removing glcd_mcb1700.o(.ARM.exidx.text.wr_cmd), (8 bytes).
    Removing glcd_mcb1700.o(.ARM.exidx.text.wr_dat_start), (8 bytes).
    Removing glcd_mcb1700.o(.ARM.exidx.text.wr_dat_only), (8 bytes).
    Removing glcd_mcb1700.o(.ARM.exidx.text.wr_dat_stop), (8 bytes).
    Removing glcd_mcb1700.o(.ARM.exidx.text.GLCD_SetFont), (8 bytes).
    Removing glcd_mcb1700.o(.text.GLCD_DrawPixel), (152 bytes).
    Removing glcd_mcb1700.o(.ARM.exidx.text.GLCD_DrawPixel), (8 bytes).
    Removing glcd_mcb1700.o(.text.wr_dat), (68 bytes).
    Removing glcd_mcb1700.o(.ARM.exidx.text.wr_dat), (8 bytes).
    Removing glcd_mcb1700.o(.ARM.exidx.text.GLCD_DrawHLine), (8 bytes).
    Removing glcd_mcb1700.o(.ARM.exidx.text.GLCD_DrawVLine), (8 bytes).
    Removing glcd_mcb1700.o(.ARM.exidx.text.GLCD_DrawRectangle), (8 bytes).
    Removing glcd_mcb1700.o(.ARM.exidx.text.GLCD_DrawChar), (8 bytes).
    Removing glcd_mcb1700.o(.ARM.exidx.text.GLCD_DrawString), (8 bytes).
    Removing glcd_mcb1700.o(.text.GLCD_DrawBargraph), (116 bytes).
    Removing glcd_mcb1700.o(.ARM.exidx.text.GLCD_DrawBargraph), (8 bytes).
    Removing glcd_mcb1700.o(.text.GLCD_DrawBitmap), (94 bytes).
    Removing glcd_mcb1700.o(.ARM.exidx.text.GLCD_DrawBitmap), (8 bytes).
    Removing glcd_mcb1700.o(.text.GLCD_VScroll), (6 bytes).
    Removing glcd_mcb1700.o(.ARM.exidx.text.GLCD_VScroll), (8 bytes).
    Removing glcd_mcb1700.o(.text.GLCD_FrameBufferAccess), (42 bytes).
    Removing glcd_mcb1700.o(.ARM.exidx.text.GLCD_FrameBufferAccess), (8 bytes).
    Removing glcd_mcb1700.o(.text.GLCD_FrameBufferAddress), (4 bytes).
    Removing glcd_mcb1700.o(.ARM.exidx.text.GLCD_FrameBufferAddress), (8 bytes).
    Removing glcd_mcb1700.o(.ARM.exidx.text.spi_tran_man), (8 bytes).
    Removing glcd_mcb1700.o(.ARM.exidx.text.rd_dat), (8 bytes).
    Removing glcd_mcb1700.o(.ARM.exidx.text.spi_tran), (8 bytes).
    Removing joystick_mcb1700.o(.text), (0 bytes).
    Removing joystick_mcb1700.o(.text.Joystick_Initialize), (78 bytes).
    Removing joystick_mcb1700.o(.ARM.exidx.text.Joystick_Initialize), (8 bytes).
    Removing joystick_mcb1700.o(.text.Joystick_Uninitialize), (48 bytes).
    Removing joystick_mcb1700.o(.ARM.exidx.text.Joystick_Uninitialize), (8 bytes).
    Removing joystick_mcb1700.o(.text.Joystick_GetState), (92 bytes).
    Removing joystick_mcb1700.o(.ARM.exidx.text.Joystick_GetState), (8 bytes).
    Removing joystick_mcb1700.o(.rodata.JOYSTICK_PIN), (10 bytes).
    Removing ssp_lpc17xx.o(.text), (0 bytes).
    Removing ssp_lpc17xx.o(.text.SSPx_GPDMA_Tx_SignalEvent), (14 bytes).
    Removing ssp_lpc17xx.o(.ARM.exidx.text.SSPx_GPDMA_Tx_SignalEvent), (8 bytes).
    Removing ssp_lpc17xx.o(.text.SSPx_GPDMA_Rx_SignalEvent), (32 bytes).
    Removing ssp_lpc17xx.o(.ARM.exidx.text.SSPx_GPDMA_Rx_SignalEvent), (8 bytes).
    Removing ssp_lpc17xx.o(.text.SSP1_GPDMA_Tx_SignalEvent), (16 bytes).
    Removing ssp_lpc17xx.o(.ARM.exidx.text.SSP1_GPDMA_Tx_SignalEvent), (8 bytes).
    Removing ssp_lpc17xx.o(.text.SSP1_GPDMA_Rx_SignalEvent), (16 bytes).
    Removing ssp_lpc17xx.o(.ARM.exidx.text.SSP1_GPDMA_Rx_SignalEvent), (8 bytes).
    Removing ssp_lpc17xx.o(.ARM.exidx.text.SSP1_IRQHandler), (8 bytes).
    Removing ssp_lpc17xx.o(.ARM.exidx.text.SSPx_IRQHandler), (8 bytes).
    Removing ssp_lpc17xx.o(.ARM.exidx.text.SSP_GetVersion), (8 bytes).
    Removing ssp_lpc17xx.o(.ARM.exidx.text.SSP_GetCapabilities), (8 bytes).
    Removing ssp_lpc17xx.o(.ARM.exidx.text.SSP1_Initialize), (8 bytes).
    Removing ssp_lpc17xx.o(.ARM.exidx.text.SSP1_Uninitialize), (8 bytes).
    Removing ssp_lpc17xx.o(.ARM.exidx.text.SSP1_PowerControl), (8 bytes).
    Removing ssp_lpc17xx.o(.ARM.exidx.text.SSP1_Send), (8 bytes).
    Removing ssp_lpc17xx.o(.ARM.exidx.text.SSP1_Receive), (8 bytes).
    Removing ssp_lpc17xx.o(.ARM.exidx.text.SSP1_Transfer), (8 bytes).
    Removing ssp_lpc17xx.o(.ARM.exidx.text.SSP1_GetDataCount), (8 bytes).
    Removing ssp_lpc17xx.o(.ARM.exidx.text.SSP1_Control), (8 bytes).
    Removing ssp_lpc17xx.o(.ARM.exidx.text.SSP1_GetStatus), (8 bytes).
    Removing ssp_lpc17xx.o(.ARM.exidx.text.SSPx_Initialize), (8 bytes).
    Removing ssp_lpc17xx.o(.ARM.exidx.text.SSPx_Uninitialize), (8 bytes).
    Removing ssp_lpc17xx.o(.ARM.exidx.text.SSPx_PowerControl), (8 bytes).
    Removing ssp_lpc17xx.o(.ARM.exidx.text.__NVIC_DisableIRQ), (8 bytes).
    Removing ssp_lpc17xx.o(.ARM.exidx.text.__NVIC_ClearPendingIRQ), (8 bytes).
    Removing ssp_lpc17xx.o(.ARM.exidx.text.__NVIC_EnableIRQ), (8 bytes).
    Removing ssp_lpc17xx.o(.ARM.exidx.text.SSPx_Send), (8 bytes).
    Removing ssp_lpc17xx.o(.ARM.exidx.text.SSPx_Receive), (8 bytes).
    Removing ssp_lpc17xx.o(.ARM.exidx.text.SSPx_Transfer), (8 bytes).
    Removing ssp_lpc17xx.o(.ARM.exidx.text.SSPx_GetDataCount), (8 bytes).
    Removing ssp_lpc17xx.o(.ARM.exidx.text.SSPx_Control), (8 bytes).
    Removing ssp_lpc17xx.o(.ARM.exidx.text.GetSSPClockFreq), (8 bytes).
    Removing ssp_lpc17xx.o(.ARM.exidx.text.SSPx_GetStatus), (8 bytes).
    Removing ssp_lpc17xx.o(.rodata.SSP1_Resources), (72 bytes).
    Removing ssp_lpc17xx.o(.rodata.SSP1_pin_ssel), (2 bytes).
    Removing ssp_lpc17xx.o(.rodata.SSP1_pin_sck), (2 bytes).
    Removing ssp_lpc17xx.o(.rodata.SSP1_pin_miso), (2 bytes).
    Removing ssp_lpc17xx.o(.rodata.SSP1_pin_mosi), (2 bytes).
    Removing gpdma_lpc17xx.o(.text), (0 bytes).
    Removing gpdma_lpc17xx.o(.text.GPDMA_Initialize), (104 bytes).
    Removing gpdma_lpc17xx.o(.ARM.exidx.text.GPDMA_Initialize), (8 bytes).
    Removing gpdma_lpc17xx.o(.text.__NVIC_ClearPendingIRQ), (16 bytes).
    Removing gpdma_lpc17xx.o(.ARM.exidx.text.__NVIC_ClearPendingIRQ), (8 bytes).
    Removing gpdma_lpc17xx.o(.text.__NVIC_EnableIRQ), (16 bytes).
    Removing gpdma_lpc17xx.o(.ARM.exidx.text.__NVIC_EnableIRQ), (8 bytes).
    Removing gpdma_lpc17xx.o(.text.GPDMA_Uninitialize), (58 bytes).
    Removing gpdma_lpc17xx.o(.ARM.exidx.text.GPDMA_Uninitialize), (8 bytes).
    Removing gpdma_lpc17xx.o(.text.__NVIC_DisableIRQ), (24 bytes).
    Removing gpdma_lpc17xx.o(.ARM.exidx.text.__NVIC_DisableIRQ), (8 bytes).
    Removing gpdma_lpc17xx.o(.text.GPDMA_PeripheralSelect), (58 bytes).
    Removing gpdma_lpc17xx.o(.ARM.exidx.text.GPDMA_PeripheralSelect), (8 bytes).
    Removing gpdma_lpc17xx.o(.text.GPDMA_ChannelConfigure), (210 bytes).
    Removing gpdma_lpc17xx.o(.ARM.exidx.text.GPDMA_ChannelConfigure), (8 bytes).
    Removing gpdma_lpc17xx.o(.text.Set_Channel_active_flag), (50 bytes).
    Removing gpdma_lpc17xx.o(.ARM.exidx.text.Set_Channel_active_flag), (8 bytes).
    Removing gpdma_lpc17xx.o(.ARM.exidx.text.Clear_Channel_active_flag), (8 bytes).
    Removing gpdma_lpc17xx.o(.text.GPDMA_ChannelEnable), (44 bytes).
    Removing gpdma_lpc17xx.o(.ARM.exidx.text.GPDMA_ChannelEnable), (8 bytes).
    Removing gpdma_lpc17xx.o(.text.GPDMA_ChannelDisable), (40 bytes).
    Removing gpdma_lpc17xx.o(.ARM.exidx.text.GPDMA_ChannelDisable), (8 bytes).
    Removing gpdma_lpc17xx.o(.text.GPDMA_ChannelGetStatus), (28 bytes).
    Removing gpdma_lpc17xx.o(.ARM.exidx.text.GPDMA_ChannelGetStatus), (8 bytes).
    Removing gpdma_lpc17xx.o(.text.GPDMA_ChannelGetCount), (46 bytes).
    Removing gpdma_lpc17xx.o(.ARM.exidx.text.GPDMA_ChannelGetCount), (8 bytes).
    Removing gpdma_lpc17xx.o(.ARM.exidx.text.DMA_IRQHandler), (8 bytes).
    Removing gpdma_lpc17xx.o(.bss.Init_cnt), (4 bytes).
    Removing gpio_lpc17xx.o(.text), (0 bytes).
    Removing gpio_lpc17xx.o(.ARM.exidx.text.GPIO_PortClock), (8 bytes).
    Removing gpio_lpc17xx.o(.ARM.exidx.text.GPIO_SetDir), (8 bytes).
    Removing gpio_lpc17xx.o(.ARM.exidx.text.GPIO_PinWrite), (8 bytes).
    Removing gpio_lpc17xx.o(.ARM.exidx.text.GPIO_PinRead), (8 bytes).
    Removing gpio_lpc17xx.o(.text.GPIO_PortWrite), (26 bytes).
    Removing gpio_lpc17xx.o(.ARM.exidx.text.GPIO_PortWrite), (8 bytes).
    Removing gpio_lpc17xx.o(.text.GPIO_PortRead), (14 bytes).
    Removing gpio_lpc17xx.o(.ARM.exidx.text.GPIO_PortRead), (8 bytes).
    Removing pin_lpc17xx.o(.text), (0 bytes).
    Removing pin_lpc17xx.o(.ARM.exidx.text.PIN_Configure), (8 bytes).
    Removing pin_lpc17xx.o(.text.PIN_ConfigureTPIU), (30 bytes).
    Removing pin_lpc17xx.o(.ARM.exidx.text.PIN_ConfigureTPIU), (8 bytes).
    Removing pin_lpc17xx.o(.text.PIN_ConfigureI2C0Pins), (30 bytes).
    Removing pin_lpc17xx.o(.ARM.exidx.text.PIN_ConfigureI2C0Pins), (8 bytes).
    Removing system_lpc17xx.o(.text), (0 bytes).
    Removing system_lpc17xx.o(.text.SystemCoreClockUpdate), (248 bytes).
    Removing system_lpc17xx.o(.ARM.exidx.text.SystemCoreClockUpdate), (8 bytes).
    Removing system_lpc17xx.o(.ARM.exidx.text.SystemInit), (8 bytes).

154 unused section(s) (total 3688 bytes) removed from the image.

==============================================================================

Image Symbol Table

    Local Symbols

    Symbol Name                              Value     Ov Type        Size  Object(Section)

    ../clib/angel/boardlib.s                 0x00000000   Number         0  boardinit1.o ABSOLUTE
    ../clib/angel/boardlib.s                 0x00000000   Number         0  boardinit2.o ABSOLUTE
    ../clib/angel/boardlib.s                 0x00000000   Number         0  boardinit3.o ABSOLUTE
    ../clib/angel/boardlib.s                 0x00000000   Number         0  boardshut.o ABSOLUTE
    ../clib/angel/handlers.s                 0x00000000   Number         0  __scatter_copy.o ABSOLUTE
    ../clib/angel/handlers.s                 0x00000000   Number         0  __scatter_zi.o ABSOLUTE
    ../clib/angel/kernel.s                   0x00000000   Number         0  __rtentry.o ABSOLUTE
    ../clib/angel/kernel.s                   0x00000000   Number         0  __rtentry2.o ABSOLUTE
    ../clib/angel/kernel.s                   0x00000000   Number         0  __rtentry4.o ABSOLUTE
    ../clib/angel/kernel.s                   0x00000000   Number         0  rtexit.o ABSOLUTE
    ../clib/angel/kernel.s                   0x00000000   Number         0  rtexit2.o ABSOLUTE
    ../clib/angel/rt.s                       0x00000000   Number         0  aeabi_ldiv0.o ABSOLUTE
    ../clib/angel/rt.s                       0x00000000   Number         0  aeabi_ldiv0_sigfpe.o ABSOLUTE
    ../clib/angel/rt.s                       0x00000000   Number         0  rt_div0.o ABSOLUTE
    ../clib/angel/rt.s                       0x00000000   Number         0  rt_raise.o ABSOLUTE
    ../clib/angel/scatter.s                  0x00000000   Number         0  __scatter.o ABSOLUTE
    ../clib/angel/startup.s                  0x00000000   Number         0  __main.o ABSOLUTE
    ../clib/angel/sys.s                      0x00000000   Number         0  sys_stackheap_outer.o ABSOLUTE
    ../clib/angel/sys.s                      0x00000000   Number         0  libspace.o ABSOLUTE
    ../clib/angel/sys.s                      0x00000000   Number         0  use_no_semi.o ABSOLUTE
    ../clib/angel/sys.s                      0x00000000   Number         0  indicate_semi.o ABSOLUTE
    ../clib/angel/sysapp.c                   0x00000000   Number         0  sys_command.o ABSOLUTE
    ../clib/angel/sysapp.c                   0x00000000   Number         0  sys_command_hlt.o ABSOLUTE
    ../clib/angel/sysapp.c                   0x00000000   Number         0  sys_exit.o ABSOLUTE
    ../clib/angel/sysapp.c                   0x00000000   Number         0  sys_exit_hlt.o ABSOLUTE
    ../clib/angel/sysapp.c                   0x00000000   Number         0  sys_wrch.o ABSOLUTE
    ../clib/angel/sysapp.c                   0x00000000   Number         0  sys_wrch_hlt.o ABSOLUTE
    ../clib/armsys.c                         0x00000000   Number         0  argv_veneer.o ABSOLUTE
    ../clib/armsys.c                         0x00000000   Number         0  argv_veneer.o ABSOLUTE
    ../clib/armsys.c                         0x00000000   Number         0  _get_argv_nomalloc.o ABSOLUTE
    ../clib/armsys.c                         0x00000000   Number         0  no_argv.o ABSOLUTE
    ../clib/heapalloc.c                      0x00000000   Number         0  hrguard.o ABSOLUTE
    ../clib/heapaux.c                        0x00000000   Number         0  heapauxi.o ABSOLUTE
    ../clib/libinit.s                        0x00000000   Number         0  libinit2.o ABSOLUTE
    ../clib/libinit.s                        0x00000000   Number         0  libinit.o ABSOLUTE
    ../clib/libinit.s                        0x00000000   Number         0  libshutdown.o ABSOLUTE
    ../clib/libinit.s                        0x00000000   Number         0  libshutdown2.o ABSOLUTE
    ../clib/longlong.s                       0x00000000   Number         0  lludivv7m.o ABSOLUTE
    ../clib/signal.c                         0x00000000   Number         0  defsig_fpe_outer.o ABSOLUTE
    ../clib/signal.c                         0x00000000   Number         0  defsig_fpe_formal.o ABSOLUTE
    ../clib/signal.c                         0x00000000   Number         0  defsig_exit.o ABSOLUTE
    ../clib/signal.c                         0x00000000   Number         0  defsig_fpe_inner.o ABSOLUTE
    ../clib/signal.c                         0x00000000   Number         0  defsig_rtmem_outer.o ABSOLUTE
    ../clib/signal.c                         0x00000000   Number         0  defsig_rtmem_formal.o ABSOLUTE
    ../clib/signal.c                         0x00000000   Number         0  __raise.o ABSOLUTE
    ../clib/signal.c                         0x00000000   Number         0  defsig_general.o ABSOLUTE
    ../clib/signal.c                         0x00000000   Number         0  defsig_rtmem_inner.o ABSOLUTE
    ../clib/signal.c                         0x00000000   Number         0  defsig_abrt_inner.o ABSOLUTE
    ../clib/signal.c                         0x00000000   Number         0  defsig_rtred_inner.o ABSOLUTE
    ../clib/signal.c                         0x00000000   Number         0  defsig_stak_inner.o ABSOLUTE
    ../clib/signal.c                         0x00000000   Number         0  defsig_pvfn_inner.o ABSOLUTE
    ../clib/signal.c                         0x00000000   Number         0  defsig_cppl_inner.o ABSOLUTE
    ../clib/signal.c                         0x00000000   Number         0  defsig_segv_inner.o ABSOLUTE
    ../clib/signal.c                         0x00000000   Number         0  defsig_other.o ABSOLUTE
    ../clib/signal.s                         0x00000000   Number         0  defsig.o ABSOLUTE
    ../clib/stdlib.c                         0x00000000   Number         0  rand.o ABSOLUTE
    ../clib/stdlib.c                         0x00000000   Number         0  rand.o ABSOLUTE
    ../clib/stdlib.c                         0x00000000   Number         0  exit.o ABSOLUTE
    ../fplib/fpinit.s                        0x00000000   Number         0  fpinit.o ABSOLUTE
    ../fplib/fpinit_empty.s                  0x00000000   Number         0  fpinit_empty.o ABSOLUTE
    GLCD_Fonts.c                             0x00000000   Number         0  glcd_fonts.o ABSOLUTE
    GLCD_MCB1700.c                           0x00000000   Number         0  glcd_mcb1700.o ABSOLUTE
    GPDMA_LPC17xx.c                          0x00000000   Number         0  gpdma_lpc17xx.o ABSOLUTE
    GPIO_LPC17xx.c                           0x00000000   Number         0  gpio_lpc17xx.o ABSOLUTE
    Joystick_MCB1700.c                       0x00000000   Number         0  joystick_mcb1700.o ABSOLUTE
    PIN_LPC17xx.c                            0x00000000   Number         0  pin_lpc17xx.o ABSOLUTE
    RTE/Device/LPC1768/startup_LPC17xx.s     0x00000000   Number         0  startup_lpc17xx.o ABSOLUTE
    SSP_LPC17xx.c                            0x00000000   Number         0  ssp_lpc17xx.o ABSOLUTE
    dc.s                                     0x00000000   Number         0  dc.o ABSOLUTE
    ex4.c                                    0x00000000   Number         0  ex4.o ABSOLUTE
    system_LPC17xx.c                         0x00000000   Number         0  system_lpc17xx.o ABSOLUTE
    RESET                                    0x00000000   Section      204  startup_lpc17xx.o(RESET)
    !!!main                                  0x000000cc   Section        8  __main.o(!!!main)
    !!!scatter                               0x000000d4   Section       52  __scatter.o(!!!scatter)
    !!handler_copy                           0x00000108   Section       26  __scatter_copy.o(!!handler_copy)
    !!handler_zi                             0x00000124   Section       28  __scatter_zi.o(!!handler_zi)
    .ARM.Collect$$libinit$$00000000          0x00000140   Section        2  libinit.o(.ARM.Collect$$libinit$$00000000)
    .ARM.Collect$$libinit$$00000002          0x00000142   Section        0  libinit2.o(.ARM.Collect$$libinit$$00000002)
    .ARM.Collect$$libinit$$00000004          0x00000142   Section        0  libinit2.o(.ARM.Collect$$libinit$$00000004)
    .ARM.Collect$$libinit$$0000000A          0x00000142   Section        0  libinit2.o(.ARM.Collect$$libinit$$0000000A)
    .ARM.Collect$$libinit$$0000000C          0x00000142   Section        0  libinit2.o(.ARM.Collect$$libinit$$0000000C)
    .ARM.Collect$$libinit$$0000000D          0x00000142   Section        4  libinit2.o(.ARM.Collect$$libinit$$0000000D)
    .ARM.Collect$$libinit$$0000000E          0x00000146   Section        0  libinit2.o(.ARM.Collect$$libinit$$0000000E)
    .ARM.Collect$$libinit$$00000011          0x00000146   Section        0  libinit2.o(.ARM.Collect$$libinit$$00000011)
    .ARM.Collect$$libinit$$00000013          0x00000146   Section        0  libinit2.o(.ARM.Collect$$libinit$$00000013)
    .ARM.Collect$$libinit$$00000015          0x00000146   Section        0  libinit2.o(.ARM.Collect$$libinit$$00000015)
    .ARM.Collect$$libinit$$00000017          0x00000146   Section        0  libinit2.o(.ARM.Collect$$libinit$$00000017)
    .ARM.Collect$$libinit$$00000019          0x00000146   Section        0  libinit2.o(.ARM.Collect$$libinit$$00000019)
    .ARM.Collect$$libinit$$0000001B          0x00000146   Section        0  libinit2.o(.ARM.Collect$$libinit$$0000001B)
    .ARM.Collect$$libinit$$0000001D          0x00000146   Section        0  libinit2.o(.ARM.Collect$$libinit$$0000001D)
    .ARM.Collect$$libinit$$0000001F          0x00000146   Section        0  libinit2.o(.ARM.Collect$$libinit$$0000001F)
    .ARM.Collect$$libinit$$00000021          0x00000146   Section        0  libinit2.o(.ARM.Collect$$libinit$$00000021)
    .ARM.Collect$$libinit$$00000023          0x00000146   Section        0  libinit2.o(.ARM.Collect$$libinit$$00000023)
    .ARM.Collect$$libinit$$00000025          0x00000146   Section        0  libinit2.o(.ARM.Collect$$libinit$$00000025)
    .ARM.Collect$$libinit$$0000002C          0x00000146   Section        0  libinit2.o(.ARM.Collect$$libinit$$0000002C)
    .ARM.Collect$$libinit$$0000002E          0x00000146   Section        0  libinit2.o(.ARM.Collect$$libinit$$0000002E)
    .ARM.Collect$$libinit$$00000030          0x00000146   Section        0  libinit2.o(.ARM.Collect$$libinit$$00000030)
    .ARM.Collect$$libinit$$00000032          0x00000146   Section        0  libinit2.o(.ARM.Collect$$libinit$$00000032)
    .ARM.Collect$$libinit$$00000033          0x00000146   Section        2  libinit2.o(.ARM.Collect$$libinit$$00000033)
    .ARM.Collect$$libshutdown$$00000000      0x00000148   Section        2  libshutdown.o(.ARM.Collect$$libshutdown$$00000000)
    .ARM.Collect$$libshutdown$$00000002      0x0000014a   Section        0  libshutdown2.o(.ARM.Collect$$libshutdown$$00000002)
    .ARM.Collect$$libshutdown$$00000004      0x0000014a   Section        0  libshutdown2.o(.ARM.Collect$$libshutdown$$00000004)
    .ARM.Collect$$libshutdown$$00000007      0x0000014a   Section        0  libshutdown2.o(.ARM.Collect$$libshutdown$$00000007)
    .ARM.Collect$$libshutdown$$0000000A      0x0000014a   Section        0  libshutdown2.o(.ARM.Collect$$libshutdown$$0000000A)
    .ARM.Collect$$libshutdown$$0000000C      0x0000014a   Section        0  libshutdown2.o(.ARM.Collect$$libshutdown$$0000000C)
    .ARM.Collect$$libshutdown$$0000000F      0x0000014a   Section        0  libshutdown2.o(.ARM.Collect$$libshutdown$$0000000F)
    .ARM.Collect$$libshutdown$$00000010      0x0000014a   Section        2  libshutdown2.o(.ARM.Collect$$libshutdown$$00000010)
    .ARM.Collect$$rtentry$$00000000          0x0000014c   Section        0  __rtentry.o(.ARM.Collect$$rtentry$$00000000)
    .ARM.Collect$$rtentry$$00000002          0x0000014c   Section        0  __rtentry2.o(.ARM.Collect$$rtentry$$00000002)
    .ARM.Collect$$rtentry$$00000004          0x0000014c   Section        6  __rtentry4.o(.ARM.Collect$$rtentry$$00000004)
    .ARM.Collect$$rtentry$$00000009          0x00000152   Section        0  __rtentry2.o(.ARM.Collect$$rtentry$$00000009)
    .ARM.Collect$$rtentry$$0000000A          0x00000152   Section        4  __rtentry2.o(.ARM.Collect$$rtentry$$0000000A)
    .ARM.Collect$$rtentry$$0000000C          0x00000156   Section        0  __rtentry2.o(.ARM.Collect$$rtentry$$0000000C)
    .ARM.Collect$$rtentry$$0000000D          0x00000156   Section        8  __rtentry2.o(.ARM.Collect$$rtentry$$0000000D)
    .ARM.Collect$$rtexit$$00000000           0x0000015e   Section        2  rtexit.o(.ARM.Collect$$rtexit$$00000000)
    .ARM.Collect$$rtexit$$00000002           0x00000160   Section        0  rtexit2.o(.ARM.Collect$$rtexit$$00000002)
    .ARM.Collect$$rtexit$$00000003           0x00000160   Section        4  rtexit2.o(.ARM.Collect$$rtexit$$00000003)
    .ARM.Collect$$rtexit$$00000004           0x00000164   Section        6  rtexit2.o(.ARM.Collect$$rtexit$$00000004)
    .emb_text                                0x0000016c   Section       52  rand.o(.emb_text)
    .text                                    0x000001a0   Section       60  startup_lpc17xx.o(.text)
    .text                                    0x000001dc   Section        0  rand.o(.text)
    .text                                    0x00000218   Section        0  heapauxi.o(.text)
    .text                                    0x0000021e   Section       74  sys_stackheap_outer.o(.text)
    .text                                    0x00000268   Section        0  exit.o(.text)
    .text                                    0x0000027c   Section        8  libspace.o(.text)
    .text                                    0x00000284   Section        0  sys_exit.o(.text)
    .text                                    0x00000290   Section        2  use_no_semi.o(.text)
    .text                                    0x00000292   Section        0  indicate_semi.o(.text)
    Clear_Channel_active_flag                0x00000295   Thumb Code    32  gpdma_lpc17xx.o(.text.Clear_Channel_active_flag)
    [Anonymous Symbol]                       0x00000294   Section        0  gpdma_lpc17xx.o(.text.Clear_Channel_active_flag)
    [Anonymous Symbol]                       0x000002b4   Section        0  glcd_mcb1700.o(.text.GLCD_ClearScreen)
    SSP1_Control                             0x000002f1   Thumb Code     8  ssp_lpc17xx.o(.text.SSP1_Control)
    [Anonymous Symbol]                       0x000002f0   Section        0  ssp_lpc17xx.o(.text.SSP1_Control)
    SSP_GetCapabilities                      0x000002f9   Thumb Code     4  ssp_lpc17xx.o(.text.SSP_GetCapabilities)
    [Anonymous Symbol]                       0x000002f8   Section        0  ssp_lpc17xx.o(.text.SSP_GetCapabilities)
    .ARM.__at_0x02FC                         0x000002fc   Section        4  startup_lpc17xx.o(.ARM.__at_0x02FC)
    [Anonymous Symbol]                       0x00000300   Section        0  gpdma_lpc17xx.o(.text.DMA_IRQHandler)
    [Anonymous Symbol]                       0x000003fc   Section        0  glcd_mcb1700.o(.text.GLCD_DrawChar)
    [Anonymous Symbol]                       0x000004b8   Section        0  glcd_mcb1700.o(.text.GLCD_DrawHLine)
    [Anonymous Symbol]                       0x000004ec   Section        0  glcd_mcb1700.o(.text.GLCD_DrawRectangle)
    [Anonymous Symbol]                       0x00000520   Section        0  glcd_mcb1700.o(.text.GLCD_DrawString)
    [Anonymous Symbol]                       0x00000558   Section        0  glcd_mcb1700.o(.text.GLCD_DrawVLine)
    [Anonymous Symbol]                       0x0000058c   Section        0  glcd_mcb1700.o(.text.GLCD_Initialize)
    [Anonymous Symbol]                       0x00000b0c   Section        0  glcd_mcb1700.o(.text.GLCD_SetBackgroundColor)
    [Anonymous Symbol]                       0x00000b1c   Section        0  glcd_mcb1700.o(.text.GLCD_SetFont)
    [Anonymous Symbol]                       0x00000b2c   Section        0  glcd_mcb1700.o(.text.GLCD_SetForegroundColor)
    GLCD_SetWindow                           0x00000b3d   Thumb Code   158  glcd_mcb1700.o(.text.GLCD_SetWindow)
    [Anonymous Symbol]                       0x00000b3c   Section        0  glcd_mcb1700.o(.text.GLCD_SetWindow)
    [Anonymous Symbol]                       0x00000bdc   Section        0  gpio_lpc17xx.o(.text.GPIO_PinRead)
    [Anonymous Symbol]                       0x00000bf0   Section        0  gpio_lpc17xx.o(.text.GPIO_PinWrite)
    [Anonymous Symbol]                       0x00000c0c   Section        0  gpio_lpc17xx.o(.text.GPIO_PortClock)
    [Anonymous Symbol]                       0x00000c28   Section        0  gpio_lpc17xx.o(.text.GPIO_SetDir)
    GetSSPClockFreq                          0x00000c4d   Thumb Code    56  ssp_lpc17xx.o(.text.GetSSPClockFreq)
    [Anonymous Symbol]                       0x00000c4c   Section        0  ssp_lpc17xx.o(.text.GetSSPClockFreq)
    [Anonymous Symbol]                       0x00000c84   Section        0  pin_lpc17xx.o(.text.PIN_Configure)
    SSP1_GetDataCount                        0x00000cf9   Thumb Code     8  ssp_lpc17xx.o(.text.SSP1_GetDataCount)
    [Anonymous Symbol]                       0x00000cf8   Section        0  ssp_lpc17xx.o(.text.SSP1_GetDataCount)
    SSP1_GetStatus                           0x00000d01   Thumb Code     8  ssp_lpc17xx.o(.text.SSP1_GetStatus)
    [Anonymous Symbol]                       0x00000d00   Section        0  ssp_lpc17xx.o(.text.SSP1_GetStatus)
    [Anonymous Symbol]                       0x00000d08   Section        0  ssp_lpc17xx.o(.text.SSP1_IRQHandler)
    SSP1_Initialize                          0x00000d11   Thumb Code    10  ssp_lpc17xx.o(.text.SSP1_Initialize)
    [Anonymous Symbol]                       0x00000d10   Section        0  ssp_lpc17xx.o(.text.SSP1_Initialize)
    SSP1_PowerControl                        0x00000d1d   Thumb Code     8  ssp_lpc17xx.o(.text.SSP1_PowerControl)
    [Anonymous Symbol]                       0x00000d1c   Section        0  ssp_lpc17xx.o(.text.SSP1_PowerControl)
    SSP1_Receive                             0x00000d25   Thumb Code     8  ssp_lpc17xx.o(.text.SSP1_Receive)
    [Anonymous Symbol]                       0x00000d24   Section        0  ssp_lpc17xx.o(.text.SSP1_Receive)
    SSP1_Send                                0x00000d2d   Thumb Code     8  ssp_lpc17xx.o(.text.SSP1_Send)
    [Anonymous Symbol]                       0x00000d2c   Section        0  ssp_lpc17xx.o(.text.SSP1_Send)
    SSP1_Transfer                            0x00000d35   Thumb Code     8  ssp_lpc17xx.o(.text.SSP1_Transfer)
    [Anonymous Symbol]                       0x00000d34   Section        0  ssp_lpc17xx.o(.text.SSP1_Transfer)
    SSP1_Uninitialize                        0x00000d3d   Thumb Code    10  ssp_lpc17xx.o(.text.SSP1_Uninitialize)
    [Anonymous Symbol]                       0x00000d3c   Section        0  ssp_lpc17xx.o(.text.SSP1_Uninitialize)
    SSP_GetVersion                           0x00000d49   Thumb Code    10  ssp_lpc17xx.o(.text.SSP_GetVersion)
    [Anonymous Symbol]                       0x00000d48   Section        0  ssp_lpc17xx.o(.text.SSP_GetVersion)
    SSPx_Control                             0x00000d55   Thumb Code   900  ssp_lpc17xx.o(.text.SSPx_Control)
    [Anonymous Symbol]                       0x00000d54   Section        0  ssp_lpc17xx.o(.text.SSPx_Control)
    SSPx_GetDataCount                        0x000010d9   Thumb Code    28  ssp_lpc17xx.o(.text.SSPx_GetDataCount)
    [Anonymous Symbol]                       0x000010d8   Section        0  ssp_lpc17xx.o(.text.SSPx_GetDataCount)
    SSPx_GetStatus                           0x000010f5   Thumb Code    32  ssp_lpc17xx.o(.text.SSPx_GetStatus)
    [Anonymous Symbol]                       0x000010f4   Section        0  ssp_lpc17xx.o(.text.SSPx_GetStatus)
    SSPx_IRQHandler                          0x00001115   Thumb Code   206  ssp_lpc17xx.o(.text.SSPx_IRQHandler)
    [Anonymous Symbol]                       0x00001114   Section        0  ssp_lpc17xx.o(.text.SSPx_IRQHandler)
    SSPx_Initialize                          0x000011e5   Thumb Code    98  ssp_lpc17xx.o(.text.SSPx_Initialize)
    [Anonymous Symbol]                       0x000011e4   Section        0  ssp_lpc17xx.o(.text.SSPx_Initialize)
    SSPx_PowerControl                        0x00001249   Thumb Code   252  ssp_lpc17xx.o(.text.SSPx_PowerControl)
    [Anonymous Symbol]                       0x00001248   Section        0  ssp_lpc17xx.o(.text.SSPx_PowerControl)
    SSPx_Receive                             0x00001345   Thumb Code    86  ssp_lpc17xx.o(.text.SSPx_Receive)
    [Anonymous Symbol]                       0x00001344   Section        0  ssp_lpc17xx.o(.text.SSPx_Receive)
    SSPx_Send                                0x0000139d   Thumb Code    86  ssp_lpc17xx.o(.text.SSPx_Send)
    [Anonymous Symbol]                       0x0000139c   Section        0  ssp_lpc17xx.o(.text.SSPx_Send)
    SSPx_Transfer                            0x000013f5   Thumb Code   102  ssp_lpc17xx.o(.text.SSPx_Transfer)
    [Anonymous Symbol]                       0x000013f4   Section        0  ssp_lpc17xx.o(.text.SSPx_Transfer)
    SSPx_Uninitialize                        0x0000145d   Thumb Code    76  ssp_lpc17xx.o(.text.SSPx_Uninitialize)
    [Anonymous Symbol]                       0x0000145c   Section        0  ssp_lpc17xx.o(.text.SSPx_Uninitialize)
    [Anonymous Symbol]                       0x000014a8   Section        0  system_lpc17xx.o(.text.SystemInit)
    [Anonymous Symbol]                       0x00001574   Section        0  ex4.o(.text.Timer0_Init)
    __NVIC_ClearPendingIRQ                   0x000015a9   Thumb Code    16  ssp_lpc17xx.o(.text.__NVIC_ClearPendingIRQ)
    [Anonymous Symbol]                       0x000015a8   Section        0  ssp_lpc17xx.o(.text.__NVIC_ClearPendingIRQ)
    __NVIC_DisableIRQ                        0x000015b9   Thumb Code    24  ssp_lpc17xx.o(.text.__NVIC_DisableIRQ)
    [Anonymous Symbol]                       0x000015b8   Section        0  ssp_lpc17xx.o(.text.__NVIC_DisableIRQ)
    __NVIC_EnableIRQ                         0x000015d1   Thumb Code    16  ssp_lpc17xx.o(.text.__NVIC_EnableIRQ)
    [Anonymous Symbol]                       0x000015d0   Section        0  ssp_lpc17xx.o(.text.__NVIC_EnableIRQ)
    [Anonymous Symbol]                       0x000015e0   Section        0  ex4.o(.text.checkDeath)
    [Anonymous Symbol]                       0x00001620   Section        0  ex4.o(.text.checkEat)
    delay_ms                                 0x000016a1   Thumb Code    50  glcd_mcb1700.o(.text.delay_ms)
    [Anonymous Symbol]                       0x000016a0   Section        0  glcd_mcb1700.o(.text.delay_ms)
    [Anonymous Symbol]                       0x000016d4   Section        0  ex4.o(.text.delayms)
    [Anonymous Symbol]                       0x000016f0   Section        0  ex4.o(.text.main)
    [Anonymous Symbol]                       0x00001808   Section        0  ex4.o(.text.move)
    [Anonymous Symbol]                       0x0000183c   Section        0  ex4.o(.text.moveDown)
    [Anonymous Symbol]                       0x0000186c   Section        0  ex4.o(.text.moveLeft)
    [Anonymous Symbol]                       0x0000189c   Section        0  ex4.o(.text.moveRight)
    [Anonymous Symbol]                       0x000018cc   Section        0  ex4.o(.text.moveUp)
    [Anonymous Symbol]                       0x000018fc   Section        0  ex4.o(.text.printFruit)
    [Anonymous Symbol]                       0x0000197c   Section        0  ex4.o(.text.printSnakeB)
    [Anonymous Symbol]                       0x000019c4   Section        0  ex4.o(.text.printSnakeW)
    rd_dat                                   0x00001a0d   Thumb Code    58  glcd_mcb1700.o(.text.rd_dat)
    [Anonymous Symbol]                       0x00001a0c   Section        0  glcd_mcb1700.o(.text.rd_dat)
    rd_id_man                                0x00001a49   Thumb Code   172  glcd_mcb1700.o(.text.rd_id_man)
    [Anonymous Symbol]                       0x00001a48   Section        0  glcd_mcb1700.o(.text.rd_id_man)
    rd_reg                                   0x00001af5   Thumb Code    14  glcd_mcb1700.o(.text.rd_reg)
    [Anonymous Symbol]                       0x00001af4   Section        0  glcd_mcb1700.o(.text.rd_reg)
    [Anonymous Symbol]                       0x00001b04   Section        0  ex4.o(.text.rePrintFruit)
    spi_tran                                 0x00001b41   Thumb Code    46  glcd_mcb1700.o(.text.spi_tran)
    [Anonymous Symbol]                       0x00001b40   Section        0  glcd_mcb1700.o(.text.spi_tran)
    spi_tran_man                             0x00001b71   Thumb Code   110  glcd_mcb1700.o(.text.spi_tran_man)
    [Anonymous Symbol]                       0x00001b70   Section        0  glcd_mcb1700.o(.text.spi_tran_man)
    [Anonymous Symbol]                       0x00001be0   Section        0  ex4.o(.text.updateSnake)
    wr_cmd                                   0x00001c41   Thumb Code    60  glcd_mcb1700.o(.text.wr_cmd)
    [Anonymous Symbol]                       0x00001c40   Section        0  glcd_mcb1700.o(.text.wr_cmd)
    wr_dat_only                              0x00001c7d   Thumb Code    42  glcd_mcb1700.o(.text.wr_dat_only)
    [Anonymous Symbol]                       0x00001c7c   Section        0  glcd_mcb1700.o(.text.wr_dat_only)
    wr_dat_start                             0x00001ca9   Thumb Code    26  glcd_mcb1700.o(.text.wr_dat_start)
    [Anonymous Symbol]                       0x00001ca8   Section        0  glcd_mcb1700.o(.text.wr_dat_start)
    wr_dat_stop                              0x00001cc5   Thumb Code    20  glcd_mcb1700.o(.text.wr_dat_stop)
    [Anonymous Symbol]                       0x00001cc4   Section        0  glcd_mcb1700.o(.text.wr_dat_stop)
    wr_reg                                   0x00001cd9   Thumb Code   112  glcd_mcb1700.o(.text.wr_reg)
    [Anonymous Symbol]                       0x00001cd8   Section        0  glcd_mcb1700.o(.text.wr_reg)
    Font_16x24_h                             0x00001d74   Data        5376  glcd_fonts.o(.rodata.Font_16x24_h)
    [Anonymous Symbol]                       0x00001d74   Section        0  glcd_fonts.o(.rodata.Font_16x24_h)
    background_color                         0x10000004   Data           2  glcd_mcb1700.o(.data.background_color)
    [Anonymous Symbol]                       0x10000004   Section        0  glcd_mcb1700.o(.data.background_color)
    length                                   0x10000008   Data           4  ex4.o(.data.length)
    [Anonymous Symbol]                       0x10000008   Section        0  ex4.o(.data.length)
    mode                                     0x1000000c   Data           4  ex4.o(.data.mode)
    [Anonymous Symbol]                       0x1000000c   Section        0  ex4.o(.data.mode)
    x                                        0x10000024   Data         120  ex4.o(.data.x)
    [Anonymous Symbol]                       0x10000024   Section        0  ex4.o(.data.x)
    y                                        0x1000009c   Data         120  ex4.o(.data.y)
    [Anonymous Symbol]                       0x1000009c   Section        0  ex4.o(.data.y)
    .bss                                     0x10000118   Section      228  rand.o(.bss)
    .bss                                     0x100001fc   Section       96  libspace.o(.bss)
    Channel_active                           0x1000025c   Data           4  gpdma_lpc17xx.o(.bss.Channel_active)
    [Anonymous Symbol]                       0x1000025c   Section        0  gpdma_lpc17xx.o(.bss.Channel_active)
    Channel_info                             0x10000260   Data         160  gpdma_lpc17xx.o(.bss.Channel_info)
    [Anonymous Symbol]                       0x10000260   Section        0  gpdma_lpc17xx.o(.bss.Channel_info)
    Himax                                    0x10000300   Data           1  glcd_mcb1700.o(.bss.Himax)
    [Anonymous Symbol]                       0x10000300   Section        0  glcd_mcb1700.o(.bss.Himax)
    SSP1_Info                                0x10000304   Data          16  ssp_lpc17xx.o(.bss.SSP1_Info)
    [Anonymous Symbol]                       0x10000304   Section        0  ssp_lpc17xx.o(.bss.SSP1_Info)
    SSP1_Xfer                                0x10000314   Data          28  ssp_lpc17xx.o(.bss.SSP1_Xfer)
    [Anonymous Symbol]                       0x10000314   Section        0  ssp_lpc17xx.o(.bss.SSP1_Xfer)
    active_font                              0x10000330   Data           4  glcd_mcb1700.o(.bss.active_font)
    [Anonymous Symbol]                       0x10000330   Section        0  glcd_mcb1700.o(.bss.active_font)
    foreground_color                         0x10000334   Data           2  glcd_mcb1700.o(.bss.foreground_color)
    [Anonymous Symbol]                       0x10000334   Section        0  glcd_mcb1700.o(.bss.foreground_color)
    state                                    0x10000338   Data           1  ex4.o(.bss.state)
    [Anonymous Symbol]                       0x10000338   Section        0  ex4.o(.bss.state)
    xF                                       0x1000033c   Data           4  ex4.o(.bss.xF)
    [Anonymous Symbol]                       0x1000033c   Section        0  ex4.o(.bss.xF)
    yF                                       0x10000340   Data           4  ex4.o(.bss.yF)
    [Anonymous Symbol]                       0x10000340   Section        0  ex4.o(.bss.yF)
    Heap_Mem                                 0x10000348   Data           0  startup_lpc17xx.o(HEAP)
    Stack_Mem                                0x10000348   Data         512  startup_lpc17xx.o(STACK)
    HEAP                                     0x10000348   Section        0  startup_lpc17xx.o(HEAP)
    STACK                                    0x10000348   Section      512  startup_lpc17xx.o(STACK)
    __initial_sp                             0x10000548   Data           0  startup_lpc17xx.o(STACK)

    Global Symbols

    Symbol Name                              Value     Ov Type        Size  Object(Section)

    BuildAttributes$$THM_ISAv4$P$D$K$B$S$PE$A:L22UL41UL21$X:L11$S22US41US21$IEEE1$IW$~IW$USESV6$~STKCKD$USESV7$~SHL$OTIME$ROPI$EBA8$UX$STANDARDLIB$REQ8$PRES8$EABIv2 0x00000000   Number         0  anon$$obj.o ABSOLUTE
    __Vectors                                0x00000000   Data           4  startup_lpc17xx.o(RESET)
    __fp_init_empty                          0x00000000   Number         0  fpinit_empty.o ABSOLUTE
    __ARM_exceptions_init                     - Undefined Weak Reference
    __alloca_initialize                       - Undefined Weak Reference
    __arm_preinit_                            - Undefined Weak Reference
    __cpp_initialize__aeabi_                  - Undefined Weak Reference
    __cxa_finalize                            - Undefined Weak Reference
    __rt_locale                               - Undefined Weak Reference
    __sigvec_lookup                           - Undefined Weak Reference
    _atexit_init                              - Undefined Weak Reference
    _call_atexit_fns                          - Undefined Weak Reference
    _clock_init                               - Undefined Weak Reference
    _fp_trap_init                             - Undefined Weak Reference
    _fp_trap_shutdown                         - Undefined Weak Reference
    _get_lc_collate                           - Undefined Weak Reference
    _get_lc_ctype                             - Undefined Weak Reference
    _get_lc_monetary                          - Undefined Weak Reference
    _get_lc_numeric                           - Undefined Weak Reference
    _get_lc_time                              - Undefined Weak Reference
    _getenv_init                              - Undefined Weak Reference
    _handle_redirection                       - Undefined Weak Reference
    _init_alloc                               - Undefined Weak Reference
    _init_user_alloc                          - Undefined Weak Reference
    _initio                                   - Undefined Weak Reference
    _signal_finish                            - Undefined Weak Reference
    _signal_init                              - Undefined Weak Reference
    _terminate_alloc                          - Undefined Weak Reference
    _terminate_user_alloc                     - Undefined Weak Reference
    _terminateio                              - Undefined Weak Reference
    __main                                   0x000000cd   Thumb Code     8  __main.o(!!!main)
    __scatterload                            0x000000d5   Thumb Code     0  __scatter.o(!!!scatter)
    __scatterload_rt2                        0x000000d5   Thumb Code    44  __scatter.o(!!!scatter)
    __scatterload_rt2_thumb_only             0x000000d5   Thumb Code     0  __scatter.o(!!!scatter)
    __scatterload_null                       0x000000e3   Thumb Code     0  __scatter.o(!!!scatter)
    __scatterload_copy                       0x00000109   Thumb Code    26  __scatter_copy.o(!!handler_copy)
    __scatterload_zeroinit                   0x00000125   Thumb Code    28  __scatter_zi.o(!!handler_zi)
    __rt_lib_init                            0x00000141   Thumb Code     0  libinit.o(.ARM.Collect$$libinit$$00000000)
    __rt_lib_init_fp_1                       0x00000143   Thumb Code     0  libinit2.o(.ARM.Collect$$libinit$$00000002)
    __rt_lib_init_heap_1                     0x00000143   Thumb Code     0  libinit2.o(.ARM.Collect$$libinit$$0000000A)
    __rt_lib_init_preinit_1                  0x00000143   Thumb Code     0  libinit2.o(.ARM.Collect$$libinit$$00000004)
    __rt_lib_init_rand_2                     0x00000143   Thumb Code     0  libinit2.o(.ARM.Collect$$libinit$$0000000D)
    __rt_lib_init_user_alloc_1               0x00000143   Thumb Code     0  libinit2.o(.ARM.Collect$$libinit$$0000000C)
    __rt_lib_init_alloca_1                   0x00000147   Thumb Code     0  libinit2.o(.ARM.Collect$$libinit$$0000002E)
    __rt_lib_init_argv_1                     0x00000147   Thumb Code     0  libinit2.o(.ARM.Collect$$libinit$$0000002C)
    __rt_lib_init_atexit_1                   0x00000147   Thumb Code     0  libinit2.o(.ARM.Collect$$libinit$$0000001B)
    __rt_lib_init_clock_1                    0x00000147   Thumb Code     0  libinit2.o(.ARM.Collect$$libinit$$00000021)
    __rt_lib_init_cpp_1                      0x00000147   Thumb Code     0  libinit2.o(.ARM.Collect$$libinit$$00000032)
    __rt_lib_init_exceptions_1               0x00000147   Thumb Code     0  libinit2.o(.ARM.Collect$$libinit$$00000030)
    __rt_lib_init_fp_trap_1                  0x00000147   Thumb Code     0  libinit2.o(.ARM.Collect$$libinit$$0000001F)
    __rt_lib_init_getenv_1                   0x00000147   Thumb Code     0  libinit2.o(.ARM.Collect$$libinit$$00000023)
    __rt_lib_init_lc_collate_1               0x00000147   Thumb Code     0  libinit2.o(.ARM.Collect$$libinit$$00000011)
    __rt_lib_init_lc_ctype_1                 0x00000147   Thumb Code     0  libinit2.o(.ARM.Collect$$libinit$$00000013)
    __rt_lib_init_lc_monetary_1              0x00000147   Thumb Code     0  libinit2.o(.ARM.Collect$$libinit$$00000015)
    __rt_lib_init_lc_numeric_1               0x00000147   Thumb Code     0  libinit2.o(.ARM.Collect$$libinit$$00000017)
    __rt_lib_init_lc_time_1                  0x00000147   Thumb Code     0  libinit2.o(.ARM.Collect$$libinit$$00000019)
    __rt_lib_init_rand_1                     0x00000147   Thumb Code     0  libinit2.o(.ARM.Collect$$libinit$$0000000E)
    __rt_lib_init_return                     0x00000147   Thumb Code     0  libinit2.o(.ARM.Collect$$libinit$$00000033)
    __rt_lib_init_signal_1                   0x00000147   Thumb Code     0  libinit2.o(.ARM.Collect$$libinit$$0000001D)
    __rt_lib_init_stdio_1                    0x00000147   Thumb Code     0  libinit2.o(.ARM.Collect$$libinit$$00000025)
    __rt_lib_shutdown                        0x00000149   Thumb Code     0  libshutdown.o(.ARM.Collect$$libshutdown$$00000000)
    __rt_lib_shutdown_cpp_1                  0x0000014b   Thumb Code     0  libshutdown2.o(.ARM.Collect$$libshutdown$$00000002)
    __rt_lib_shutdown_fp_trap_1              0x0000014b   Thumb Code     0  libshutdown2.o(.ARM.Collect$$libshutdown$$00000007)
    __rt_lib_shutdown_heap_1                 0x0000014b   Thumb Code     0  libshutdown2.o(.ARM.Collect$$libshutdown$$0000000F)
    __rt_lib_shutdown_return                 0x0000014b   Thumb Code     0  libshutdown2.o(.ARM.Collect$$libshutdown$$00000010)
    __rt_lib_shutdown_signal_1               0x0000014b   Thumb Code     0  libshutdown2.o(.ARM.Collect$$libshutdown$$0000000A)
    __rt_lib_shutdown_stdio_1                0x0000014b   Thumb Code     0  libshutdown2.o(.ARM.Collect$$libshutdown$$00000004)
    __rt_lib_shutdown_user_alloc_1           0x0000014b   Thumb Code     0  libshutdown2.o(.ARM.Collect$$libshutdown$$0000000C)
    __rt_entry                               0x0000014d   Thumb Code     0  __rtentry.o(.ARM.Collect$$rtentry$$00000000)
    __rt_entry_presh_1                       0x0000014d   Thumb Code     0  __rtentry2.o(.ARM.Collect$$rtentry$$00000002)
    __rt_entry_sh                            0x0000014d   Thumb Code     0  __rtentry4.o(.ARM.Collect$$rtentry$$00000004)
    __rt_entry_li                            0x00000153   Thumb Code     0  __rtentry2.o(.ARM.Collect$$rtentry$$0000000A)
    __rt_entry_postsh_1                      0x00000153   Thumb Code     0  __rtentry2.o(.ARM.Collect$$rtentry$$00000009)
    __rt_entry_main                          0x00000157   Thumb Code     0  __rtentry2.o(.ARM.Collect$$rtentry$$0000000D)
    __rt_entry_postli_1                      0x00000157   Thumb Code     0  __rtentry2.o(.ARM.Collect$$rtentry$$0000000C)
    __rt_exit                                0x0000015f   Thumb Code     0  rtexit.o(.ARM.Collect$$rtexit$$00000000)
    __rt_exit_ls                             0x00000161   Thumb Code     0  rtexit2.o(.ARM.Collect$$rtexit$$00000003)
    __rt_exit_prels_1                        0x00000161   Thumb Code     0  rtexit2.o(.ARM.Collect$$rtexit$$00000002)
    __rt_exit_exit                           0x00000165   Thumb Code     0  rtexit2.o(.ARM.Collect$$rtexit$$00000004)
    rand                                     0x0000016d   Thumb Code    48  rand.o(.emb_text)
    Reset_Handler                            0x000001a1   Thumb Code     8  startup_lpc17xx.o(.text)
    NMI_Handler                              0x000001a9   Thumb Code     2  startup_lpc17xx.o(.text)
    HardFault_Handler                        0x000001ab   Thumb Code     2  startup_lpc17xx.o(.text)
    MemManage_Handler                        0x000001ad   Thumb Code     2  startup_lpc17xx.o(.text)
    BusFault_Handler                         0x000001af   Thumb Code     2  startup_lpc17xx.o(.text)
    UsageFault_Handler                       0x000001b1   Thumb Code     2  startup_lpc17xx.o(.text)
    SVC_Handler                              0x000001b3   Thumb Code     2  startup_lpc17xx.o(.text)
    DebugMon_Handler                         0x000001b5   Thumb Code     2  startup_lpc17xx.o(.text)
    PendSV_Handler                           0x000001b7   Thumb Code     2  startup_lpc17xx.o(.text)
    SysTick_Handler                          0x000001b9   Thumb Code     2  startup_lpc17xx.o(.text)
    ADC_IRQHandler                           0x000001bb   Thumb Code     0  startup_lpc17xx.o(.text)
    BOD_IRQHandler                           0x000001bb   Thumb Code     0  startup_lpc17xx.o(.text)
    CANActivity_IRQHandler                   0x000001bb   Thumb Code     0  startup_lpc17xx.o(.text)
    CAN_IRQHandler                           0x000001bb   Thumb Code     0  startup_lpc17xx.o(.text)
    EINT0_IRQHandler                         0x000001bb   Thumb Code     0  startup_lpc17xx.o(.text)
    EINT1_IRQHandler                         0x000001bb   Thumb Code     0  startup_lpc17xx.o(.text)
    EINT2_IRQHandler                         0x000001bb   Thumb Code     0  startup_lpc17xx.o(.text)
    EINT3_IRQHandler                         0x000001bb   Thumb Code     0  startup_lpc17xx.o(.text)
    ENET_IRQHandler                          0x000001bb   Thumb Code     0  startup_lpc17xx.o(.text)
    I2C0_IRQHandler                          0x000001bb   Thumb Code     0  startup_lpc17xx.o(.text)
    I2C1_IRQHandler                          0x000001bb   Thumb Code     0  startup_lpc17xx.o(.text)
    I2C2_IRQHandler                          0x000001bb   Thumb Code     0  startup_lpc17xx.o(.text)
    I2S_IRQHandler                           0x000001bb   Thumb Code     0  startup_lpc17xx.o(.text)
    MCPWM_IRQHandler                         0x000001bb   Thumb Code     0  startup_lpc17xx.o(.text)
    PLL0_IRQHandler                          0x000001bb   Thumb Code     0  startup_lpc17xx.o(.text)
    PLL1_IRQHandler                          0x000001bb   Thumb Code     0  startup_lpc17xx.o(.text)
    PWM1_IRQHandler                          0x000001bb   Thumb Code     0  startup_lpc17xx.o(.text)
    QEI_IRQHandler                           0x000001bb   Thumb Code     0  startup_lpc17xx.o(.text)
    RIT_IRQHandler                           0x000001bb   Thumb Code     0  startup_lpc17xx.o(.text)
    RTC_IRQHandler                           0x000001bb   Thumb Code     0  startup_lpc17xx.o(.text)
    SPI_IRQHandler                           0x000001bb   Thumb Code     0  startup_lpc17xx.o(.text)
    SSP0_IRQHandler                          0x000001bb   Thumb Code     0  startup_lpc17xx.o(.text)
    TIMER0_IRQHandler                        0x000001bb   Thumb Code     0  startup_lpc17xx.o(.text)
    TIMER1_IRQHandler                        0x000001bb   Thumb Code     0  startup_lpc17xx.o(.text)
    TIMER2_IRQHandler                        0x000001bb   Thumb Code     0  startup_lpc17xx.o(.text)
    TIMER3_IRQHandler                        0x000001bb   Thumb Code     0  startup_lpc17xx.o(.text)
    UART0_IRQHandler                         0x000001bb   Thumb Code     0  startup_lpc17xx.o(.text)
    UART1_IRQHandler                         0x000001bb   Thumb Code     0  startup_lpc17xx.o(.text)
    UART2_IRQHandler                         0x000001bb   Thumb Code     0  startup_lpc17xx.o(.text)
    UART3_IRQHandler                         0x000001bb   Thumb Code     0  startup_lpc17xx.o(.text)
    USBActivity_IRQHandler                   0x000001bb   Thumb Code     0  startup_lpc17xx.o(.text)
    USB_IRQHandler                           0x000001bb   Thumb Code     0  startup_lpc17xx.o(.text)
    WDT_IRQHandler                           0x000001bb   Thumb Code     0  startup_lpc17xx.o(.text)
    __user_initial_stackheap                 0x000001bd   Thumb Code     0  startup_lpc17xx.o(.text)
    srand                                    0x000001dd   Thumb Code    42  rand.o(.text)
    _rand_init                               0x00000207   Thumb Code     4  rand.o(.text)
    __use_two_region_memory                  0x00000219   Thumb Code     2  heapauxi.o(.text)
    __rt_heap_escrow$2region                 0x0000021b   Thumb Code     2  heapauxi.o(.text)
    __rt_heap_expand$2region                 0x0000021d   Thumb Code     2  heapauxi.o(.text)
    __user_setup_stackheap                   0x0000021f   Thumb Code    74  sys_stackheap_outer.o(.text)
    exit                                     0x00000269   Thumb Code    18  exit.o(.text)
    __user_libspace                          0x0000027d   Thumb Code     8  libspace.o(.text)
    __user_perproc_libspace                  0x0000027d   Thumb Code     0  libspace.o(.text)
    __user_perthread_libspace                0x0000027d   Thumb Code     0  libspace.o(.text)
    _sys_exit                                0x00000285   Thumb Code     8  sys_exit.o(.text)
    __I$use$semihosting                      0x00000291   Thumb Code     0  use_no_semi.o(.text)
    __use_no_semihosting_swi                 0x00000291   Thumb Code     2  use_no_semi.o(.text)
    __semihosting_library_function           0x00000293   Thumb Code     0  indicate_semi.o(.text)
    GLCD_ClearScreen                         0x000002b5   Thumb Code    58  glcd_mcb1700.o(.text.GLCD_ClearScreen)
    DMA_IRQHandler                           0x00000301   Thumb Code   250  gpdma_lpc17xx.o(.text.DMA_IRQHandler)
    GLCD_DrawChar                            0x000003fd   Thumb Code   188  glcd_mcb1700.o(.text.GLCD_DrawChar)
    GLCD_DrawHLine                           0x000004b9   Thumb Code    52  glcd_mcb1700.o(.text.GLCD_DrawHLine)
    GLCD_DrawRectangle                       0x000004ed   Thumb Code    52  glcd_mcb1700.o(.text.GLCD_DrawRectangle)
    GLCD_DrawString                          0x00000521   Thumb Code    54  glcd_mcb1700.o(.text.GLCD_DrawString)
    GLCD_DrawVLine                           0x00000559   Thumb Code    52  glcd_mcb1700.o(.text.GLCD_DrawVLine)
    GLCD_Initialize                          0x0000058d   Thumb Code  1408  glcd_mcb1700.o(.text.GLCD_Initialize)
    GLCD_SetBackgroundColor                  0x00000b0d   Thumb Code    16  glcd_mcb1700.o(.text.GLCD_SetBackgroundColor)
    GLCD_SetFont                             0x00000b1d   Thumb Code    16  glcd_mcb1700.o(.text.GLCD_SetFont)
    GLCD_SetForegroundColor                  0x00000b2d   Thumb Code    16  glcd_mcb1700.o(.text.GLCD_SetForegroundColor)
    GPIO_PinRead                             0x00000bdd   Thumb Code    20  gpio_lpc17xx.o(.text.GPIO_PinRead)
    GPIO_PinWrite                            0x00000bf1   Thumb Code    28  gpio_lpc17xx.o(.text.GPIO_PinWrite)
    GPIO_PortClock                           0x00000c0d   Thumb Code    26  gpio_lpc17xx.o(.text.GPIO_PortClock)
    GPIO_SetDir                              0x00000c29   Thumb Code    34  gpio_lpc17xx.o(.text.GPIO_SetDir)
    PIN_Configure                            0x00000c85   Thumb Code   116  pin_lpc17xx.o(.text.PIN_Configure)
    SSP1_IRQHandler                          0x00000d09   Thumb Code     8  ssp_lpc17xx.o(.text.SSP1_IRQHandler)
    SystemInit                               0x000014a9   Thumb Code   204  system_lpc17xx.o(.text.SystemInit)
    Timer0_Init                              0x00001575   Thumb Code    52  ex4.o(.text.Timer0_Init)
    checkDeath                               0x000015e1   Thumb Code    64  ex4.o(.text.checkDeath)
    checkEat                                 0x00001621   Thumb Code   128  ex4.o(.text.checkEat)
    delayms                                  0x000016d5   Thumb Code    28  ex4.o(.text.delayms)
    main                                     0x000016f1   Thumb Code   278  ex4.o(.text.main)
    move                                     0x00001809   Thumb Code    50  ex4.o(.text.move)
    moveDown                                 0x0000183d   Thumb Code    48  ex4.o(.text.moveDown)
    moveLeft                                 0x0000186d   Thumb Code    48  ex4.o(.text.moveLeft)
    moveRight                                0x0000189d   Thumb Code    48  ex4.o(.text.moveRight)
    moveUp                                   0x000018cd   Thumb Code    48  ex4.o(.text.moveUp)
    printFruit                               0x000018fd   Thumb Code   128  ex4.o(.text.printFruit)
    printSnakeB                              0x0000197d   Thumb Code    70  ex4.o(.text.printSnakeB)
    printSnakeW                              0x000019c5   Thumb Code    72  ex4.o(.text.printSnakeW)
    rePrintFruit                             0x00001b05   Thumb Code    58  ex4.o(.text.rePrintFruit)
    updateSnake                              0x00001be1   Thumb Code    94  ex4.o(.text.updateSnake)
    Driver_SPI1                              0x00001d48   Data          44  ssp_lpc17xx.o(.rodata.Driver_SPI1)
    GLCD_Font_16x24                          0x00003274   Data          16  glcd_fonts.o(.rodata.GLCD_Font_16x24)
    Region$$Table$$Base                      0x00003284   Number         0  anon$$obj.o(Region$$Table)
    Region$$Table$$Limit                     0x000032a4   Number         0  anon$$obj.o(Region$$Table)
    SystemCoreClock                          0x10000000   Data           4  system_lpc17xx.o(.data.SystemCoreClock)
    myString                                 0x10000010   Data          17  ex4.o(.data.myString)
    _random_number_data                      0x10000118   Data         228  rand.o(.bss)
    __libspace_start                         0x100001fc   Data          96  libspace.o(.bss)
    __temporary_stack_top$libspace           0x1000025c   Data           0  libspace.o(.bss)



==============================================================================

Memory Map of the image

  Image Entry point : 0x000001a1

  Load Region LR_1 (Base: 0x00000000, Size: 0x000033b8, Max: 0xffffffff, ABSOLUTE)

    Execution Region ER_RO (Exec base: 0x00000000, Load base: 0x00000000, Size: 0x000032a4, Max: 0xffffffff, ABSOLUTE)

    Exec Addr    Load Addr    Size         Type   Attr      Idx    E Section Name        Object

    0x00000000   0x00000000   0x000000cc   Data   RO          295    RESET               startup_lpc17xx.o
    0x000000cc   0x000000cc   0x00000008   Code   RO          328  * !!!main             c_w.l(__main.o)
    0x000000d4   0x000000d4   0x00000034   Code   RO          501    !!!scatter          c_w.l(__scatter.o)
    0x00000108   0x00000108   0x0000001a   Code   RO          503    !!handler_copy      c_w.l(__scatter_copy.o)
    0x00000122   0x00000122   0x00000002   PAD
    0x00000124   0x00000124   0x0000001c   Code   RO          505    !!handler_zi        c_w.l(__scatter_zi.o)
    0x00000140   0x00000140   0x00000002   Code   RO          418    .ARM.Collect$$libinit$$00000000  c_w.l(libinit.o)
    0x00000142   0x00000142   0x00000000   Code   RO          336    .ARM.Collect$$libinit$$00000002  c_w.l(libinit2.o)
    0x00000142   0x00000142   0x00000000   Code   RO          338    .ARM.Collect$$libinit$$00000004  c_w.l(libinit2.o)
    0x00000142   0x00000142   0x00000000   Code   RO          341    .ARM.Collect$$libinit$$0000000A  c_w.l(libinit2.o)
    0x00000142   0x00000142   0x00000000   Code   RO          343    .ARM.Collect$$libinit$$0000000C  c_w.l(libinit2.o)
    0x00000142   0x00000142   0x00000004   Code   RO          344    .ARM.Collect$$libinit$$0000000D  c_w.l(libinit2.o)
    0x00000146   0x00000146   0x00000000   Code   RO          345    .ARM.Collect$$libinit$$0000000E  c_w.l(libinit2.o)
    0x00000146   0x00000146   0x00000000   Code   RO          348    .ARM.Collect$$libinit$$00000011  c_w.l(libinit2.o)
    0x00000146   0x00000146   0x00000000   Code   RO          350    .ARM.Collect$$libinit$$00000013  c_w.l(libinit2.o)
    0x00000146   0x00000146   0x00000000   Code   RO          352    .ARM.Collect$$libinit$$00000015  c_w.l(libinit2.o)
    0x00000146   0x00000146   0x00000000   Code   RO          354    .ARM.Collect$$libinit$$00000017  c_w.l(libinit2.o)
    0x00000146   0x00000146   0x00000000   Code   RO          356    .ARM.Collect$$libinit$$00000019  c_w.l(libinit2.o)
    0x00000146   0x00000146   0x00000000   Code   RO          358    .ARM.Collect$$libinit$$0000001B  c_w.l(libinit2.o)
    0x00000146   0x00000146   0x00000000   Code   RO          360    .ARM.Collect$$libinit$$0000001D  c_w.l(libinit2.o)
    0x00000146   0x00000146   0x00000000   Code   RO          362    .ARM.Collect$$libinit$$0000001F  c_w.l(libinit2.o)
    0x00000146   0x00000146   0x00000000   Code   RO          364    .ARM.Collect$$libinit$$00000021  c_w.l(libinit2.o)
    0x00000146   0x00000146   0x00000000   Code   RO          366    .ARM.Collect$$libinit$$00000023  c_w.l(libinit2.o)
    0x00000146   0x00000146   0x00000000   Code   RO          368    .ARM.Collect$$libinit$$00000025  c_w.l(libinit2.o)
    0x00000146   0x00000146   0x00000000   Code   RO          372    .ARM.Collect$$libinit$$0000002C  c_w.l(libinit2.o)
    0x00000146   0x00000146   0x00000000   Code   RO          374    .ARM.Collect$$libinit$$0000002E  c_w.l(libinit2.o)
    0x00000146   0x00000146   0x00000000   Code   RO          376    .ARM.Collect$$libinit$$00000030  c_w.l(libinit2.o)
    0x00000146   0x00000146   0x00000000   Code   RO          378    .ARM.Collect$$libinit$$00000032  c_w.l(libinit2.o)
    0x00000146   0x00000146   0x00000002   Code   RO          379    .ARM.Collect$$libinit$$00000033  c_w.l(libinit2.o)
    0x00000148   0x00000148   0x00000002   Code   RO          468    .ARM.Collect$$libshutdown$$00000000  c_w.l(libshutdown.o)
    0x0000014a   0x0000014a   0x00000000   Code   RO          484    .ARM.Collect$$libshutdown$$00000002  c_w.l(libshutdown2.o)
    0x0000014a   0x0000014a   0x00000000   Code   RO          486    .ARM.Collect$$libshutdown$$00000004  c_w.l(libshutdown2.o)
    0x0000014a   0x0000014a   0x00000000   Code   RO          489    .ARM.Collect$$libshutdown$$00000007  c_w.l(libshutdown2.o)
    0x0000014a   0x0000014a   0x00000000   Code   RO          492    .ARM.Collect$$libshutdown$$0000000A  c_w.l(libshutdown2.o)
    0x0000014a   0x0000014a   0x00000000   Code   RO          494    .ARM.Collect$$libshutdown$$0000000C  c_w.l(libshutdown2.o)
    0x0000014a   0x0000014a   0x00000000   Code   RO          497    .ARM.Collect$$libshutdown$$0000000F  c_w.l(libshutdown2.o)
    0x0000014a   0x0000014a   0x00000002   Code   RO          498    .ARM.Collect$$libshutdown$$00000010  c_w.l(libshutdown2.o)
    0x0000014c   0x0000014c   0x00000000   Code   RO          330    .ARM.Collect$$rtentry$$00000000  c_w.l(__rtentry.o)
    0x0000014c   0x0000014c   0x00000000   Code   RO          381    .ARM.Collect$$rtentry$$00000002  c_w.l(__rtentry2.o)
    0x0000014c   0x0000014c   0x00000006   Code   RO          393    .ARM.Collect$$rtentry$$00000004  c_w.l(__rtentry4.o)
    0x00000152   0x00000152   0x00000000   Code   RO          383    .ARM.Collect$$rtentry$$00000009  c_w.l(__rtentry2.o)
    0x00000152   0x00000152   0x00000004   Code   RO          384    .ARM.Collect$$rtentry$$0000000A  c_w.l(__rtentry2.o)
    0x00000156   0x00000156   0x00000000   Code   RO          386    .ARM.Collect$$rtentry$$0000000C  c_w.l(__rtentry2.o)
    0x00000156   0x00000156   0x00000008   Code   RO          387    .ARM.Collect$$rtentry$$0000000D  c_w.l(__rtentry2.o)
    0x0000015e   0x0000015e   0x00000002   Code   RO          426    .ARM.Collect$$rtexit$$00000000  c_w.l(rtexit.o)
    0x00000160   0x00000160   0x00000000   Code   RO          448    .ARM.Collect$$rtexit$$00000002  c_w.l(rtexit2.o)
    0x00000160   0x00000160   0x00000004   Code   RO          449    .ARM.Collect$$rtexit$$00000003  c_w.l(rtexit2.o)
    0x00000164   0x00000164   0x00000006   Code   RO          450    .ARM.Collect$$rtexit$$00000004  c_w.l(rtexit2.o)
    0x0000016a   0x0000016a   0x00000002   PAD
    0x0000016c   0x0000016c   0x00000034   Code   RO          321    .emb_text           c_w.l(rand.o)
    0x000001a0   0x000001a0   0x0000003c   Code   RO          297  * .text               startup_lpc17xx.o
    0x000001dc   0x000001dc   0x0000003c   Code   RO          322    .text               c_w.l(rand.o)
    0x00000218   0x00000218   0x00000006   Code   RO          326    .text               c_w.l(heapauxi.o)
    0x0000021e   0x0000021e   0x0000004a   Code   RO          401    .text               c_w.l(sys_stackheap_outer.o)
    0x00000268   0x00000268   0x00000012   Code   RO          403    .text               c_w.l(exit.o)
    0x0000027a   0x0000027a   0x00000002   PAD
    0x0000027c   0x0000027c   0x00000008   Code   RO          423    .text               c_w.l(libspace.o)
    0x00000284   0x00000284   0x0000000c   Code   RO          440    .text               c_w.l(sys_exit.o)
    0x00000290   0x00000290   0x00000002   Code   RO          444    .text               c_w.l(use_no_semi.o)
    0x00000292   0x00000292   0x00000000   Code   RO          446    .text               c_w.l(indicate_semi.o)
    0x00000292   0x00000292   0x00000002   PAD
    0x00000294   0x00000294   0x00000020   Code   RO          237    .text.Clear_Channel_active_flag  gpdma_lpc17xx.o
    0x000002b4   0x000002b4   0x0000003a   Code   RO           74    .text.GLCD_ClearScreen  glcd_mcb1700.o
    0x000002ee   0x000002ee   0x00000002   PAD
    0x000002f0   0x000002f0   0x00000008   Code   RO          175    .text.SSP1_Control  ssp_lpc17xx.o
    0x000002f8   0x000002f8   0x00000004   Code   RO          159    .text.SSP_GetCapabilities  ssp_lpc17xx.o
    0x000002fc   0x000002fc   0x00000004   Code   RO          296    .ARM.__at_0x02FC    startup_lpc17xx.o
    0x00000300   0x00000300   0x000000fa   Code   RO          247    .text.DMA_IRQHandler  gpdma_lpc17xx.o
    0x000003fa   0x000003fa   0x00000002   PAD
    0x000003fc   0x000003fc   0x000000bc   Code   RO           98    .text.GLCD_DrawChar  glcd_mcb1700.o
    0x000004b8   0x000004b8   0x00000034   Code   RO           92    .text.GLCD_DrawHLine  glcd_mcb1700.o
    0x000004ec   0x000004ec   0x00000034   Code   RO           96    .text.GLCD_DrawRectangle  glcd_mcb1700.o
    0x00000520   0x00000520   0x00000036   Code   RO          100    .text.GLCD_DrawString  glcd_mcb1700.o
    0x00000556   0x00000556   0x00000002   PAD
    0x00000558   0x00000558   0x00000034   Code   RO           94    .text.GLCD_DrawVLine  glcd_mcb1700.o
    0x0000058c   0x0000058c   0x00000580   Code   RO           58    .text.GLCD_Initialize  glcd_mcb1700.o
    0x00000b0c   0x00000b0c   0x00000010   Code   RO           72    .text.GLCD_SetBackgroundColor  glcd_mcb1700.o
    0x00000b1c   0x00000b1c   0x00000010   Code   RO           86    .text.GLCD_SetFont  glcd_mcb1700.o
    0x00000b2c   0x00000b2c   0x00000010   Code   RO           70    .text.GLCD_SetForegroundColor  glcd_mcb1700.o
    0x00000b3c   0x00000b3c   0x0000009e   Code   RO           76    .text.GLCD_SetWindow  glcd_mcb1700.o
    0x00000bda   0x00000bda   0x00000002   PAD
    0x00000bdc   0x00000bdc   0x00000014   Code   RO          266    .text.GPIO_PinRead  gpio_lpc17xx.o
    0x00000bf0   0x00000bf0   0x0000001c   Code   RO          264    .text.GPIO_PinWrite  gpio_lpc17xx.o
    0x00000c0c   0x00000c0c   0x0000001a   Code   RO          260    .text.GPIO_PortClock  gpio_lpc17xx.o
    0x00000c26   0x00000c26   0x00000002   PAD
    0x00000c28   0x00000c28   0x00000022   Code   RO          262    .text.GPIO_SetDir   gpio_lpc17xx.o
    0x00000c4a   0x00000c4a   0x00000002   PAD
    0x00000c4c   0x00000c4c   0x00000038   Code   RO          201    .text.GetSSPClockFreq  ssp_lpc17xx.o
    0x00000c84   0x00000c84   0x00000074   Code   RO          280    .text.PIN_Configure  pin_lpc17xx.o
    0x00000cf8   0x00000cf8   0x00000008   Code   RO          173    .text.SSP1_GetDataCount  ssp_lpc17xx.o
    0x00000d00   0x00000d00   0x00000008   Code   RO          177    .text.SSP1_GetStatus  ssp_lpc17xx.o
    0x00000d08   0x00000d08   0x00000008   Code   RO          153    .text.SSP1_IRQHandler  ssp_lpc17xx.o
    0x00000d10   0x00000d10   0x0000000a   Code   RO          161    .text.SSP1_Initialize  ssp_lpc17xx.o
    0x00000d1a   0x00000d1a   0x00000002   PAD
    0x00000d1c   0x00000d1c   0x00000008   Code   RO          165    .text.SSP1_PowerControl  ssp_lpc17xx.o
    0x00000d24   0x00000d24   0x00000008   Code   RO          169    .text.SSP1_Receive  ssp_lpc17xx.o
    0x00000d2c   0x00000d2c   0x00000008   Code   RO          167    .text.SSP1_Send     ssp_lpc17xx.o
    0x00000d34   0x00000d34   0x00000008   Code   RO          171    .text.SSP1_Transfer  ssp_lpc17xx.o
    0x00000d3c   0x00000d3c   0x0000000a   Code   RO          163    .text.SSP1_Uninitialize  ssp_lpc17xx.o
    0x00000d46   0x00000d46   0x00000002   PAD
    0x00000d48   0x00000d48   0x0000000a   Code   RO          157    .text.SSP_GetVersion  ssp_lpc17xx.o
    0x00000d52   0x00000d52   0x00000002   PAD
    0x00000d54   0x00000d54   0x00000384   Code   RO          199    .text.SSPx_Control  ssp_lpc17xx.o
    0x000010d8   0x000010d8   0x0000001c   Code   RO          197    .text.SSPx_GetDataCount  ssp_lpc17xx.o
    0x000010f4   0x000010f4   0x00000020   Code   RO          203    .text.SSPx_GetStatus  ssp_lpc17xx.o
    0x00001114   0x00001114   0x000000ce   Code   RO          155    .text.SSPx_IRQHandler  ssp_lpc17xx.o
    0x000011e2   0x000011e2   0x00000002   PAD
    0x000011e4   0x000011e4   0x00000062   Code   RO          179    .text.SSPx_Initialize  ssp_lpc17xx.o
    0x00001246   0x00001246   0x00000002   PAD
    0x00001248   0x00001248   0x000000fc   Code   RO          183    .text.SSPx_PowerControl  ssp_lpc17xx.o
    0x00001344   0x00001344   0x00000056   Code   RO          193    .text.SSPx_Receive  ssp_lpc17xx.o
    0x0000139a   0x0000139a   0x00000002   PAD
    0x0000139c   0x0000139c   0x00000056   Code   RO          191    .text.SSPx_Send     ssp_lpc17xx.o
    0x000013f2   0x000013f2   0x00000002   PAD
    0x000013f4   0x000013f4   0x00000066   Code   RO          195    .text.SSPx_Transfer  ssp_lpc17xx.o
    0x0000145a   0x0000145a   0x00000002   PAD
    0x0000145c   0x0000145c   0x0000004c   Code   RO          181    .text.SSPx_Uninitialize  ssp_lpc17xx.o
    0x000014a8   0x000014a8   0x000000cc   Code   RO          308    .text.SystemInit    system_lpc17xx.o
    0x00001574   0x00001574   0x00000034   Code   RO           28    .text.Timer0_Init   ex4.o
    0x000015a8   0x000015a8   0x00000010   Code   RO          187    .text.__NVIC_ClearPendingIRQ  ssp_lpc17xx.o
    0x000015b8   0x000015b8   0x00000018   Code   RO          185    .text.__NVIC_DisableIRQ  ssp_lpc17xx.o
    0x000015d0   0x000015d0   0x00000010   Code   RO          189    .text.__NVIC_EnableIRQ  ssp_lpc17xx.o
    0x000015e0   0x000015e0   0x00000040   Code   RO           12    .text.checkDeath    ex4.o
    0x00001620   0x00001620   0x00000080   Code   RO           24    .text.checkEat      ex4.o
    0x000016a0   0x000016a0   0x00000032   Code   RO           66    .text.delay_ms      glcd_mcb1700.o
    0x000016d2   0x000016d2   0x00000002   PAD
    0x000016d4   0x000016d4   0x0000001c   Code   RO           30    .text.delayms       ex4.o
    0x000016f0   0x000016f0   0x00000116   Code   RO           26    .text.main          ex4.o
    0x00001806   0x00001806   0x00000002   PAD
    0x00001808   0x00001808   0x00000032   Code   RO           22    .text.move          ex4.o
    0x0000183a   0x0000183a   0x00000002   PAD
    0x0000183c   0x0000183c   0x00000030   Code   RO           20    .text.moveDown      ex4.o
    0x0000186c   0x0000186c   0x00000030   Code   RO           14    .text.moveLeft      ex4.o
    0x0000189c   0x0000189c   0x00000030   Code   RO           16    .text.moveRight     ex4.o
    0x000018cc   0x000018cc   0x00000030   Code   RO           18    .text.moveUp        ex4.o
    0x000018fc   0x000018fc   0x00000080   Code   RO            8    .text.printFruit    ex4.o
    0x0000197c   0x0000197c   0x00000046   Code   RO            2    .text.printSnakeB   ex4.o
    0x000019c2   0x000019c2   0x00000002   PAD
    0x000019c4   0x000019c4   0x00000048   Code   RO            6    .text.printSnakeW   ex4.o
    0x00001a0c   0x00001a0c   0x0000003a   Code   RO          114    .text.rd_dat        glcd_mcb1700.o
    0x00001a46   0x00001a46   0x00000002   PAD
    0x00001a48   0x00001a48   0x000000ac   Code   RO           60    .text.rd_id_man     glcd_mcb1700.o
    0x00001af4   0x00001af4   0x0000000e   Code   RO           62    .text.rd_reg        glcd_mcb1700.o
    0x00001b02   0x00001b02   0x00000002   PAD
    0x00001b04   0x00001b04   0x0000003a   Code   RO            4    .text.rePrintFruit  ex4.o
    0x00001b3e   0x00001b3e   0x00000002   PAD
    0x00001b40   0x00001b40   0x0000002e   Code   RO          116    .text.spi_tran      glcd_mcb1700.o
    0x00001b6e   0x00001b6e   0x00000002   PAD
    0x00001b70   0x00001b70   0x0000006e   Code   RO          112    .text.spi_tran_man  glcd_mcb1700.o
    0x00001bde   0x00001bde   0x00000002   PAD
    0x00001be0   0x00001be0   0x0000005e   Code   RO           10    .text.updateSnake   ex4.o
    0x00001c3e   0x00001c3e   0x00000002   PAD
    0x00001c40   0x00001c40   0x0000003c   Code   RO           78    .text.wr_cmd        glcd_mcb1700.o
    0x00001c7c   0x00001c7c   0x0000002a   Code   RO           82    .text.wr_dat_only   glcd_mcb1700.o
    0x00001ca6   0x00001ca6   0x00000002   PAD
    0x00001ca8   0x00001ca8   0x0000001a   Code   RO           80    .text.wr_dat_start  glcd_mcb1700.o
    0x00001cc2   0x00001cc2   0x00000002   PAD
    0x00001cc4   0x00001cc4   0x00000014   Code   RO           84    .text.wr_dat_stop   glcd_mcb1700.o
    0x00001cd8   0x00001cd8   0x00000070   Code   RO           64    .text.wr_reg        glcd_mcb1700.o
    0x00001d48   0x00001d48   0x0000002c   Data   RO          206    .rodata.Driver_SPI1  ssp_lpc17xx.o
    0x00001d74   0x00001d74   0x00001500   Data   RO           51    .rodata.Font_16x24_h  glcd_fonts.o
    0x00003274   0x00003274   0x00000010   Data   RO           52    .rodata.GLCD_Font_16x24  glcd_fonts.o
    0x00003284   0x00003284   0x00000020   Data   RO          500    Region$$Table       anon$$obj.o


    Execution Region ER_RW (Exec base: 0x10000000, Load base: 0x000032a4, Size: 0x00000114, Max: 0xffffffff, ABSOLUTE)

    Exec Addr    Load Addr    Size         Type   Attr      Idx    E Section Name        Object

    0x10000000   0x000032a4   0x00000004   Data   RW          310    .data.SystemCoreClock  system_lpc17xx.o
    0x10000004   0x000032a8   0x00000002   Data   RW          120    .data.background_color  glcd_mcb1700.o
    0x10000006   0x000032aa   0x00000002   PAD
    0x10000008   0x000032ac   0x00000004   Data   RW           33    .data.length        ex4.o
    0x1000000c   0x000032b0   0x00000004   Data   RW           37    .data.mode          ex4.o
    0x10000010   0x000032b4   0x00000011   Data   RW           32    .data.myString      ex4.o
    0x10000021   0x000032c5   0x00000003   PAD
    0x10000024   0x000032c8   0x00000078   Data   RW           38    .data.x             ex4.o
    0x1000009c   0x00003340   0x00000078   Data   RW           39    .data.y             ex4.o


    Execution Region ER_ZI (Exec base: 0x10000118, Load base: 0x000033b8, Size: 0x00000430, Max: 0xffffffff, ABSOLUTE)

    Exec Addr    Load Addr    Size         Type   Attr      Idx    E Section Name        Object

    0x10000118        -       0x000000e4   Zero   RW          323    .bss                c_w.l(rand.o)
    0x100001fc        -       0x00000060   Zero   RW          424    .bss                c_w.l(libspace.o)
    0x1000025c        -       0x00000004   Zero   RW          251    .bss.Channel_active  gpdma_lpc17xx.o
    0x10000260        -       0x000000a0   Zero   RW          250    .bss.Channel_info   gpdma_lpc17xx.o
    0x10000300        -       0x00000001   Zero   RW          118    .bss.Himax          glcd_mcb1700.o
    0x10000301   0x000033b8   0x00000003   PAD
    0x10000304        -       0x00000010   Zero   RW          211    .bss.SSP1_Info      ssp_lpc17xx.o
    0x10000314        -       0x0000001c   Zero   RW          212    .bss.SSP1_Xfer      ssp_lpc17xx.o
    0x10000330        -       0x00000004   Zero   RW          121    .bss.active_font    glcd_mcb1700.o
    0x10000334        -       0x00000002   Zero   RW          119    .bss.foreground_color  glcd_mcb1700.o
    0x10000336   0x000033b8   0x00000002   PAD
    0x10000338        -       0x00000001   Zero   RW           36    .bss.state          ex4.o
    0x10000339   0x000033b8   0x00000003   PAD
    0x1000033c        -       0x00000004   Zero   RW           34    .bss.xF             ex4.o
    0x10000340        -       0x00000004   Zero   RW           35    .bss.yF             ex4.o
    0x10000344   0x000033b8   0x00000004   PAD
    0x10000348        -       0x00000000   Zero   RW          294    HEAP                startup_lpc17xx.o
    0x10000348        -       0x00000200   Zero   RW          293    STACK               startup_lpc17xx.o


==============================================================================

Image component sizes


      Code (inc. data)   RO Data    RW Data    ZI Data      Debug   Object Name

      1214          4          0        265          9       5770   ex4.o
         0          0       5392          0          0       1103   glcd_fonts.o
      2780          0          0          2          7       9304   glcd_mcb1700.o
       282          0          0          0        164       7244   gpdma_lpc17xx.o
       108          0          0          0          0       3873   gpio_lpc17xx.o
       116          0          0          0          0       2428   pin_lpc17xx.o
      2076         42         44          0         44      12393   ssp_lpc17xx.o
        64         26        204          0        512        988   startup_lpc17xx.o
       204          0          0          4          0       2103   system_lpc17xx.o

    ----------------------------------------------------------------------
      6896         72       5672        276        748      45206   Object Totals
         0          0         32          0          0          0   (incl. Generated)
        52          0          0          5         12          0   (incl. Padding)

    ----------------------------------------------------------------------

      Code (inc. data)   RO Data    RW Data    ZI Data      Debug   Library Member Name

         8          0          0          0          0         68   __main.o
         0          0          0          0          0          0   __rtentry.o
        12          0          0          0          0          0   __rtentry2.o
         6          0          0          0          0          0   __rtentry4.o
        52          8          0          0          0          0   __scatter.o
        26          0          0          0          0          0   __scatter_copy.o
        28          0          0          0          0          0   __scatter_zi.o
        18          0          0          0          0         80   exit.o
         6          0          0          0          0        152   heapauxi.o
         0          0          0          0          0          0   indicate_semi.o
         2          0          0          0          0          0   libinit.o
         6          0          0          0          0          0   libinit2.o
         2          0          0          0          0          0   libshutdown.o
         2          0          0          0          0          0   libshutdown2.o
         8          4          0          0         96         68   libspace.o
       112         18          0          0        228        160   rand.o
         2          0          0          0          0          0   rtexit.o
        10          0          0          0          0          0   rtexit2.o
        12          4          0          0          0         68   sys_exit.o
        74          0          0          0          0         80   sys_stackheap_outer.o
         2          0          0          0          0         68   use_no_semi.o

    ----------------------------------------------------------------------
       396         34          0          0        324        744   Library Totals
         8          0          0          0          0          0   (incl. Padding)

    ----------------------------------------------------------------------

      Code (inc. data)   RO Data    RW Data    ZI Data      Debug   Library Name

       388         34          0          0        324        744   c_w.l

    ----------------------------------------------------------------------
       396         34          0          0        324        744   Library Totals

    ----------------------------------------------------------------------

==============================================================================


      Code (inc. data)   RO Data    RW Data    ZI Data      Debug   

      7292        106       5672        276       1072      45642   Grand Totals
      7292        106       5672        276       1072      45642   ELF Image Totals
      7292        106       5672        276          0          0   ROM Totals

==============================================================================

    Total RO  Size (Code + RO Data)                12964 (  12.66kB)
    Total RW  Size (RW Data + ZI Data)              1348 (   1.32kB)
    Total ROM Size (Code + RO Data + RW Data)      13240 (  12.93kB)

==============================================================================

