<html>
<body>
<pre>
<h1>µVision Build Log</h1>
<h2>Tool Versions:</h2>
IDE-Version: µVision V5.31.0.0
Copyright (C) 2020 ARM Ltd and ARM Germany GmbH. All rights reserved.
License Information: ewew ACER, ewew, LIC=----
 
Tool Versions:
Toolchain:       MDK-Lite  Version: 5.31.0.0
Toolchain Path:  C:\Keil_v5\ARM\ARMCLANG\Bin
C Compiler:      ArmClang.exe V6.14
Assembler:       Armasm.exe V6.14
Linker/Locator:  ArmLink.exe V6.14
Library Manager: ArmAr.exe V6.14
Hex Converter:   FromElf.exe V6.14
CPU DLL:         SARMCM3.DLL V5.31.0.0
Dialog DLL:      DCM.DLL V1.17.3.0
Target DLL:      UL2CM3.DLL V1.163.4.0
Dialog DLL:      TCM.DLL V1.46.0.0
 
<h2>Project:</h2>
D:\Year 3\Semester 2\EMB Lab\lab1\ex2\ex2.uvprojx
Project File Date:  03/28/2024

<h2>Output:</h2>
*** Using Compiler 'V6.14', folder: 'C:\Keil_v5\ARM\ARMCLANG\Bin'
Build target 'Target 1'
C:/Users/ACER/AppData/Local/Arm/Packs/Keil/LPC1700_DFP/2.7.2/RTE_Driver/GPIO_LPC17xx.c(26): warning: In file included from...
C:/Users/ACER/AppData/Local/Arm/Packs/Keil/LPC1700_DFP/2.7.2/RTE_Driver/GPIO_LPC17xx.h(30): warning: In file included from...
C:/Users/ACER/AppData/Local/Arm/Packs/Keil/LPC1700_DFP/2.7.2/Device/Include\LPC17xx.h(200): warning: anonymous structs are a C11 extension [-Wc11-extensions]
    struct {
    ^
C:/Users/ACER/AppData/Local/Arm/Packs/Keil/LPC1700_DFP/2.7.2/Device/Include\LPC17xx.h(204): warning: anonymous structs are a C11 extension [-Wc11-extensions]
    struct {
    ^
C:/Users/ACER/AppData/Local/Arm/Packs/Keil/LPC1700_DFP/2.7.2/Device/Include\LPC17xx.h(198): warning: anonymous unions are a C11 extension [-Wc11-extensions]
  union {
  ^
C:/Users/ACER/AppData/Local/Arm/Packs/Keil/LPC1700_DFP/2.7.2/Device/Include\LPC17xx.h(214): warning: anonymous structs are a C11 extension [-Wc11-extensions]
    struct {
    ^
C:/Users/ACER/AppData/Local/Arm/Packs/Keil/LPC1700_DFP/2.7.2/Device/Include\LPC17xx.h(218): warning: anonymous structs are a C11 extension [-Wc11-extensions]
    struct {
    ^
C:/Users/ACER/AppData/Local/Arm/Packs/Keil/LPC1700_DFP/2.7.2/Device/Include\LPC17xx.h(212): warning: anonymous unions are a C11 extension [-Wc11-extensions]
  union {
  ^
C:/Users/ACER/AppData/Local/Arm/Packs/Keil/LPC1700_DFP/2.7.2/Device/Include\LPC17xx.h(227): warning: anonymous structs are a C11 extension [-Wc11-extensions]
    struct {
    ^
C:/Users/ACER/AppData/Local/Arm/Packs/Keil/LPC1700_DFP/2.7.2/Device/Include\LPC17xx.h(231): warning: anonymous structs are a C11 extension [-Wc11-extensions]
    struct {
    ^
C:/Users/ACER/AppData/Local/Arm/Packs/Keil/LPC1700_DFP/2.7.2/Device/Include\LPC17xx.h(225): warning: anonymous unions are a C11 extension [-Wc11-extensions]
  union {
  ^
C:/Users/ACER/AppData/Local/Arm/Packs/Keil/LPC1700_DFP/2.7.2/Device/Include\LPC17xx.h(240): warning: anonymous structs are a C11 extension [-Wc11-extensions]
    struct {
    ^
C:/Users/ACER/AppData/Local/Arm/Packs/Keil/LPC1700_DFP/2.7.2/Device/Include\LPC17xx.h(244): warning: anonymous structs are a C11 extension [-Wc11-extensions]
    struct {
    ^
C:/Users/ACER/AppData/Local/Arm/Packs/Keil/LPC1700_DFP/2.7.2/Device/Include\LPC17xx.h(238): warning: anonymous unions are a C11 extension [-Wc11-extensions]
  union {
  ^
C:/Users/ACER/AppData/Local/Arm/Packs/Keil/LPC1700_DFP/2.7.2/Device/Include\LPC17xx.h(253): warning: anonymous structs are a C11 extension [-Wc11-extensions]
    struct {
    ^
C:/Users/ACER/AppData/Local/Arm/Packs/Keil/LPC1700_DFP/2.7.2/Device/Include\LPC17xx.h(257): warning: anonymous structs are a C11 extension [-Wc11-extensions]
    struct {
    ^
C:/Users/ACER/AppData/Local/Arm/Packs/Keil/LPC1700_DFP/2.7.2/Device/Include\LPC17xx.h(251): warning: anonymous unions are a C11 extension [-Wc11-extensions]
  union {
  ^
C:/Users/ACER/AppData/Local/Arm/Packs/Keil/LPC1700_DFP/2.7.2/Device/Include\LPC17xx.h(339): warning: anonymous unions are a C11 extension [-Wc11-extensions]
  union {
  ^
C:/Users/ACER/AppData/Local/Arm/Packs/Keil/LPC1700_DFP/2.7.2/Device/Include\LPC17xx.h(345): warning: anonymous unions are a C11 extension [-Wc11-extensions]
  union {
  ^
C:/Users/ACER/AppData/Local/Arm/Packs/Keil/LPC1700_DFP/2.7.2/Device/Include\LPC17xx.h(349): warning: anonymous unions are a C11 extension [-Wc11-extensions]
  union {
  ^
C:/Users/ACER/AppData/Local/Arm/Packs/Keil/LPC1700_DFP/2.7.2/Device/Include\LPC17xx.h(371): warning: anonymous unions are a C11 extension [-Wc11-extensions]
  union {
  ^
C:/Users/ACER/AppData/Local/Arm/Packs/Keil/LPC1700_DFP/2.7.2/Device/Include\LPC17xx.h(377): warning: anonymous unions are a C11 extension [-Wc11-extensions]
  union {
  ^
C:/Users/ACER/AppData/Local/Arm/Packs/Keil/LPC1700_DFP/2.7.2/Device/Include\LPC17xx.h(382): warning: anonymous unions are a C11 extension [-Wc11-extensions]
  union {
  ^
C:/Users/ACER/AppData/Local/Arm/Packs/Keil/LPC1700_DFP/2.7.2/Device/Include\LPC17xx.h(833): warning: anonymous unions are a C11 extension [-Wc11-extensions]
  union {
  ^
C:/Users/ACER/AppData/Local/Arm/Packs/Keil/LPC1700_DFP/2.7.2/Device/Include\LPC17xx.h(843): warning: anonymous unions are a C11 extension [-Wc11-extensions]
  union {
  ^
C:/Users/ACER/AppData/Local/Arm/Packs/Keil/LPC1700_DFP/2.7.2/Device/Include\LPC17xx.h(847): warning: anonymous unions are a C11 extension [-Wc11-extensions]
  union {
  ^
24 warnings generated.
compiling GPIO_LPC17xx.c...
assembling startup_LPC17xx.s...
C:/Users/ACER/AppData/Local/Arm/Packs/Keil/LPC1700_DFP/2.7.2/RTE_Driver/PIN_LPC17xx.c(26): warning: In file included from...
C:/Users/ACER/AppData/Local/Arm/Packs/Keil/LPC1700_DFP/2.7.2/Device/Include\LPC17xx.h(200): warning: anonymous structs are a C11 extension [-Wc11-extensions]
    struct {
    ^
C:/Users/ACER/AppData/Local/Arm/Packs/Keil/LPC1700_DFP/2.7.2/Device/Include\LPC17xx.h(204): warning: anonymous structs are a C11 extension [-Wc11-extensions]
    struct {
    ^
C:/Users/ACER/AppData/Local/Arm/Packs/Keil/LPC1700_DFP/2.7.2/Device/Include\LPC17xx.h(198): warning: anonymous unions are a C11 extension [-Wc11-extensions]
  union {
  ^
C:/Users/ACER/AppData/Local/Arm/Packs/Keil/LPC1700_DFP/2.7.2/Device/Include\LPC17xx.h(214): warning: anonymous structs are a C11 extension [-Wc11-extensions]
    struct {
    ^
C:/Users/ACER/AppData/Local/Arm/Packs/Keil/LPC1700_DFP/2.7.2/Device/Include\LPC17xx.h(218): warning: anonymous structs are a C11 extension [-Wc11-extensions]
    struct {
    ^
C:/Users/ACER/AppData/Local/Arm/Packs/Keil/LPC1700_DFP/2.7.2/Device/Include\LPC17xx.h(212): warning: anonymous unions are a C11 extension [-Wc11-extensions]
  union {
  ^
C:/Users/ACER/AppData/Local/Arm/Packs/Keil/LPC1700_DFP/2.7.2/Device/Include\LPC17xx.h(227): warning: anonymous structs are a C11 extension [-Wc11-extensions]
    struct {
    ^
C:/Users/ACER/AppData/Local/Arm/Packs/Keil/LPC1700_DFP/2.7.2/Device/Include\LPC17xx.h(231): warning: anonymous structs are a C11 extension [-Wc11-extensions]
    struct {
    ^
C:/Users/ACER/AppData/Local/Arm/Packs/Keil/LPC1700_DFP/2.7.2/Device/Include\LPC17xx.h(225): warning: anonymous unions are a C11 extension [-Wc11-extensions]
  union {
  ^
C:/Users/ACER/AppData/Local/Arm/Packs/Keil/LPC1700_DFP/2.7.2/Device/Include\LPC17xx.h(240): warning: anonymous structs are a C11 extension [-Wc11-extensions]
    struct {
    ^
C:/Users/ACER/AppData/Local/Arm/Packs/Keil/LPC1700_DFP/2.7.2/Device/Include\LPC17xx.h(244): warning: anonymous structs are a C11 extension [-Wc11-extensions]
    struct {
    ^
C:/Users/ACER/AppData/Local/Arm/Packs/Keil/LPC1700_DFP/2.7.2/Device/Include\LPC17xx.h(238): warning: anonymous unions are a C11 extension [-Wc11-extensions]
  union {
  ^
C:/Users/ACER/AppData/Local/Arm/Packs/Keil/LPC1700_DFP/2.7.2/Device/Include\LPC17xx.h(253): warning: anonymous structs are a C11 extension [-Wc11-extensions]
    struct {
    ^
C:/Users/ACER/AppData/Local/Arm/Packs/Keil/LPC1700_DFP/2.7.2/Device/Include\LPC17xx.h(257): warning: anonymous structs are a C11 extension [-Wc11-extensions]
    struct {
    ^
C:/Users/ACER/AppData/Local/Arm/Packs/Keil/LPC1700_DFP/2.7.2/Device/Include\LPC17xx.h(251): warning: anonymous unions are a C11 extension [-Wc11-extensions]
  union {
  ^
C:/Users/ACER/AppData/Local/Arm/Packs/Keil/LPC1700_DFP/2.7.2/Device/Include\LPC17xx.h(339): warning: anonymous unions are a C11 extension [-Wc11-extensions]
  union {
  ^
C:/Users/ACER/AppData/Local/Arm/Packs/Keil/LPC1700_DFP/2.7.2/Device/Include\LPC17xx.h(345): warning: anonymous unions are a C11 extension [-Wc11-extensions]
  union {
  ^
C:/Users/ACER/AppData/Local/Arm/Packs/Keil/LPC1700_DFP/2.7.2/Device/Include\LPC17xx.h(349): warning: anonymous unions are a C11 extension [-Wc11-extensions]
  union {
  ^
C:/Users/ACER/AppData/Local/Arm/Packs/Keil/LPC1700_DFP/2.7.2/Device/Include\LPC17xx.h(371): warning: anonymous unions are a C11 extension [-Wc11-extensions]
  union {
  ^
C:/Users/ACER/AppData/Local/Arm/Packs/Keil/LPC1700_DFP/2.7.2/Device/Include\LPC17xx.h(377): warning: anonymous unions are a C11 extension [-Wc11-extensions]
  union {
  ^
C:/Users/ACER/AppData/Local/Arm/Packs/Keil/LPC1700_DFP/2.7.2/Device/Include\LPC17xx.h(382): warning: anonymous unions are a C11 extension [-Wc11-extensions]
  union {
  ^
C:/Users/ACER/AppData/Local/Arm/Packs/Keil/LPC1700_DFP/2.7.2/Device/Include\LPC17xx.h(833): warning: anonymous unions are a C11 extension [-Wc11-extensions]
  union {
  ^
C:/Users/ACER/AppData/Local/Arm/Packs/Keil/LPC1700_DFP/2.7.2/Device/Include\LPC17xx.h(843): warning: anonymous unions are a C11 extension [-Wc11-extensions]
  union {
  ^
C:/Users/ACER/AppData/Local/Arm/Packs/Keil/LPC1700_DFP/2.7.2/Device/Include\LPC17xx.h(847): warning: anonymous unions are a C11 extension [-Wc11-extensions]
  union {
  ^
24 warnings generated.
compiling PIN_LPC17xx.c...
ex2.cpp(1): warning: non-portable path to file '<LPC17xx.h>'; specified path differs in case from file name on disk [-Wnonportable-include-path]
#include <lpc17xx.h>
         ^~~~~~~~~~~
         <LPC17xx.h>
ex2.cpp(1): warning: In file included from...
C:/Users/ACER/AppData/Local/Arm/Packs/Keil/LPC1700_DFP/2.7.2/Device/Include\lpc17xx.h(90): warning: commas at the end of enumerator lists are incompatible with C++98 [-Wc++98-compat-pedantic]
  CANActivity_IRQn              = 34,       /*!< CAN Activity Interrupt                                                   */
                                    ^~
C:/Users/ACER/AppData/Local/Arm/Packs/Keil/LPC1700_DFP/2.7.2/Device/Include\lpc17xx.h(200): warning: anonymous structs are a GNU extension [-Wgnu-anonymous-struct]
    struct {
    ^
C:/Users/ACER/AppData/Local/Arm/Packs/Keil/LPC1700_DFP/2.7.2/Device/Include\lpc17xx.h(204): warning: anonymous structs are a GNU extension [-Wgnu-anonymous-struct]
    struct {
    ^
C:/Users/ACER/AppData/Local/Arm/Packs/Keil/LPC1700_DFP/2.7.2/Device/Include\lpc17xx.h(200): warning: anonymous types declared in an anonymous union are an extension [-Wnested-anon-types]
    struct {
    ^
C:/Users/ACER/AppData/Local/Arm/Packs/Keil/LPC1700_DFP/2.7.2/Device/Include\lpc17xx.h(204): warning: anonymous types declared in an anonymous union are an extension [-Wnested-anon-types]
    struct {
    ^
C:/Users/ACER/AppData/Local/Arm/Packs/Keil/LPC1700_DFP/2.7.2/Device/Include\lpc17xx.h(214): warning: anonymous structs are a GNU extension [-Wgnu-anonymous-struct]
    struct {
    ^
C:/Users/ACER/AppData/Local/Arm/Packs/Keil/LPC1700_DFP/2.7.2/Device/Include\lpc17xx.h(218): warning: anonymous structs are a GNU extension [-Wgnu-anonymous-struct]
    struct {
    ^
C:/Users/ACER/AppData/Local/Arm/Packs/Keil/LPC1700_DFP/2.7.2/Device/Include\lpc17xx.h(214): warning: anonymous types declared in an anonymous union are an extension [-Wnested-anon-types]
    struct {
    ^
C:/Users/ACER/AppData/Local/Arm/Packs/Keil/LPC1700_DFP/2.7.2/Device/Include\lpc17xx.h(218): warning: anonymous types declared in an anonymous union are an extension [-Wnested-anon-types]
    struct {
    ^
C:/Users/ACER/AppData/Local/Arm/Packs/Keil/LPC1700_DFP/2.7.2/Device/Include\lpc17xx.h(227): warning: anonymous structs are a GNU extension [-Wgnu-anonymous-struct]
    struct {
    ^
C:/Users/ACER/AppData/Local/Arm/Packs/Keil/LPC1700_DFP/2.7.2/Device/Include\lpc17xx.h(231): warning: anonymous structs are a GNU extension [-Wgnu-anonymous-struct]
    struct {
    ^
C:/Users/ACER/AppData/Local/Arm/Packs/Keil/LPC1700_DFP/2.7.2/Device/Include\lpc17xx.h(227): warning: anonymous types declared in an anonymous union are an extension [-Wnested-anon-types]
    struct {
    ^
C:/Users/ACER/AppData/Local/Arm/Packs/Keil/LPC1700_DFP/2.7.2/Device/Include\lpc17xx.h(231): warning: anonymous types declared in an anonymous union are an extension [-Wnested-anon-types]
    struct {
    ^
C:/Users/ACER/AppData/Local/Arm/Packs/Keil/LPC1700_DFP/2.7.2/Device/Include\lpc17xx.h(240): warning: anonymous structs are a GNU extension [-Wgnu-anonymous-struct]
    struct {
    ^
C:/Users/ACER/AppData/Local/Arm/Packs/Keil/LPC1700_DFP/2.7.2/Device/Include\lpc17xx.h(244): warning: anonymous structs are a GNU extension [-Wgnu-anonymous-struct]
    struct {
    ^
C:/Users/ACER/AppData/Local/Arm/Packs/Keil/LPC1700_DFP/2.7.2/Device/Include\lpc17xx.h(240): warning: anonymous types declared in an anonymous union are an extension [-Wnested-anon-types]
    struct {
    ^
C:/Users/ACER/AppData/Local/Arm/Packs/Keil/LPC1700_DFP/2.7.2/Device/Include\lpc17xx.h(244): warning: anonymous types declared in an anonymous union are an extension [-Wnested-anon-types]
    struct {
    ^
C:/Users/ACER/AppData/Local/Arm/Packs/Keil/LPC1700_DFP/2.7.2/Device/Include\lpc17xx.h(253): warning: anonymous structs are a GNU extension [-Wgnu-anonymous-struct]
    struct {
    ^
C:/Users/ACER/AppData/Local/Arm/Packs/Keil/LPC1700_DFP/2.7.2/Device/Include\lpc17xx.h(257): warning: anonymous structs are a GNU extension [-Wgnu-anonymous-struct]
    struct {
    ^
C:/Users/ACER/AppData/Local/Arm/Packs/Keil/LPC1700_DFP/2.7.2/Device/Include\lpc17xx.h(253): warning: anonymous types declared in an anonymous union are an extension [-Wnested-anon-types]
    struct {
    ^
C:/Users/ACER/AppData/Local/Arm/Packs/Keil/LPC1700_DFP/2.7.2/Device/Include\lpc17xx.h(257): warning: anonymous types declared in an anonymous union are an extension [-Wnested-anon-types]
    struct {
    ^
ex2.cpp(6): warning: use of old-style cast [-Wold-style-cast]
        LPC_GPIO2->FIODIR |= (1<<2); //Configure P2.2 and p2.3 as output pins
        ^~~~~~~~~
C:/Users/ACER/AppData/Local/Arm/Packs/Keil/LPC1700_DFP/2.7.2/Device/Include\lpc17xx.h(999): note: expanded from macro 'LPC_GPIO2'
#define LPC_GPIO2             ((LPC_GPIO_TypeDef      *) LPC_GPIO2_BASE    )
                               ^                         ~~~~~~~~~~~~~~
ex2.cpp(8): warning: use of old-style cast [-Wold-style-cast]
        LPC_GPIO1->FIODIR &= ~(1<<26); //Configure P1.26 as input pin
        ^~~~~~~~~
C:/Users/ACER/AppData/Local/Arm/Packs/Keil/LPC1700_DFP/2.7.2/Device/Include\lpc17xx.h(998): note: expanded from macro 'LPC_GPIO1'
#define LPC_GPIO1             ((LPC_GPIO_TypeDef      *) LPC_GPIO1_BASE    )
                               ^                         ~~~~~~~~~~~~~~
ex2.cpp(8): warning: implicit conversion changes signedness: 'int' to 'unsigned int' [-Wsign-conversion]
        LPC_GPIO1->FIODIR &= ~(1<<26); //Configure P1.26 as input pin
                          ~~ ^~~~~~~~
ex2.cpp(12): warning: use of old-style cast [-Wold-style-cast]
        if((LPC_GPIO1->FIOPIN & (1<<26))==0)
            ^~~~~~~~~
C:/Users/ACER/AppData/Local/Arm/Packs/Keil/LPC1700_DFP/2.7.2/Device/Include\lpc17xx.h(998): note: expanded from macro 'LPC_GPIO1'
#define LPC_GPIO1             ((LPC_GPIO_TypeDef      *) LPC_GPIO1_BASE    )
                               ^                         ~~~~~~~~~~~~~~
ex2.cpp(14): warning: use of old-style cast [-Wold-style-cast]
                LPC_GPIO2->FIOPIN ^= (1<<2); //Turn all LED OFF
                ^~~~~~~~~
C:/Users/ACER/AppData/Local/Arm/Packs/Keil/LPC1700_DFP/2.7.2/Device/Include\lpc17xx.h(999): note: expanded from macro 'LPC_GPIO2'
#define LPC_GPIO2             ((LPC_GPIO_TypeDef      *) LPC_GPIO2_BASE    )
                               ^                         ~~~~~~~~~~~~~~
ex2.cpp(18): warning: C++98 requires newline at end of file [-Wc++98-compat-pedantic]
}
 ^
28 warnings generated.
compiling ex2.cpp...
RTE/Device/LPC1768/system_LPC17xx.c(36): warning: In file included from...
C:/Users/ACER/AppData/Local/Arm/Packs/Keil/LPC1700_DFP/2.7.2/Device/Include\LPC17xx.h(200): warning: anonymous structs are a C11 extension [-Wc11-extensions]
    struct {
    ^
C:/Users/ACER/AppData/Local/Arm/Packs/Keil/LPC1700_DFP/2.7.2/Device/Include\LPC17xx.h(204): warning: anonymous structs are a C11 extension [-Wc11-extensions]
    struct {
    ^
C:/Users/ACER/AppData/Local/Arm/Packs/Keil/LPC1700_DFP/2.7.2/Device/Include\LPC17xx.h(198): warning: anonymous unions are a C11 extension [-Wc11-extensions]
  union {
  ^
C:/Users/ACER/AppData/Local/Arm/Packs/Keil/LPC1700_DFP/2.7.2/Device/Include\LPC17xx.h(214): warning: anonymous structs are a C11 extension [-Wc11-extensions]
    struct {
    ^
C:/Users/ACER/AppData/Local/Arm/Packs/Keil/LPC1700_DFP/2.7.2/Device/Include\LPC17xx.h(218): warning: anonymous structs are a C11 extension [-Wc11-extensions]
    struct {
    ^
C:/Users/ACER/AppData/Local/Arm/Packs/Keil/LPC1700_DFP/2.7.2/Device/Include\LPC17xx.h(212): warning: anonymous unions are a C11 extension [-Wc11-extensions]
  union {
  ^
C:/Users/ACER/AppData/Local/Arm/Packs/Keil/LPC1700_DFP/2.7.2/Device/Include\LPC17xx.h(227): warning: anonymous structs are a C11 extension [-Wc11-extensions]
    struct {
    ^
C:/Users/ACER/AppData/Local/Arm/Packs/Keil/LPC1700_DFP/2.7.2/Device/Include\LPC17xx.h(231): warning: anonymous structs are a C11 extension [-Wc11-extensions]
    struct {
    ^
C:/Users/ACER/AppData/Local/Arm/Packs/Keil/LPC1700_DFP/2.7.2/Device/Include\LPC17xx.h(225): warning: anonymous unions are a C11 extension [-Wc11-extensions]
  union {
  ^
C:/Users/ACER/AppData/Local/Arm/Packs/Keil/LPC1700_DFP/2.7.2/Device/Include\LPC17xx.h(240): warning: anonymous structs are a C11 extension [-Wc11-extensions]
    struct {
    ^
C:/Users/ACER/AppData/Local/Arm/Packs/Keil/LPC1700_DFP/2.7.2/Device/Include\LPC17xx.h(244): warning: anonymous structs are a C11 extension [-Wc11-extensions]
    struct {
    ^
C:/Users/ACER/AppData/Local/Arm/Packs/Keil/LPC1700_DFP/2.7.2/Device/Include\LPC17xx.h(238): warning: anonymous unions are a C11 extension [-Wc11-extensions]
  union {
  ^
C:/Users/ACER/AppData/Local/Arm/Packs/Keil/LPC1700_DFP/2.7.2/Device/Include\LPC17xx.h(253): warning: anonymous structs are a C11 extension [-Wc11-extensions]
    struct {
    ^
C:/Users/ACER/AppData/Local/Arm/Packs/Keil/LPC1700_DFP/2.7.2/Device/Include\LPC17xx.h(257): warning: anonymous structs are a C11 extension [-Wc11-extensions]
    struct {
    ^
C:/Users/ACER/AppData/Local/Arm/Packs/Keil/LPC1700_DFP/2.7.2/Device/Include\LPC17xx.h(251): warning: anonymous unions are a C11 extension [-Wc11-extensions]
  union {
  ^
C:/Users/ACER/AppData/Local/Arm/Packs/Keil/LPC1700_DFP/2.7.2/Device/Include\LPC17xx.h(339): warning: anonymous unions are a C11 extension [-Wc11-extensions]
  union {
  ^
C:/Users/ACER/AppData/Local/Arm/Packs/Keil/LPC1700_DFP/2.7.2/Device/Include\LPC17xx.h(345): warning: anonymous unions are a C11 extension [-Wc11-extensions]
  union {
  ^
C:/Users/ACER/AppData/Local/Arm/Packs/Keil/LPC1700_DFP/2.7.2/Device/Include\LPC17xx.h(349): warning: anonymous unions are a C11 extension [-Wc11-extensions]
  union {
  ^
C:/Users/ACER/AppData/Local/Arm/Packs/Keil/LPC1700_DFP/2.7.2/Device/Include\LPC17xx.h(371): warning: anonymous unions are a C11 extension [-Wc11-extensions]
  union {
  ^
C:/Users/ACER/AppData/Local/Arm/Packs/Keil/LPC1700_DFP/2.7.2/Device/Include\LPC17xx.h(377): warning: anonymous unions are a C11 extension [-Wc11-extensions]
  union {
  ^
C:/Users/ACER/AppData/Local/Arm/Packs/Keil/LPC1700_DFP/2.7.2/Device/Include\LPC17xx.h(382): warning: anonymous unions are a C11 extension [-Wc11-extensions]
  union {
  ^
C:/Users/ACER/AppData/Local/Arm/Packs/Keil/LPC1700_DFP/2.7.2/Device/Include\LPC17xx.h(833): warning: anonymous unions are a C11 extension [-Wc11-extensions]
  union {
  ^
C:/Users/ACER/AppData/Local/Arm/Packs/Keil/LPC1700_DFP/2.7.2/Device/Include\LPC17xx.h(843): warning: anonymous unions are a C11 extension [-Wc11-extensions]
  union {
  ^
C:/Users/ACER/AppData/Local/Arm/Packs/Keil/LPC1700_DFP/2.7.2/Device/Include\LPC17xx.h(847): warning: anonymous unions are a C11 extension [-Wc11-extensions]
  union {
  ^
24 warnings generated.
compiling system_LPC17xx.c...
linking...
Program Size: Code=564 RO-data=220 RW-data=0 ZI-data=608  
".\Objects\ex2.axf" - 0 Error(s), 100 Warning(s).

<h2>Software Packages used:</h2>

Package Vendor: ARM
                https://www.keil.com/pack/ARM.CMSIS.6.0.0.pack
                ARM.CMSIS.6.0.0
                CMSIS (Common Microcontroller Software Interface Standard)
   * Component: CORE Version: 6.0.0

Package Vendor: Keil
                https://www.keil.com/pack/Keil.LPC1700_DFP.2.7.2.pack
                Keil.LPC1700_DFP.2.7.2
                NXP LPC1700 Series Device Support, Drivers and Examples for MCB1700 and LPC1788-32
   * Component: GPIO Version: 1.1.0
   * Component: PIN Version: 1.0.0
   * Component: Startup Version: 1.0.0

<h2>Collection of Component include folders:</h2>
  .\RTE\Device\LPC1768
  .\RTE\_Target_1
  C:\Users\ACER\AppData\Local\Arm\Packs\ARM\CMSIS\6.0.0\CMSIS\Core\Include
  C:\Users\ACER\AppData\Local\Arm\Packs\Keil\LPC1700_DFP\2.7.2\Device\Include
  C:\Users\ACER\AppData\Local\Arm\Packs\Keil\LPC1700_DFP\2.7.2\RTE_Driver

<h2>Collection of Component Files used:</h2>

   * Component: ARM::CMSIS:CORE:6.0.0

   * Component: Keil::Device:GPIO:1.1.0
      Include file:  RTE_Driver\GPIO_LPC17xx.h
      Source file:   RTE_Driver\GPIO_LPC17xx.c

   * Component: Keil::Device:PIN:1.0.0
      Include file:  RTE_Driver\PIN_LPC17xx.h
      Source file:   RTE_Driver\PIN_LPC17xx.c

   * Component: Keil::Device:Startup:1.0.0
      Include file:  Device\Include\LPC17xx.h
      Source file:   Device\Source\ARM\startup_LPC17xx.s
      Source file:   Device\Source\system_LPC17xx.c
      Include file:  RTE_Driver\Config\RTE_Device.h
Build Time Elapsed:  00:00:00
</pre>
</body>
</html>
